
> astraguard-dashboard@0.1.0 build
> next build

   Γû▓ Next.js 16.0.10 (Turbopack)

   Creating an optimized production build ...
node.exe : (node:33800) 
[MODULE_TYPELESS_PACKAGE_JSON] Warning: Module type 
of file:///D:/Elite_Coders/AstraGuard-AI/frontend/miss
ion-components/postcss.config.js is not specified and 
it doesn't parse as CommonJS.
At line:1 char:1
+ & "D:\programming/node.exe" "C:\Users\PURVANSH 
JOSHI\AppData\Roaming\ ...
+ ~~~~~~~~~~~~~~~~~~~~~~~~~~~~~~~~~~~~~~~~~~~~~~~~~~~~
~~~~~~~~~~~~~~~~~
    + CategoryInfo          : NotSpecified: ((node:33 
   800) [M...se as CommonJS.:String) [], RemoteExcep  
  tion
    + FullyQualifiedErrorId : NativeCommandError
 
Reparsing as ES module because module syntax was 
detected. This incurs a performance overhead.
To eliminate this warning, add "type": "module" to D:\
Elite_Coders\AstraGuard-AI\frontend\mission-components
\package.json.
(Use `node --trace-warnings ...` to show where the 
warning was created)
(node:30840) [MODULE_TYPELESS_PACKAGE_JSON] Warning: 
Module type of file:///D:/Elite_Coders/AstraGuard-AI/f
rontend/mission-components/postcss.config.js is not 
specified and it doesn't parse as CommonJS.
Reparsing as ES module because module syntax was 
detected. This incurs a performance overhead.
To eliminate this warning, add "type": "module" to D:\
Elite_Coders\AstraGuard-AI\frontend\mission-components
\package.json.
(Use `node --trace-warnings ...` to show where the 
warning was created)
(node:32804) [MODULE_TYPELESS_PACKAGE_JSON] Warning: 
Module type of file:///D:/Elite_Coders/AstraGuard-AI/f
rontend/mission-components/postcss.config.js is not 
specified and it doesn't parse as CommonJS.
Reparsing as ES module because module syntax was 
detected. This incurs a performance overhead.
To eliminate this warning, add "type": "module" to D:\
Elite_Coders\AstraGuard-AI\frontend\mission-components
\package.json.
(Use `node --trace-warnings ...` to show where the 
warning was created)
(node:32984) [MODULE_TYPELESS_PACKAGE_JSON] Warning: 
Module type of file:///D:/Elite_Coders/AstraGuard-AI/f
rontend/mission-components/postcss.config.js is not 
specified and it doesn't parse as CommonJS.
Reparsing as ES module because module syntax was 
detected. This incurs a performance overhead.
To eliminate this warning, add "type": "module" to D:\
Elite_Coders\AstraGuard-AI\frontend\mission-components
\package.json.
(Use `node --trace-warnings ...` to show where the 
warning was created)
(node:15320) [MODULE_TYPELESS_PACKAGE_JSON] Warning: 
Module type of file:///D:/Elite_Coders/AstraGuard-AI/f
rontend/mission-components/postcss.config.js is not 
specified and it doesn't parse as CommonJS.
Reparsing as ES module because module syntax was 
detected. This incurs a performance overhead.
To eliminate this warning, add "type": "module" to D:\
Elite_Coders\AstraGuard-AI\frontend\mission-components
\package.json.
(Use `node --trace-warnings ...` to show where the 
warning was created)
(node:10652) [MODULE_TYPELESS_PACKAGE_JSON] Warning: 
Module type of file:///D:/Elite_Coders/AstraGuard-AI/f
rontend/mission-components/postcss.config.js is not 
specified and it doesn't parse as CommonJS.
Reparsing as ES module because module syntax was 
detected. This incurs a performance overhead.
To eliminate this warning, add "type": "module" to D:\
Elite_Coders\AstraGuard-AI\frontend\mission-components
\package.json.
(Use `node --trace-warnings ...` to show where the 
warning was created)
(node:29532) [MODULE_TYPELESS_PACKAGE_JSON] Warning: 
Module type of file:///D:/Elite_Coders/AstraGuard-AI/f
rontend/mission-components/postcss.config.js is not 
specified and it doesn't parse as CommonJS.
Reparsing as ES module because module syntax was 
detected. This incurs a performance overhead.
To eliminate this warning, add "type": "module" to D:\
Elite_Coders\AstraGuard-AI\frontend\mission-components
\package.json.
(Use `node --trace-warnings ...` to show where the 
warning was created)
(node:33968) [MODULE_TYPELESS_PACKAGE_JSON] Warning: 
Module type of file:///D:/Elite_Coders/AstraGuard-AI/f
rontend/mission-components/postcss.config.js is not 
specified and it doesn't parse as CommonJS.
Reparsing as ES module because module syntax was 
detected. This incurs a performance overhead.
To eliminate this warning, add "type": "module" to D:\
Elite_Coders\AstraGuard-AI\frontend\mission-components
\package.json.
(Use `node --trace-warnings ...` to show where the 
warning was created)

> Build error occurred
Error: Turbopack build failed with 79 errors:
./app/globals.css
Error evaluating Node.js code
Error: Cannot find module 'tailwindcss-animate'
Require stack:
- D:\Elite_Coders\AstraGuard-AI\frontend\mission-compo
nents\tailwind.config.js
    [at Module._resolveFilename 
(node:internal/modules/cjs/loader:1421:15)]
    [at require.resolve 
(node:internal/modules/helpers:163:19)]
    [at _resolve (D:\Elite_Coders\AstraGuard-AI\fronte
nd\mission-components\node_modules\jiti\dist\jiti.js:1
:246378)]
    [at jiti (D:\Elite_Coders\AstraGuard-AI\frontend\m
ission-components\node_modules\jiti\dist\jiti.js:1:249
092)]
    [at D:\Elite_Coders\AstraGuard-AI\frontend\mission
-components\tailwind.config.js:107:13]
    [at evalModule (D:\Elite_Coders\AstraGuard-AI\fron
tend\mission-components\node_modules\jiti\dist\jiti.js
:1:251913)]
    [at jiti (D:\Elite_Coders\AstraGuard-AI\frontend\m
ission-components\node_modules\jiti\dist\jiti.js:1:249
841)]
    [at D:\Elite_Coders\AstraGuard-AI\frontend\mission
-components\node_modules\tailwindcss\lib\lib\load-conf
ig.js:53:30]
    [at loadConfig (D:\Elite_Coders\AstraGuard-AI\fron
tend\mission-components\node_modules\tailwindcss\lib\l
ib\load-config.js:55:6)]
    [at getTailwindConfig (D:\Elite_Coders\AstraGuard-
AI\frontend\mission-components\node_modules\tailwindcs
s\lib\lib\setupTrackingContext.js:74:116)]

Import trace:
  Client Component Browser:
    ./app/globals.css [Client Component Browser]
    ./app/layout.tsx [Server Component]


./components/experience/scenes/Room/Device/Monitor.mod
ule.css
Error evaluating Node.js code
Error: Cannot find module 'tailwindcss-animate'
Require stack:
- D:\Elite_Coders\AstraGuard-AI\frontend\mission-compo
nents\tailwind.config.js
    [at Module._resolveFilename 
(node:internal/modules/cjs/loader:1421:15)]
    [at require.resolve 
(node:internal/modules/helpers:163:19)]
    [at _resolve (D:\Elite_Coders\AstraGuard-AI\fronte
nd\mission-components\node_modules\jiti\dist\jiti.js:1
:246378)]
    [at jiti (D:\Elite_Coders\AstraGuard-AI\frontend\m
ission-components\node_modules\jiti\dist\jiti.js:1:249
092)]
    [at D:\Elite_Coders\AstraGuard-AI\frontend\mission
-components\tailwind.config.js:107:13]
    [at evalModule (D:\Elite_Coders\AstraGuard-AI\fron
tend\mission-components\node_modules\jiti\dist\jiti.js
:1:251913)]
    [at jiti (D:\Elite_Coders\AstraGuard-AI\frontend\m
ission-components\node_modules\jiti\dist\jiti.js:1:249
841)]
    [at D:\Elite_Coders\AstraGuard-AI\frontend\mission
-components\node_modules\tailwindcss\lib\lib\load-conf
ig.js:53:30]
    [at loadConfig (D:\Elite_Coders\AstraGuard-AI\fron
tend\mission-components\node_modules\tailwindcss\lib\l
ib\load-config.js:55:6)]
    [at getTailwindConfig (D:\Elite_Coders\AstraGuard-
AI\frontend\mission-components\node_modules\tailwindcs
s\lib\lib\setupTrackingContext.js:74:116)]

Import traces:
  Client Component Browser:
    ./components/experience/scenes/Room/Device/Monitor
.module.css [Client Component Browser]
    ./components/experience/scenes/Room/Device/Monitor
.tsx [Client Component Browser]
    ./components/experience/scenes/Room/Room.tsx 
[Client Component Browser]
    ./components/experience/scenes/Room/RoomScene.tsx 
[Client Component Browser]
    ./components/experience/ExperienceRoot.tsx 
[Client Component Browser]
    ./components/experience/ExperienceRoot.tsx 
[Server Component]
    ./app/experience/page.tsx [Server Component]

  Client Component SSR:
    ./components/experience/scenes/Room/Device/Monitor
.module.css [Client Component SSR]
    ./components/experience/scenes/Room/Device/Monitor
.tsx [Client Component SSR]
    ./components/experience/scenes/Room/Room.tsx 
[Client Component SSR]
    ./components/experience/scenes/Room/RoomScene.tsx 
[Client Component SSR]
    ./components/experience/ExperienceRoot.tsx 
[Client Component SSR]
    ./components/experience/ExperienceRoot.tsx 
[Server Component]
    ./app/experience/page.tsx [Server Component]


./components/experience/scenes/Room/Device/Phone.modul
e.css
Error evaluating Node.js code
Error: Cannot find module 'tailwindcss-animate'
Require stack:
- D:\Elite_Coders\AstraGuard-AI\frontend\mission-compo
nents\tailwind.config.js
    [at Module._resolveFilename 
(node:internal/modules/cjs/loader:1421:15)]
    [at require.resolve 
(node:internal/modules/helpers:163:19)]
    [at _resolve (D:\Elite_Coders\AstraGuard-AI\fronte
nd\mission-components\node_modules\jiti\dist\jiti.js:1
:246378)]
    [at jiti (D:\Elite_Coders\AstraGuard-AI\frontend\m
ission-components\node_modules\jiti\dist\jiti.js:1:249
092)]
    [at D:\Elite_Coders\AstraGuard-AI\frontend\mission
-components\tailwind.config.js:107:13]
    [at evalModule (D:\Elite_Coders\AstraGuard-AI\fron
tend\mission-components\node_modules\jiti\dist\jiti.js
:1:251913)]
    [at jiti (D:\Elite_Coders\AstraGuard-AI\frontend\m
ission-components\node_modules\jiti\dist\jiti.js:1:249
841)]
    [at D:\Elite_Coders\AstraGuard-AI\frontend\mission
-components\node_modules\tailwindcss\lib\lib\load-conf
ig.js:53:30]
    [at loadConfig (D:\Elite_Coders\AstraGuard-AI\fron
tend\mission-components\node_modules\tailwindcss\lib\l
ib\load-config.js:55:6)]
    [at getTailwindConfig (D:\Elite_Coders\AstraGuard-
AI\frontend\mission-components\node_modules\tailwindcs
s\lib\lib\setupTrackingContext.js:74:116)]

Import traces:
  Client Component Browser:
    ./components/experience/scenes/Room/Device/Phone.m
odule.css [Client Component Browser]
    
./components/experience/scenes/Room/Device/Phone.tsx 
[Client Component Browser]
    ./components/experience/scenes/Room/Room.tsx 
[Client Component Browser]
    ./components/experience/scenes/Room/RoomScene.tsx 
[Client Component Browser]
    ./components/experience/ExperienceRoot.tsx 
[Client Component Browser]
    ./components/experience/ExperienceRoot.tsx 
[Server Component]
    ./app/experience/page.tsx [Server Component]

  Client Component SSR:
    ./components/experience/scenes/Room/Device/Phone.m
odule.css [Client Component SSR]
    
./components/experience/scenes/Room/Device/Phone.tsx 
[Client Component SSR]
    ./components/experience/scenes/Room/Room.tsx 
[Client Component SSR]
    ./components/experience/scenes/Room/RoomScene.tsx 
[Client Component SSR]
    ./components/experience/ExperienceRoot.tsx 
[Client Component SSR]
    ./components/experience/ExperienceRoot.tsx 
[Server Component]
    ./app/experience/page.tsx [Server Component]


./components/experience/ui/ErrorBoundary.module.css
Error evaluating Node.js code
Error: Cannot find module 'tailwindcss-animate'
Require stack:
- D:\Elite_Coders\AstraGuard-AI\frontend\mission-compo
nents\tailwind.config.js
    [at Module._resolveFilename 
(node:internal/modules/cjs/loader:1421:15)]
    [at require.resolve 
(node:internal/modules/helpers:163:19)]
    [at _resolve (D:\Elite_Coders\AstraGuard-AI\fronte
nd\mission-components\node_modules\jiti\dist\jiti.js:1
:246378)]
    [at jiti (D:\Elite_Coders\AstraGuard-AI\frontend\m
ission-components\node_modules\jiti\dist\jiti.js:1:249
092)]
    [at D:\Elite_Coders\AstraGuard-AI\frontend\mission
-components\tailwind.config.js:107:13]
    [at evalModule (D:\Elite_Coders\AstraGuard-AI\fron
tend\mission-components\node_modules\jiti\dist\jiti.js
:1:251913)]
    [at jiti (D:\Elite_Coders\AstraGuard-AI\frontend\m
ission-components\node_modules\jiti\dist\jiti.js:1:249
841)]
    [at D:\Elite_Coders\AstraGuard-AI\frontend\mission
-components\node_modules\tailwindcss\lib\lib\load-conf
ig.js:53:30]
    [at loadConfig (D:\Elite_Coders\AstraGuard-AI\fron
tend\mission-components\node_modules\tailwindcss\lib\l
ib\load-config.js:55:6)]
    [at getTailwindConfig (D:\Elite_Coders\AstraGuard-
AI\frontend\mission-components\node_modules\tailwindcs
s\lib\lib\setupTrackingContext.js:74:116)]

Import traces:
  Client Component Browser:
    
./components/experience/ui/ErrorBoundary.module.css 
[Client Component Browser]
    ./components/experience/ui/ErrorBoundary.tsx 
[Client Component Browser]
    ./components/experience/ExperienceRoot.tsx 
[Client Component Browser]
    ./components/experience/ExperienceRoot.tsx 
[Server Component]
    ./app/experience/page.tsx [Server Component]

  Client Component SSR:
    
./components/experience/ui/ErrorBoundary.module.css 
[Client Component SSR]
    ./components/experience/ui/ErrorBoundary.tsx 
[Client Component SSR]
    ./components/experience/ExperienceRoot.tsx 
[Client Component SSR]
    ./components/experience/ExperienceRoot.tsx 
[Server Component]
    ./app/experience/page.tsx [Server Component]


./components/experience/ui/GithubLink.module.css
Error evaluating Node.js code
Error: Cannot find module 'tailwindcss-animate'
Require stack:
- D:\Elite_Coders\AstraGuard-AI\frontend\mission-compo
nents\tailwind.config.js
    [at Module._resolveFilename 
(node:internal/modules/cjs/loader:1421:15)]
    [at require.resolve 
(node:internal/modules/helpers:163:19)]
    [at _resolve (D:\Elite_Coders\AstraGuard-AI\fronte
nd\mission-components\node_modules\jiti\dist\jiti.js:1
:246378)]
    [at jiti (D:\Elite_Coders\AstraGuard-AI\frontend\m
ission-components\node_modules\jiti\dist\jiti.js:1:249
092)]
    [at D:\Elite_Coders\AstraGuard-AI\frontend\mission
-components\tailwind.config.js:107:13]
    [at evalModule (D:\Elite_Coders\AstraGuard-AI\fron
tend\mission-components\node_modules\jiti\dist\jiti.js
:1:251913)]
    [at jiti (D:\Elite_Coders\AstraGuard-AI\frontend\m
ission-components\node_modules\jiti\dist\jiti.js:1:249
841)]
    [at D:\Elite_Coders\AstraGuard-AI\frontend\mission
-components\node_modules\tailwindcss\lib\lib\load-conf
ig.js:53:30]
    [at loadConfig (D:\Elite_Coders\AstraGuard-AI\fron
tend\mission-components\node_modules\tailwindcss\lib\l
ib\load-config.js:55:6)]
    [at getTailwindConfig (D:\Elite_Coders\AstraGuard-
AI\frontend\mission-components\node_modules\tailwindcs
s\lib\lib\setupTrackingContext.js:74:116)]

Import traces:
  Client Component Browser:
    ./components/experience/ui/GithubLink.module.css 
[Client Component Browser]
    ./components/experience/ui/GithubLink.tsx [Client 
Component Browser]
    ./components/experience/ExperienceRoot.tsx 
[Client Component Browser]
    ./components/experience/ExperienceRoot.tsx 
[Server Component]
    ./app/experience/page.tsx [Server Component]

  Client Component SSR:
    ./components/experience/ui/GithubLink.module.css 
[Client Component SSR]
    ./components/experience/ui/GithubLink.tsx [Client 
Component SSR]
    ./components/experience/ExperienceRoot.tsx 
[Client Component SSR]
    ./components/experience/ExperienceRoot.tsx 
[Server Component]
    ./app/experience/page.tsx [Server Component]


./components/experience/ui/NavigationHint.module.css
Error evaluating Node.js code
Error: Cannot find module 'tailwindcss-animate'
Require stack:
- D:\Elite_Coders\AstraGuard-AI\frontend\mission-compo
nents\tailwind.config.js
    [at Module._resolveFilename 
(node:internal/modules/cjs/loader:1421:15)]
    [at require.resolve 
(node:internal/modules/helpers:163:19)]
    [at _resolve (D:\Elite_Coders\AstraGuard-AI\fronte
nd\mission-components\node_modules\jiti\dist\jiti.js:1
:246378)]
    [at jiti (D:\Elite_Coders\AstraGuard-AI\frontend\m
ission-components\node_modules\jiti\dist\jiti.js:1:249
092)]
    [at D:\Elite_Coders\AstraGuard-AI\frontend\mission
-components\tailwind.config.js:107:13]
    [at evalModule (D:\Elite_Coders\AstraGuard-AI\fron
tend\mission-components\node_modules\jiti\dist\jiti.js
:1:251913)]
    [at jiti (D:\Elite_Coders\AstraGuard-AI\frontend\m
ission-components\node_modules\jiti\dist\jiti.js:1:249
841)]
    [at D:\Elite_Coders\AstraGuard-AI\frontend\mission
-components\node_modules\tailwindcss\lib\lib\load-conf
ig.js:53:30]
    [at loadConfig (D:\Elite_Coders\AstraGuard-AI\fron
tend\mission-components\node_modules\tailwindcss\lib\l
ib\load-config.js:55:6)]
    [at getTailwindConfig (D:\Elite_Coders\AstraGuard-
AI\frontend\mission-components\node_modules\tailwindcs
s\lib\lib\setupTrackingContext.js:74:116)]

Import traces:
  Client Component Browser:
    
./components/experience/ui/NavigationHint.module.css 
[Client Component Browser]
    ./components/experience/ui/NavigationHint.tsx 
[Client Component Browser]
    ./components/experience/ExperienceRoot.tsx 
[Client Component Browser]
    ./components/experience/ExperienceRoot.tsx 
[Server Component]
    ./app/experience/page.tsx [Server Component]

  Client Component SSR:
    
./components/experience/ui/NavigationHint.module.css 
[Client Component SSR]
    ./components/experience/ui/NavigationHint.tsx 
[Client Component SSR]
    ./components/experience/ExperienceRoot.tsx 
[Client Component SSR]
    ./components/experience/ExperienceRoot.tsx 
[Server Component]
    ./app/experience/page.tsx [Server Component]


./components/experience/ui/WebGLWarning.module.css
Error evaluating Node.js code
Error: Cannot find module 'tailwindcss-animate'
Require stack:
- D:\Elite_Coders\AstraGuard-AI\frontend\mission-compo
nents\tailwind.config.js
    [at Module._resolveFilename 
(node:internal/modules/cjs/loader:1421:15)]
    [at require.resolve 
(node:internal/modules/helpers:163:19)]
    [at _resolve (D:\Elite_Coders\AstraGuard-AI\fronte
nd\mission-components\node_modules\jiti\dist\jiti.js:1
:246378)]
    [at jiti (D:\Elite_Coders\AstraGuard-AI\frontend\m
ission-components\node_modules\jiti\dist\jiti.js:1:249
092)]
    [at D:\Elite_Coders\AstraGuard-AI\frontend\mission
-components\tailwind.config.js:107:13]
    [at evalModule (D:\Elite_Coders\AstraGuard-AI\fron
tend\mission-components\node_modules\jiti\dist\jiti.js
:1:251913)]
    [at jiti (D:\Elite_Coders\AstraGuard-AI\frontend\m
ission-components\node_modules\jiti\dist\jiti.js:1:249
841)]
    [at D:\Elite_Coders\AstraGuard-AI\frontend\mission
-components\node_modules\tailwindcss\lib\lib\load-conf
ig.js:53:30]
    [at loadConfig (D:\Elite_Coders\AstraGuard-AI\fron
tend\mission-components\node_modules\tailwindcss\lib\l
ib\load-config.js:55:6)]
    [at getTailwindConfig (D:\Elite_Coders\AstraGuard-
AI\frontend\mission-components\node_modules\tailwindcs
s\lib\lib\setupTrackingContext.js:74:116)]

Import traces:
  Client Component Browser:
    
./components/experience/ui/WebGLWarning.module.css 
[Client Component Browser]
    ./components/experience/ui/WebGLWarning.tsx 
[Client Component Browser]
    ./components/experience/ExperienceRoot.tsx 
[Client Component Browser]
    ./components/experience/ExperienceRoot.tsx 
[Server Component]
    ./app/experience/page.tsx [Server Component]

  Client Component SSR:
    
./components/experience/ui/WebGLWarning.module.css 
[Client Component SSR]
    ./components/experience/ui/WebGLWarning.tsx 
[Client Component SSR]
    ./components/experience/ExperienceRoot.tsx 
[Client Component SSR]
    ./components/experience/ExperienceRoot.tsx 
[Server Component]
    ./app/experience/page.tsx [Server Component]


./components/experience/ui/ZoomProgressIndicator.modul
e.css
Error evaluating Node.js code
Error: Cannot find module 'tailwindcss-animate'
Require stack:
- D:\Elite_Coders\AstraGuard-AI\frontend\mission-compo
nents\tailwind.config.js
    [at Module._resolveFilename 
(node:internal/modules/cjs/loader:1421:15)]
    [at require.resolve 
(node:internal/modules/helpers:163:19)]
    [at _resolve (D:\Elite_Coders\AstraGuard-AI\fronte
nd\mission-components\node_modules\jiti\dist\jiti.js:1
:246378)]
    [at jiti (D:\Elite_Coders\AstraGuard-AI\frontend\m
ission-components\node_modules\jiti\dist\jiti.js:1:249
092)]
    [at D:\Elite_Coders\AstraGuard-AI\frontend\mission
-components\tailwind.config.js:107:13]
    [at evalModule (D:\Elite_Coders\AstraGuard-AI\fron
tend\mission-components\node_modules\jiti\dist\jiti.js
:1:251913)]
    [at jiti (D:\Elite_Coders\AstraGuard-AI\frontend\m
ission-components\node_modules\jiti\dist\jiti.js:1:249
841)]
    [at D:\Elite_Coders\AstraGuard-AI\frontend\mission
-components\node_modules\tailwindcss\lib\lib\load-conf
ig.js:53:30]
    [at loadConfig (D:\Elite_Coders\AstraGuard-AI\fron
tend\mission-components\node_modules\tailwindcss\lib\l
ib\load-config.js:55:6)]
    [at getTailwindConfig (D:\Elite_Coders\AstraGuard-
AI\frontend\mission-components\node_modules\tailwindcs
s\lib\lib\setupTrackingContext.js:74:116)]

Import traces:
  Client Component Browser:
    ./components/experience/ui/ZoomProgressIndicator.m
odule.css [Client Component Browser]
    
./components/experience/ui/ZoomProgressIndicator.tsx 
[Client Component Browser]
    ./components/experience/ExperienceRoot.tsx 
[Client Component Browser]
    ./components/experience/ExperienceRoot.tsx 
[Server Component]
    ./app/experience/page.tsx [Server Component]

  Client Component SSR:
    ./components/experience/ui/ZoomProgressIndicator.m
odule.css [Client Component SSR]
    
./components/experience/ui/ZoomProgressIndicator.tsx 
[Client Component SSR]
    ./components/experience/ExperienceRoot.tsx 
[Client Component SSR]
    ./components/experience/ExperienceRoot.tsx 
[Server Component]
    ./app/experience/page.tsx [Server Component]


./app/experience/page.tsx:3:24
Ecmascript file had an error
[0m [90m 1 |[39m [36mimport[39m dynamic 
[36mfrom[39m [32m'next/dynamic'[39m[33m;[39m
 [90m 2 |[39m
[31m[1m>[22m[39m[90m 3 |[39m [36mconst[39m 
[33mExperienceRoot[39m [33m=[39m dynamic(() 
[33m=>[39m [36mimport[39m([32m'@/components/exper
ience/ExperienceRoot'[39m)[33m,[39m {
 [90m   |[39m                        [31m[1m^[22m
[39m[31m[1m^[22m[39m[31m[1m^[22m[39m[31m[1m
^[22m[39m[31m[1m^[22m[39m[31m[1m^[22m[39m[3
1m[1m^[22m[39m[31m[1m^[22m[39m[31m[1m^[22m[
39m[31m[1m^[22m[39m[31m[1m^[22m[39m[31m[1m^
[22m[39m[31m[1m^[22m[39m[31m[1m^[22m[39m[31m
[1m^[22m[39m[31m[1m^[22m[39m[31m[1m^[22m[39
m[31m[1m^[22m[39m[31m[1m^[22m[39m[31m[1m^[2
2m[39m[31m[1m^[22m[39m[31m[1m^[22m[39m[31m[
1m^[22m[39m[31m[1m^[22m[39m[31m[1m^[22m[39m
[31m[1m^[22m[39m[31m[1m^[22m[39m[31m[1m^[22m
[39m[31m[1m^[22m[39m[31m[1m^[22m[39m[31m[1m
^[22m[39m[31m[1m^[22m[39m[31m[1m^[22m[39m[3
1m[1m^[22m[39m[31m[1m^[22m[39m[31m[1m^[22m[
39m[31m[1m^[22m[39m[31m[1m^[22m[39m[31m[1m^
[22m[39m[31m[1m^[22m[39m[31m[1m^[22m[39m[31m
[1m^[22m[39m[31m[1m^[22m[39m[31m[1m^[22m[39
m[31m[1m^[22m[39m[31m[1m^[22m[39m[31m[1m^[2
2m[39m[31m[1m^[22m[39m[31m[1m^[22m[39m[31m[
1m^[22m[39m[31m[1m^[22m[39m[31m[1m^[22m[39m
[31m[1m^[22m[39m[31m[1m^[22m[39m[31m[1m^[22m
[39m[31m[1m^[22m[39m[31m[1m^[22m[39m[31m[1m
^[22m[39m[31m[1m^[22m[39m[31m[1m^[22m[39m[3
1m[1m^[22m[39m[31m[1m^[22m[39m[31m[1m^[22m[
39m[31m[1m^[22m[39m[31m[1m^[22m[39m
[31m[1m>[22m[39m[90m 4 |[39m     ssr[33m:[39m 
[36mfalse[39m[33m,[39m
 [90m   |[39m [31m[1m^[22m[39m[31m[1m^[22m[3
9m[31m[1m^[22m[39m[31m[1m^[22m[39m[31m[1m^[
22m[39m[31m[1m^[22m[39m[31m[1m^[22m[39m[31m
[1m^[22m[39m[31m[1m^[22m[39m[31m[1m^[22m[39m
[31m[1m^[22m[39m[31m[1m^[22m[39m[31m[1m^[22
m[39m[31m[1m^[22m[39m[31m[1m^[22m[39m
[31m[1m>[22m[39m[90m 5 |[39m     
loading[33m:[39m () [33m=>[39m 
[33m<[39m[33mdiv[39m 
className[33m=[39m[32m"w-full h-screen bg-black 
flex items-center justify-center 
text-white"[39m[33m>[39m[33mLoading[39m [33mExpe
rience[39m[33m...[39m[33m<[39m[33m/[39m[33mdiv
[39m[33m>[39m
 [90m   |[39m [31m[1m^[22m[39m[31m[1m^[22m[3
9m[31m[1m^[22m[39m[31m[1m^[22m[39m[31m[1m^[
22m[39m[31m[1m^[22m[39m[31m[1m^[22m[39m[31m
[1m^[22m[39m[31m[1m^[22m[39m[31m[1m^[22m[39m
[31m[1m^[22m[39m[31m[1m^[22m[39m[31m[1m^[22
m[39m[31m[1m^[22m[39m[31m[1m^[22m[39m
[31m[1m>[22m[39m[90m 6 |[39m })[33m;[39m
 [90m   |[39m [31m[1m^[22m[39m[31m[1m^[22m[3
9m[31m[1m^[22m[39m
 [90m 7 |[39m
 [90m 8 |[39m [36mexport[39m [36mdefault[39m 
[36mfunction[39m [33mExperiencePage[39m() {
 [90m 9 |[39m     [36mreturn[39m ([0m

`ssr: false` is not allowed with `next/dynamic` in 
Server Components. Please move it into a Client 
Component.


./components/experience/ui
Module not found: Can't resolve 
'./assets/icons/navigation_hint/touch_hand.svg'
server relative imports are not implemented yet. 
Please try an import relative to the file you are 
importing from.


https://nextjs.org/docs/messages/module-not-found


./components/experience/ui
Module not found: Can't resolve 
'./assets/icons/navigation_hint/zoom_in.svg'
server relative imports are not implemented yet. 
Please try an import relative to the file you are 
importing from.


https://nextjs.org/docs/messages/module-not-found


./components/experience/ui
Module not found: Can't resolve 
'./assets/icons/navigation_hint/zoom_out.svg'
server relative imports are not implemented yet. 
Please try an import relative to the file you are 
importing from.


https://nextjs.org/docs/messages/module-not-found


./components/experience/ui/NavigationHint.tsx:4:1
Module not found: Can't resolve 
'/assets/icons/navigation_hint/touch_hand.svg'
[0m [90m 2 |[39m [36mimport[39m styles 
[36mfrom[39m 
[32m'./NavigationHint.module.css'[39m[33m;[39m
 [90m 3 |[39m [36mimport[39m { useMobile } 
[36mfrom[39m 
[32m'../contexts/MobileContext'[39m[33m;[39m
[31m[1m>[22m[39m[90m 4 |[39m [36mimport[39m 
touchHandIcon [36mfrom[39m [32m'/assets/icons/navig
ation_hint/touch_hand.svg'[39m[33m;[39m
 [90m   |[39m [31m[1m^[22m[39m[31m[1m^[22m[3
9m[31m[1m^[22m[39m[31m[1m^[22m[39m[31m[1m^[
22m[39m[31m[1m^[22m[39m[31m[1m^[22m[39m[31m
[1m^[22m[39m[31m[1m^[22m[39m[31m[1m^[22m[39m
[31m[1m^[22m[39m[31m[1m^[22m[39m[31m[1m^[22
m[39m[31m[1m^[22m[39m[31m[1m^[22m[39m[31m[1
m^[22m[39m[31m[1m^[22m[39m[31m[1m^[22m[39m[
31m[1m^[22m[39m[31m[1m^[22m[39m[31m[1m^[22m
[39m[31m[1m^[22m[39m[31m[1m^[22m[39m[31m[1m^
[22m[39m[31m[1m^[22m[39m[31m[1m^[22m[39m[31
m[1m^[22m[39m[31m[1m^[22m[39m[31m[1m^[22m[3
9m[31m[1m^[22m[39m[31m[1m^[22m[39m[31m[1m^[
22m[39m[31m[1m^[22m[39m[31m[1m^[22m[39m[31m
[1m^[22m[39m[31m[1m^[22m[39m[31m[1m^[22m[39m
[31m[1m^[22m[39m[31m[1m^[22m[39m[31m[1m^[22
m[39m[31m[1m^[22m[39m[31m[1m^[22m[39m[31m[1
m^[22m[39m[31m[1m^[22m[39m[31m[1m^[22m[39m[
31m[1m^[22m[39m[31m[1m^[22m[39m[31m[1m^[22m
[39m[31m[1m^[22m[39m[31m[1m^[22m[39m[31m[1m^
[22m[39m[31m[1m^[22m[39m[31m[1m^[22m[39m[31
m[1m^[22m[39m[31m[1m^[22m[39m[31m[1m^[22m[3
9m[31m[1m^[22m[39m[31m[1m^[22m[39m[31m[1m^[
22m[39m[31m[1m^[22m[39m[31m[1m^[22m[39m[31m
[1m^[22m[39m[31m[1m^[22m[39m[31m[1m^[22m[39m
[31m[1m^[22m[39m[31m[1m^[22m[39m[31m[1m^[22
m[39m[31m[1m^[22m[39m[31m[1m^[22m[39m[31m[1
m^[22m[39m[31m[1m^[22m[39m[31m[1m^[22m[39m[
31m[1m^[22m[39m
 [90m 5 |[39m [36mimport[39m zoomInIcon 
[36mfrom[39m [32m'/assets/icons/navigation_hint/zoo
m_in.svg'[39m[33m;[39m
 [90m 6 |[39m [36mimport[39m zoomOutIcon 
[36mfrom[39m [32m'/assets/icons/navigation_hint/zoo
m_out.svg'[39m[33m;[39m
 [90m 7 |[39m[0m



Import traces:
  Client Component Browser:
    ./components/experience/ui/NavigationHint.tsx 
[Client Component Browser]
    ./components/experience/ExperienceRoot.tsx 
[Client Component Browser]
    ./components/experience/ExperienceRoot.tsx 
[Server Component]
    ./app/experience/page.tsx [Server Component]

  Client Component SSR:
    ./components/experience/ui/NavigationHint.tsx 
[Client Component SSR]
    ./components/experience/ExperienceRoot.tsx 
[Client Component SSR]
    ./components/experience/ExperienceRoot.tsx 
[Server Component]
    ./app/experience/page.tsx [Server Component]

https://nextjs.org/docs/messages/module-not-found


./components/experience/ui/NavigationHint.tsx:5:1
Module not found: Can't resolve 
'/assets/icons/navigation_hint/zoom_in.svg'
[0m [90m 3 |[39m [36mimport[39m { useMobile } 
[36mfrom[39m 
[32m'../contexts/MobileContext'[39m[33m;[39m
 [90m 4 |[39m [36mimport[39m touchHandIcon 
[36mfrom[39m [32m'/assets/icons/navigation_hint/tou
ch_hand.svg'[39m[33m;[39m
[31m[1m>[22m[39m[90m 5 |[39m [36mimport[39m 
zoomInIcon [36mfrom[39m [32m'/assets/icons/navigati
on_hint/zoom_in.svg'[39m[33m;[39m
 [90m   |[39m [31m[1m^[22m[39m[31m[1m^[22m[3
9m[31m[1m^[22m[39m[31m[1m^[22m[39m[31m[1m^[
22m[39m[31m[1m^[22m[39m[31m[1m^[22m[39m[31m
[1m^[22m[39m[31m[1m^[22m[39m[31m[1m^[22m[39m
[31m[1m^[22m[39m[31m[1m^[22m[39m[31m[1m^[22
m[39m[31m[1m^[22m[39m[31m[1m^[22m[39m[31m[1
m^[22m[39m[31m[1m^[22m[39m[31m[1m^[22m[39m[
31m[1m^[22m[39m[31m[1m^[22m[39m[31m[1m^[22m
[39m[31m[1m^[22m[39m[31m[1m^[22m[39m[31m[1m^
[22m[39m[31m[1m^[22m[39m[31m[1m^[22m[39m[31
m[1m^[22m[39m[31m[1m^[22m[39m[31m[1m^[22m[3
9m[31m[1m^[22m[39m[31m[1m^[22m[39m[31m[1m^[
22m[39m[31m[1m^[22m[39m[31m[1m^[22m[39m[31m
[1m^[22m[39m[31m[1m^[22m[39m[31m[1m^[22m[39m
[31m[1m^[22m[39m[31m[1m^[22m[39m[31m[1m^[22
m[39m[31m[1m^[22m[39m[31m[1m^[22m[39m[31m[1
m^[22m[39m[31m[1m^[22m[39m[31m[1m^[22m[39m[
31m[1m^[22m[39m[31m[1m^[22m[39m[31m[1m^[22m
[39m[31m[1m^[22m[39m[31m[1m^[22m[39m[31m[1m^
[22m[39m[31m[1m^[22m[39m[31m[1m^[22m[39m[31
m[1m^[22m[39m[31m[1m^[22m[39m[31m[1m^[22m[3
9m[31m[1m^[22m[39m[31m[1m^[22m[39m[31m[1m^[
22m[39m[31m[1m^[22m[39m[31m[1m^[22m[39m[31m
[1m^[22m[39m[31m[1m^[22m[39m[31m[1m^[22m[39m
[31m[1m^[22m[39m[31m[1m^[22m[39m[31m[1m^[22
m[39m
 [90m 6 |[39m [36mimport[39m zoomOutIcon 
[36mfrom[39m [32m'/assets/icons/navigation_hint/zoo
m_out.svg'[39m[33m;[39m
 [90m 7 |[39m
 [90m 8 |[39m[0m



Import traces:
  Client Component Browser:
    ./components/experience/ui/NavigationHint.tsx 
[Client Component Browser]
    ./components/experience/ExperienceRoot.tsx 
[Client Component Browser]
    ./components/experience/ExperienceRoot.tsx 
[Server Component]
    ./app/experience/page.tsx [Server Component]

  Client Component SSR:
    ./components/experience/ui/NavigationHint.tsx 
[Client Component SSR]
    ./components/experience/ExperienceRoot.tsx 
[Client Component SSR]
    ./components/experience/ExperienceRoot.tsx 
[Server Component]
    ./app/experience/page.tsx [Server Component]

https://nextjs.org/docs/messages/module-not-found


./components/experience/ui/NavigationHint.tsx:6:1
Module not found: Can't resolve 
'/assets/icons/navigation_hint/zoom_out.svg'
[0m [90m 4 |[39m [36mimport[39m touchHandIcon 
[36mfrom[39m [32m'/assets/icons/navigation_hint/tou
ch_hand.svg'[39m[33m;[39m
 [90m 5 |[39m [36mimport[39m zoomInIcon 
[36mfrom[39m [32m'/assets/icons/navigation_hint/zoo
m_in.svg'[39m[33m;[39m
[31m[1m>[22m[39m[90m 6 |[39m [36mimport[39m 
zoomOutIcon [36mfrom[39m [32m'/assets/icons/navigat
ion_hint/zoom_out.svg'[39m[33m;[39m
 [90m   |[39m [31m[1m^[22m[39m[31m[1m^[22m[3
9m[31m[1m^[22m[39m[31m[1m^[22m[39m[31m[1m^[
22m[39m[31m[1m^[22m[39m[31m[1m^[22m[39m[31m
[1m^[22m[39m[31m[1m^[22m[39m[31m[1m^[22m[39m
[31m[1m^[22m[39m[31m[1m^[22m[39m[31m[1m^[22
m[39m[31m[1m^[22m[39m[31m[1m^[22m[39m[31m[1
m^[22m[39m[31m[1m^[22m[39m[31m[1m^[22m[39m[
31m[1m^[22m[39m[31m[1m^[22m[39m[31m[1m^[22m
[39m[31m[1m^[22m[39m[31m[1m^[22m[39m[31m[1m^
[22m[39m[31m[1m^[22m[39m[31m[1m^[22m[39m[31
m[1m^[22m[39m[31m[1m^[22m[39m[31m[1m^[22m[3
9m[31m[1m^[22m[39m[31m[1m^[22m[39m[31m[1m^[
22m[39m[31m[1m^[22m[39m[31m[1m^[22m[39m[31m
[1m^[22m[39m[31m[1m^[22m[39m[31m[1m^[22m[39m
[31m[1m^[22m[39m[31m[1m^[22m[39m[31m[1m^[22
m[39m[31m[1m^[22m[39m[31m[1m^[22m[39m[31m[1
m^[22m[39m[31m[1m^[22m[39m[31m[1m^[22m[39m[
31m[1m^[22m[39m[31m[1m^[22m[39m[31m[1m^[22m
[39m[31m[1m^[22m[39m[31m[1m^[22m[39m[31m[1m^
[22m[39m[31m[1m^[22m[39m[31m[1m^[22m[39m[31
m[1m^[22m[39m[31m[1m^[22m[39m[31m[1m^[22m[3
9m[31m[1m^[22m[39m[31m[1m^[22m[39m[31m[1m^[
22m[39m[31m[1m^[22m[39m[31m[1m^[22m[39m[31m
[1m^[22m[39m[31m[1m^[22m[39m[31m[1m^[22m[39m
[31m[1m^[22m[39m[31m[1m^[22m[39m[31m[1m^[22
m[39m[31m[1m^[22m[39m[31m[1m^[22m[39m
 [90m 7 |[39m
 [90m 8 |[39m
 [90m 9 |[39m [36mconst[39m 
[33mNavigationHint[39m [33m=[39m () [33m=>[39m 
{[0m



Import traces:
  Client Component Browser:
    ./components/experience/ui/NavigationHint.tsx 
[Client Component Browser]
    ./components/experience/ExperienceRoot.tsx 
[Client Component Browser]
    ./components/experience/ExperienceRoot.tsx 
[Server Component]
    ./app/experience/page.tsx [Server Component]

  Client Component SSR:
    ./components/experience/ui/NavigationHint.tsx 
[Client Component SSR]
    ./components/experience/ExperienceRoot.tsx 
[Client Component SSR]
    ./components/experience/ExperienceRoot.tsx 
[Server Component]
    ./app/experience/page.tsx [Server Component]

https://nextjs.org/docs/messages/module-not-found


./components/experience/ExperienceRoot.tsx:4:1
Module not found: Can't resolve '@react-three/drei'
[0m [90m 2 |[39m
 [90m 3 |[39m [36mimport[39m { [33mCanvas[39m } 
[36mfrom[39m 
[32m'@react-three/fiber'[39m[33m;[39m
[31m[1m>[22m[39m[90m 4 |[39m [36mimport[39m { 
[33mPreload[39m } [36mfrom[39m 
[32m'@react-three/drei'[39m[33m;[39m
 [90m   |[39m [31m[1m^[22m[39m[31m[1m^[22m[3
9m[31m[1m^[22m[39m[31m[1m^[22m[39m[31m[1m^[
22m[39m[31m[1m^[22m[39m[31m[1m^[22m[39m[31m
[1m^[22m[39m[31m[1m^[22m[39m[31m[1m^[22m[39m
[31m[1m^[22m[39m[31m[1m^[22m[39m[31m[1m^[22
m[39m[31m[1m^[22m[39m[31m[1m^[22m[39m[31m[1
m^[22m[39m[31m[1m^[22m[39m[31m[1m^[22m[39m[
31m[1m^[22m[39m[31m[1m^[22m[39m[31m[1m^[22m
[39m[31m[1m^[22m[39m[31m[1m^[22m[39m[31m[1m^
[22m[39m[31m[1m^[22m[39m[31m[1m^[22m[39m[31
m[1m^[22m[39m[31m[1m^[22m[39m[31m[1m^[22m[3
9m[31m[1m^[22m[39m[31m[1m^[22m[39m[31m[1m^[
22m[39m[31m[1m^[22m[39m[31m[1m^[22m[39m[31m
[1m^[22m[39m[31m[1m^[22m[39m[31m[1m^[22m[39m
[31m[1m^[22m[39m[31m[1m^[22m[39m[31m[1m^[22
m[39m[31m[1m^[22m[39m[31m[1m^[22m[39m[31m[1
m^[22m[39m[31m[1m^[22m[39m
 [90m 5 |[39m [36mimport[39m { [33mSuspense[39m 
} [36mfrom[39m [32m'react'[39m[33m;[39m
 [90m 6 |[39m [36mimport[39m 
[33mSceneTextComponent[39m [36mfrom[39m 
[32m'./ui/SceneText'[39m[33m;[39m
 [90m 7 |[39m [36mimport[39m { 
[33mMobileProvider[39m[33m,[39m useMobile } 
[36mfrom[39m 
[32m'./contexts/MobileContext'[39m[33m;[39m[0m



Import trace:
  Server Component:
    ./components/experience/ExperienceRoot.tsx
    ./app/experience/page.tsx

https://nextjs.org/docs/messages/module-not-found


./components/experience/core/AssetManager.tsx:2:1
Module not found: Can't resolve '@react-three/drei'
[0m [90m 1 |[39m [36mimport[39m { 
useCallback[33m,[39m useEffect[33m,[39m 
useMemo[33m,[39m useState } [36mfrom[39m 
[32m'react'[39m[33m;[39m
[31m[1m>[22m[39m[90m 2 |[39m [36mimport[39m { 
useGLTF } [36mfrom[39m 
[32m'@react-three/drei'[39m[33m;[39m
 [90m   |[39m [31m[1m^[22m[39m[31m[1m^[22m[3
9m[31m[1m^[22m[39m[31m[1m^[22m[39m[31m[1m^[
22m[39m[31m[1m^[22m[39m[31m[1m^[22m[39m[31m
[1m^[22m[39m[31m[1m^[22m[39m[31m[1m^[22m[39m
[31m[1m^[22m[39m[31m[1m^[22m[39m[31m[1m^[22
m[39m[31m[1m^[22m[39m[31m[1m^[22m[39m[31m[1
m^[22m[39m[31m[1m^[22m[39m[31m[1m^[22m[39m[
31m[1m^[22m[39m[31m[1m^[22m[39m[31m[1m^[22m
[39m[31m[1m^[22m[39m[31m[1m^[22m[39m[31m[1m^
[22m[39m[31m[1m^[22m[39m[31m[1m^[22m[39m[31
m[1m^[22m[39m[31m[1m^[22m[39m[31m[1m^[22m[3
9m[31m[1m^[22m[39m[31m[1m^[22m[39m[31m[1m^[
22m[39m[31m[1m^[22m[39m[31m[1m^[22m[39m[31m
[1m^[22m[39m[31m[1m^[22m[39m[31m[1m^[22m[39m
[31m[1m^[22m[39m[31m[1m^[22m[39m[31m[1m^[22
m[39m[31m[1m^[22m[39m[31m[1m^[22m[39m[31m[1
m^[22m[39m[31m[1m^[22m[39m
 [90m 3 |[39m [36mimport[39m { useSceneStore } 
[36mfrom[39m [32m'./SceneManager'[39m[33m;[39m
 [90m 4 |[39m [36mimport[39m { useThree } 
[36mfrom[39m 
[32m'@react-three/fiber'[39m[33m;[39m
 [90m 5 |[39m [36mimport[39m { 
[33mTextureLoader[39m } [36mfrom[39m 
[32m'three'[39m[33m;[39m[0m



Import traces:
  Client Component Browser:
    ./components/experience/core/AssetManager.tsx 
[Client Component Browser]
    ./components/experience/ExperienceRoot.tsx 
[Client Component Browser]
    ./components/experience/ExperienceRoot.tsx 
[Server Component]
    ./app/experience/page.tsx [Server Component]

  Client Component SSR:
    ./components/experience/core/AssetManager.tsx 
[Client Component SSR]
    ./components/experience/ExperienceRoot.tsx 
[Client Component SSR]
    ./components/experience/ExperienceRoot.tsx 
[Server Component]
    ./app/experience/page.tsx [Server Component]

https://nextjs.org/docs/messages/module-not-found


./components/experience/scenes/Galaxy/Galaxy.tsx:1:1
Module not found: Can't resolve '@react-three/drei'
[0m[31m[1m>[22m[39m[90m 1 |[39m 
[36mimport[39m { [33mPoints[39m[33m,[39m 
useGLTF } [36mfrom[39m [32m'@react-three/drei'[39m
 [90m   |[39m [31m[1m^[22m[39m[31m[1m^[22m[3
9m[31m[1m^[22m[39m[31m[1m^[22m[39m[31m[1m^[
22m[39m[31m[1m^[22m[39m[31m[1m^[22m[39m[31m
[1m^[22m[39m[31m[1m^[22m[39m[31m[1m^[22m[39m
[31m[1m^[22m[39m[31m[1m^[22m[39m[31m[1m^[22
m[39m[31m[1m^[22m[39m[31m[1m^[22m[39m[31m[1
m^[22m[39m[31m[1m^[22m[39m[31m[1m^[22m[39m[
31m[1m^[22m[39m[31m[1m^[22m[39m[31m[1m^[22m
[39m[31m[1m^[22m[39m[31m[1m^[22m[39m[31m[1m^
[22m[39m[31m[1m^[22m[39m[31m[1m^[22m[39m[31
m[1m^[22m[39m[31m[1m^[22m[39m[31m[1m^[22m[3
9m[31m[1m^[22m[39m[31m[1m^[22m[39m[31m[1m^[
22m[39m[31m[1m^[22m[39m[31m[1m^[22m[39m[31m
[1m^[22m[39m[31m[1m^[22m[39m[31m[1m^[22m[39m
[31m[1m^[22m[39m[31m[1m^[22m[39m[31m[1m^[22
m[39m[31m[1m^[22m[39m[31m[1m^[22m[39m[31m[1
m^[22m[39m[31m[1m^[22m[39m[31m[1m^[22m[39m[
31m[1m^[22m[39m[31m[1m^[22m[39m[31m[1m^[22m
[39m[31m[1m^[22m[39m[31m[1m^[22m[39m[31m[1m^
[22m[39m
 [90m 2 |[39m [36mimport[39m { [33mGLTF[39m } 
[36mfrom[39m [32m'three-stdlib'[39m
 [90m 3 |[39m [36mimport[39m { 
useFrame[33m,[39m useLoader[33m,[39m useThree } 
[36mfrom[39m [32m'@react-three/fiber'[39m
 [90m 4 |[39m [36mimport[39m { useMemo[33m,[39m 
useRef } [36mfrom[39m [32m'react'[39m[0m



Import traces:
  Client Component Browser:
    ./components/experience/scenes/Galaxy/Galaxy.tsx 
[Client Component Browser]
    
./components/experience/scenes/Galaxy/GalaxyScene.tsx 
[Client Component Browser]
    ./components/experience/ExperienceRoot.tsx 
[Client Component Browser]
    ./components/experience/ExperienceRoot.tsx 
[Server Component]
    ./app/experience/page.tsx [Server Component]

  Client Component SSR:
    ./components/experience/scenes/Galaxy/Galaxy.tsx 
[Client Component SSR]
    
./components/experience/scenes/Galaxy/GalaxyScene.tsx 
[Client Component SSR]
    ./components/experience/ExperienceRoot.tsx 
[Client Component SSR]
    ./components/experience/ExperienceRoot.tsx 
[Server Component]
    ./app/experience/page.tsx [Server Component]

https://nextjs.org/docs/messages/module-not-found


./components/experience/scenes/Room/Device/Monitor.tsx
:3:1
Module not found: Can't resolve '@react-three/drei'
[0m [90m 1 |[39m [36mimport[39m 
[33mReact[39m[33m,[39m { useState[33m,[39m 
useEffect } [36mfrom[39m 
[32m'react'[39m[33m;[39m
 [90m 2 |[39m [36mimport[39m styles 
[36mfrom[39m 
[32m'./Monitor.module.css'[39m[33m;[39m
[31m[1m>[22m[39m[90m 3 |[39m [36mimport[39m { 
[33mHtml[39m[33m,[39m useGLTF } [36mfrom[39m 
[32m'@react-three/drei'[39m[33m;[39m
 [90m   |[39m [31m[1m^[22m[39m[31m[1m^[22m[3
9m[31m[1m^[22m[39m[31m[1m^[22m[39m[31m[1m^[
22m[39m[31m[1m^[22m[39m[31m[1m^[22m[39m[31m
[1m^[22m[39m[31m[1m^[22m[39m[31m[1m^[22m[39m
[31m[1m^[22m[39m[31m[1m^[22m[39m[31m[1m^[22
m[39m[31m[1m^[22m[39m[31m[1m^[22m[39m[31m[1
m^[22m[39m[31m[1m^[22m[39m[31m[1m^[22m[39m[
31m[1m^[22m[39m[31m[1m^[22m[39m[31m[1m^[22m
[39m[31m[1m^[22m[39m[31m[1m^[22m[39m[31m[1m^
[22m[39m[31m[1m^[22m[39m[31m[1m^[22m[39m[31
m[1m^[22m[39m[31m[1m^[22m[39m[31m[1m^[22m[3
9m[31m[1m^[22m[39m[31m[1m^[22m[39m[31m[1m^[
22m[39m[31m[1m^[22m[39m[31m[1m^[22m[39m[31m
[1m^[22m[39m[31m[1m^[22m[39m[31m[1m^[22m[39m
[31m[1m^[22m[39m[31m[1m^[22m[39m[31m[1m^[22
m[39m[31m[1m^[22m[39m[31m[1m^[22m[39m[31m[1
m^[22m[39m[31m[1m^[22m[39m[31m[1m^[22m[39m[
31m[1m^[22m[39m[31m[1m^[22m[39m[31m[1m^[22m
[39m[31m[1m^[22m[39m[31m[1m^[22m[39m
 [90m 4 |[39m [36mimport[39m { 
[33mDEVICE[39m[33m,[39m [33mSCENE_MANAGER[39m } 
[36mfrom[39m 
[32m'../../../config/config'[39m[33m;[39m
 [90m 5 |[39m [36mimport[39m { 
[33mBox3[39m[33m,[39m [33mGroup[39m[33m,[39m 
[33mMaterial[39m[33m,[39m 
[33mMesh[39m[33m,[39m [33mVector3[39m } 
[36mfrom[39m [32m'three'[39m[33m;[39m
 [90m 6 |[39m [36mimport[39m { [33mGLTF[39m } 
[36mfrom[39m [32m'three-stdlib'[39m[33m;[39m[0m



Import traces:
  Client Component Browser:
    ./components/experience/scenes/Room/Device/Monitor
.tsx [Client Component Browser]
    ./components/experience/scenes/Room/Room.tsx 
[Client Component Browser]
    ./components/experience/scenes/Room/RoomScene.tsx 
[Client Component Browser]
    ./components/experience/ExperienceRoot.tsx 
[Client Component Browser]
    ./components/experience/ExperienceRoot.tsx 
[Server Component]
    ./app/experience/page.tsx [Server Component]

  Client Component SSR:
    ./components/experience/scenes/Room/Device/Monitor
.tsx [Client Component SSR]
    ./components/experience/scenes/Room/Room.tsx 
[Client Component SSR]
    ./components/experience/scenes/Room/RoomScene.tsx 
[Client Component SSR]
    ./components/experience/ExperienceRoot.tsx 
[Client Component SSR]
    ./components/experience/ExperienceRoot.tsx 
[Server Component]
    ./app/experience/page.tsx [Server Component]

https://nextjs.org/docs/messages/module-not-found


./components/experience/scenes/Room/Device/Phone.tsx:3
:1
Module not found: Can't resolve '@react-three/drei'
[0m [90m 1 |[39m [36mimport[39m 
[33mReact[39m[33m,[39m { useState[33m,[39m 
useEffect } [36mfrom[39m 
[32m'react'[39m[33m;[39m
 [90m 2 |[39m [36mimport[39m styles 
[36mfrom[39m 
[32m'./Phone.module.css'[39m[33m;[39m
[31m[1m>[22m[39m[90m 3 |[39m [36mimport[39m { 
[33mHtml[39m[33m,[39m useGLTF } [36mfrom[39m 
[32m'@react-three/drei'[39m[33m;[39m
 [90m   |[39m [31m[1m^[22m[39m[31m[1m^[22m[3
9m[31m[1m^[22m[39m[31m[1m^[22m[39m[31m[1m^[
22m[39m[31m[1m^[22m[39m[31m[1m^[22m[39m[31m
[1m^[22m[39m[31m[1m^[22m[39m[31m[1m^[22m[39m
[31m[1m^[22m[39m[31m[1m^[22m[39m[31m[1m^[22
m[39m[31m[1m^[22m[39m[31m[1m^[22m[39m[31m[1
m^[22m[39m[31m[1m^[22m[39m[31m[1m^[22m[39m[
31m[1m^[22m[39m[31m[1m^[22m[39m[31m[1m^[22m
[39m[31m[1m^[22m[39m[31m[1m^[22m[39m[31m[1m^
[22m[39m[31m[1m^[22m[39m[31m[1m^[22m[39m[31
m[1m^[22m[39m[31m[1m^[22m[39m[31m[1m^[22m[3
9m[31m[1m^[22m[39m[31m[1m^[22m[39m[31m[1m^[
22m[39m[31m[1m^[22m[39m[31m[1m^[22m[39m[31m
[1m^[22m[39m[31m[1m^[22m[39m[31m[1m^[22m[39m
[31m[1m^[22m[39m[31m[1m^[22m[39m[31m[1m^[22
m[39m[31m[1m^[22m[39m[31m[1m^[22m[39m[31m[1
m^[22m[39m[31m[1m^[22m[39m[31m[1m^[22m[39m[
31m[1m^[22m[39m[31m[1m^[22m[39m[31m[1m^[22m
[39m[31m[1m^[22m[39m[31m[1m^[22m[39m
 [90m 4 |[39m [36mimport[39m { 
[33mDEVICE[39m[33m,[39m [33mSCENE_MANAGER[39m } 
[36mfrom[39m 
[32m'../../../config/config'[39m[33m;[39m
 [90m 5 |[39m [36mimport[39m { useSceneStore } 
[36mfrom[39m 
[32m'../../../core/SceneManager'[39m[33m;[39m
 [90m 6 |[39m [36mimport[39m { [33mGLTF[39m } 
[36mfrom[39m [32m'three-stdlib'[39m[33m;[39m[0m



Import traces:
  Client Component Browser:
    
./components/experience/scenes/Room/Device/Phone.tsx 
[Client Component Browser]
    ./components/experience/scenes/Room/Room.tsx 
[Client Component Browser]
    ./components/experience/scenes/Room/RoomScene.tsx 
[Client Component Browser]
    ./components/experience/ExperienceRoot.tsx 
[Client Component Browser]
    ./components/experience/ExperienceRoot.tsx 
[Server Component]
    ./app/experience/page.tsx [Server Component]

  Client Component SSR:
    
./components/experience/scenes/Room/Device/Phone.tsx 
[Client Component SSR]
    ./components/experience/scenes/Room/Room.tsx 
[Client Component SSR]
    ./components/experience/scenes/Room/RoomScene.tsx 
[Client Component SSR]
    ./components/experience/ExperienceRoot.tsx 
[Client Component SSR]
    ./components/experience/ExperienceRoot.tsx 
[Server Component]
    ./app/experience/page.tsx [Server Component]

https://nextjs.org/docs/messages/module-not-found


./components/experience/scenes/Room/Room.tsx:5:1
Module not found: Can't resolve '@react-three/drei'
[0m [90m 3 |[39m [36mimport[39m { 
[33mGLOBAL[39m[33m,[39m 
[33mDEVICE[39m[33m,[39m [33mROOM[39m[33m,[39m 
[33mSCENE_MANAGER[39m } [36mfrom[39m 
[32m"../../config/config"[39m[33m;[39m
 [90m 4 |[39m [36mimport[39m { gsap } 
[36mfrom[39m [32m"gsap"[39m[33m;[39m
[31m[1m>[22m[39m[90m 5 |[39m [36mimport[39m { 
useGLTF } [36mfrom[39m 
[32m'@react-three/drei'[39m[33m;[39m
 [90m   |[39m [31m[1m^[22m[39m[31m[1m^[22m[3
9m[31m[1m^[22m[39m[31m[1m^[22m[39m[31m[1m^[
22m[39m[31m[1m^[22m[39m[31m[1m^[22m[39m[31m
[1m^[22m[39m[31m[1m^[22m[39m[31m[1m^[22m[39m
[31m[1m^[22m[39m[31m[1m^[22m[39m[31m[1m^[22
m[39m[31m[1m^[22m[39m[31m[1m^[22m[39m[31m[1
m^[22m[39m[31m[1m^[22m[39m[31m[1m^[22m[39m[
31m[1m^[22m[39m[31m[1m^[22m[39m[31m[1m^[22m
[39m[31m[1m^[22m[39m[31m[1m^[22m[39m[31m[1m^
[22m[39m[31m[1m^[22m[39m[31m[1m^[22m[39m[31
m[1m^[22m[39m[31m[1m^[22m[39m[31m[1m^[22m[3
9m[31m[1m^[22m[39m[31m[1m^[22m[39m[31m[1m^[
22m[39m[31m[1m^[22m[39m[31m[1m^[22m[39m[31m
[1m^[22m[39m[31m[1m^[22m[39m[31m[1m^[22m[39m
[31m[1m^[22m[39m[31m[1m^[22m[39m[31m[1m^[22
m[39m[31m[1m^[22m[39m[31m[1m^[22m[39m[31m[1
m^[22m[39m[31m[1m^[22m[39m
 [90m 6 |[39m [36mimport[39m { useMobile } 
[36mfrom[39m 
[32m"../../contexts/MobileContext"[39m[33m;[39m
 [90m 7 |[39m [36mimport[39m { useSceneStore } 
[36mfrom[39m 
[32m"../../core/SceneManager"[39m[33m;[39m
 [90m 8 |[39m [36mimport[39m { 
createNavigationAnimation } [36mfrom[39m [32m"../..
/utils/navigationAnimation"[39m[33m;[39m[0m



Import traces:
  Client Component Browser:
    ./components/experience/scenes/Room/Room.tsx 
[Client Component Browser]
    ./components/experience/scenes/Room/RoomScene.tsx 
[Client Component Browser]
    ./components/experience/ExperienceRoot.tsx 
[Client Component Browser]
    ./components/experience/ExperienceRoot.tsx 
[Server Component]
    ./app/experience/page.tsx [Server Component]

  Client Component SSR:
    ./components/experience/scenes/Room/Room.tsx 
[Client Component SSR]
    ./components/experience/scenes/Room/RoomScene.tsx 
[Client Component SSR]
    ./components/experience/ExperienceRoot.tsx 
[Client Component SSR]
    ./components/experience/ExperienceRoot.tsx 
[Server Component]
    ./app/experience/page.tsx [Server Component]

https://nextjs.org/docs/messages/module-not-found


./components/experience/ExperienceRoot.tsx:3:1
Module not found: Can't resolve '@react-three/fiber'
[0m [90m 1 |[39m [32m'use client'[39m[33m;[39m
 [90m 2 |[39m
[31m[1m>[22m[39m[90m 3 |[39m [36mimport[39m { 
[33mCanvas[39m } [36mfrom[39m 
[32m'@react-three/fiber'[39m[33m;[39m
 [90m   |[39m [31m[1m^[22m[39m[31m[1m^[22m[3
9m[31m[1m^[22m[39m[31m[1m^[22m[39m[31m[1m^[
22m[39m[31m[1m^[22m[39m[31m[1m^[22m[39m[31m
[1m^[22m[39m[31m[1m^[22m[39m[31m[1m^[22m[39m
[31m[1m^[22m[39m[31m[1m^[22m[39m[31m[1m^[22
m[39m[31m[1m^[22m[39m[31m[1m^[22m[39m[31m[1
m^[22m[39m[31m[1m^[22m[39m[31m[1m^[22m[39m[
31m[1m^[22m[39m[31m[1m^[22m[39m[31m[1m^[22m
[39m[31m[1m^[22m[39m[31m[1m^[22m[39m[31m[1m^
[22m[39m[31m[1m^[22m[39m[31m[1m^[22m[39m[31
m[1m^[22m[39m[31m[1m^[22m[39m[31m[1m^[22m[3
9m[31m[1m^[22m[39m[31m[1m^[22m[39m[31m[1m^[
22m[39m[31m[1m^[22m[39m[31m[1m^[22m[39m[31m
[1m^[22m[39m[31m[1m^[22m[39m[31m[1m^[22m[39m
[31m[1m^[22m[39m[31m[1m^[22m[39m[31m[1m^[22
m[39m[31m[1m^[22m[39m[31m[1m^[22m[39m[31m[1
m^[22m[39m[31m[1m^[22m[39m
 [90m 4 |[39m [36mimport[39m { [33mPreload[39m 
} [36mfrom[39m 
[32m'@react-three/drei'[39m[33m;[39m
 [90m 5 |[39m [36mimport[39m { [33mSuspense[39m 
} [36mfrom[39m [32m'react'[39m[33m;[39m
 [90m 6 |[39m [36mimport[39m 
[33mSceneTextComponent[39m [36mfrom[39m 
[32m'./ui/SceneText'[39m[33m;[39m[0m



Import trace:
  Server Component:
    ./components/experience/ExperienceRoot.tsx
    ./app/experience/page.tsx

https://nextjs.org/docs/messages/module-not-found


./components/experience/core/AssetManager.tsx:4:1
Module not found: Can't resolve '@react-three/fiber'
[0m [90m 2 |[39m [36mimport[39m { useGLTF } 
[36mfrom[39m 
[32m'@react-three/drei'[39m[33m;[39m
 [90m 3 |[39m [36mimport[39m { useSceneStore } 
[36mfrom[39m [32m'./SceneManager'[39m[33m;[39m
[31m[1m>[22m[39m[90m 4 |[39m [36mimport[39m { 
useThree } [36mfrom[39m 
[32m'@react-three/fiber'[39m[33m;[39m
 [90m   |[39m [31m[1m^[22m[39m[31m[1m^[22m[3
9m[31m[1m^[22m[39m[31m[1m^[22m[39m[31m[1m^[
22m[39m[31m[1m^[22m[39m[31m[1m^[22m[39m[31m
[1m^[22m[39m[31m[1m^[22m[39m[31m[1m^[22m[39m
[31m[1m^[22m[39m[31m[1m^[22m[39m[31m[1m^[22
m[39m[31m[1m^[22m[39m[31m[1m^[22m[39m[31m[1
m^[22m[39m[31m[1m^[22m[39m[31m[1m^[22m[39m[
31m[1m^[22m[39m[31m[1m^[22m[39m[31m[1m^[22m
[39m[31m[1m^[22m[39m[31m[1m^[22m[39m[31m[1m^
[22m[39m[31m[1m^[22m[39m[31m[1m^[22m[39m[31
m[1m^[22m[39m[31m[1m^[22m[39m[31m[1m^[22m[3
9m[31m[1m^[22m[39m[31m[1m^[22m[39m[31m[1m^[
22m[39m[31m[1m^[22m[39m[31m[1m^[22m[39m[31m
[1m^[22m[39m[31m[1m^[22m[39m[31m[1m^[22m[39m
[31m[1m^[22m[39m[31m[1m^[22m[39m[31m[1m^[22
m[39m[31m[1m^[22m[39m[31m[1m^[22m[39m[31m[1
m^[22m[39m[31m[1m^[22m[39m[31m[1m^[22m[39m[
31m[1m^[22m[39m
 [90m 5 |[39m [36mimport[39m { 
[33mTextureLoader[39m } [36mfrom[39m 
[32m'three'[39m[33m;[39m
 [90m 6 |[39m [36mimport[39m { 
[33mSCENE_MANAGER[39m } [36mfrom[39m 
[32m'../config/config'[39m[33m;[39m
 [90m 7 |[39m [36mimport[39m [33mReact[39m 
[36mfrom[39m [32m'react'[39m[33m;[39m[0m



Import traces:
  Client Component Browser:
    ./components/experience/core/AssetManager.tsx 
[Client Component Browser]
    ./components/experience/ExperienceRoot.tsx 
[Client Component Browser]
    ./components/experience/ExperienceRoot.tsx 
[Server Component]
    ./app/experience/page.tsx [Server Component]

  Client Component SSR:
    ./components/experience/core/AssetManager.tsx 
[Client Component SSR]
    ./components/experience/ExperienceRoot.tsx 
[Client Component SSR]
    ./components/experience/ExperienceRoot.tsx 
[Server Component]
    ./app/experience/page.tsx [Server Component]

https://nextjs.org/docs/messages/module-not-found


./components/experience/core/ScenePrecompiler.tsx:1:1
Module not found: Can't resolve '@react-three/fiber'
[0m[31m[1m>[22m[39m[90m 1 |[39m 
[36mimport[39m { createPortal[33m,[39m useThree } 
[36mfrom[39m 
[32m'@react-three/fiber'[39m[33m;[39m
 [90m   |[39m [31m[1m^[22m[39m[31m[1m^[22m[3
9m[31m[1m^[22m[39m[31m[1m^[22m[39m[31m[1m^[
22m[39m[31m[1m^[22m[39m[31m[1m^[22m[39m[31m
[1m^[22m[39m[31m[1m^[22m[39m[31m[1m^[22m[39m
[31m[1m^[22m[39m[31m[1m^[22m[39m[31m[1m^[22
m[39m[31m[1m^[22m[39m[31m[1m^[22m[39m[31m[1
m^[22m[39m[31m[1m^[22m[39m[31m[1m^[22m[39m[
31m[1m^[22m[39m[31m[1m^[22m[39m[31m[1m^[22m
[39m[31m[1m^[22m[39m[31m[1m^[22m[39m[31m[1m^
[22m[39m[31m[1m^[22m[39m[31m[1m^[22m[39m[31
m[1m^[22m[39m[31m[1m^[22m[39m[31m[1m^[22m[3
9m[31m[1m^[22m[39m[31m[1m^[22m[39m[31m[1m^[
22m[39m[31m[1m^[22m[39m[31m[1m^[22m[39m[31m
[1m^[22m[39m[31m[1m^[22m[39m[31m[1m^[22m[39m
[31m[1m^[22m[39m[31m[1m^[22m[39m[31m[1m^[22
m[39m[31m[1m^[22m[39m[31m[1m^[22m[39m[31m[1
m^[22m[39m[31m[1m^[22m[39m[31m[1m^[22m[39m[
31m[1m^[22m[39m[31m[1m^[22m[39m[31m[1m^[22m
[39m[31m[1m^[22m[39m[31m[1m^[22m[39m[31m[1m^
[22m[39m[31m[1m^[22m[39m[31m[1m^[22m[39m[31
m[1m^[22m[39m[31m[1m^[22m[39m[31m[1m^[22m[3
9m[31m[1m^[22m[39m[31m[1m^[22m[39m[31m[1m^[
22m[39m[31m[1m^[22m[39m
 [90m 2 |[39m [36mimport[39m { 
useEffect[33m,[39m useMemo[33m,[39m useState } 
[36mfrom[39m [32m'react'[39m[33m;[39m
 [90m 3 |[39m [36mimport[39m { 
[33mScene[39m[33m,[39m 
[33mWebGLRenderTarget[39m } [36mfrom[39m 
[32m'three'[39m[33m;[39m
 [90m 4 |[39m[0m



Import traces:
  Client Component Browser:
    ./components/experience/core/ScenePrecompiler.tsx 
[Client Component Browser]
    ./components/experience/core/AssetManager.tsx 
[Client Component Browser]
    ./components/experience/ExperienceRoot.tsx 
[Client Component Browser]
    ./components/experience/ExperienceRoot.tsx 
[Server Component]
    ./app/experience/page.tsx [Server Component]

  Client Component SSR:
    ./components/experience/core/ScenePrecompiler.tsx 
[Client Component SSR]
    ./components/experience/core/AssetManager.tsx 
[Client Component SSR]
    ./components/experience/ExperienceRoot.tsx 
[Client Component SSR]
    ./components/experience/ExperienceRoot.tsx 
[Server Component]
    ./app/experience/page.tsx [Server Component]

https://nextjs.org/docs/messages/module-not-found


./components/experience/hooks/usePostProcessing.ts:1:1
Module not found: Can't resolve '@react-three/fiber'
[0m[31m[1m>[22m[39m[90m 1 |[39m 
[36mimport[39m { useThree } [36mfrom[39m 
[32m'@react-three/fiber'[39m[33m;[39m
 [90m   |[39m [31m[1m^[22m[39m[31m[1m^[22m[3
9m[31m[1m^[22m[39m[31m[1m^[22m[39m[31m[1m^[
22m[39m[31m[1m^[22m[39m[31m[1m^[22m[39m[31m
[1m^[22m[39m[31m[1m^[22m[39m[31m[1m^[22m[39m
[31m[1m^[22m[39m[31m[1m^[22m[39m[31m[1m^[22
m[39m[31m[1m^[22m[39m[31m[1m^[22m[39m[31m[1
m^[22m[39m[31m[1m^[22m[39m[31m[1m^[22m[39m[
31m[1m^[22m[39m[31m[1m^[22m[39m[31m[1m^[22m
[39m[31m[1m^[22m[39m[31m[1m^[22m[39m[31m[1m^
[22m[39m[31m[1m^[22m[39m[31m[1m^[22m[39m[31
m[1m^[22m[39m[31m[1m^[22m[39m[31m[1m^[22m[3
9m[31m[1m^[22m[39m[31m[1m^[22m[39m[31m[1m^[
22m[39m[31m[1m^[22m[39m[31m[1m^[22m[39m[31m
[1m^[22m[39m[31m[1m^[22m[39m[31m[1m^[22m[39m
[31m[1m^[22m[39m[31m[1m^[22m[39m[31m[1m^[22
m[39m[31m[1m^[22m[39m[31m[1m^[22m[39m[31m[1
m^[22m[39m[31m[1m^[22m[39m[31m[1m^[22m[39m[
31m[1m^[22m[39m
 [90m 2 |[39m [36mimport[39m { 
useEffect[33m,[39m useMemo } [36mfrom[39m 
[32m'react'[39m[33m;[39m
 [90m 3 |[39m
 [90m 4 |[39m [36mimport[39m { 
[33mEffectComposer[39m } [36mfrom[39m [32m'three/
addons/postprocessing/EffectComposer.js'[39m[33m;[3
9m[0m



Import traces:
  Client Component Browser:
    
./components/experience/hooks/usePostProcessing.ts 
[Client Component Browser]
    
./components/experience/scenes/District/District.tsx 
[Client Component Browser]
    ./components/experience/scenes/District/DistrictSc
ene.tsx [Client Component Browser]
    ./components/experience/ExperienceRoot.tsx 
[Client Component Browser]
    ./components/experience/ExperienceRoot.tsx 
[Server Component]
    ./app/experience/page.tsx [Server Component]

  Client Component SSR:
    
./components/experience/hooks/usePostProcessing.ts 
[Client Component SSR]
    
./components/experience/scenes/District/District.tsx 
[Client Component SSR]
    ./components/experience/scenes/District/DistrictSc
ene.tsx [Client Component SSR]
    ./components/experience/ExperienceRoot.tsx 
[Client Component SSR]
    ./components/experience/ExperienceRoot.tsx 
[Server Component]
    ./app/experience/page.tsx [Server Component]

https://nextjs.org/docs/messages/module-not-found


./components/experience/scenes/City/City.tsx:2:1
Module not found: Can't resolve '@react-three/fiber'
[0m [90m 1 |[39m [36mimport[39m { useRef } 
[36mfrom[39m [32m"react"[39m[33m;[39m
[31m[1m>[22m[39m[90m 2 |[39m [36mimport[39m { 
useFrame[33m,[39m useLoader[33m,[39m useThree } 
[36mfrom[39m 
[32m"@react-three/fiber"[39m[33m;[39m
 [90m   |[39m [31m[1m^[22m[39m[31m[1m^[22m[3
9m[31m[1m^[22m[39m[31m[1m^[22m[39m[31m[1m^[
22m[39m[31m[1m^[22m[39m[31m[1m^[22m[39m[31m
[1m^[22m[39m[31m[1m^[22m[39m[31m[1m^[22m[39m
[31m[1m^[22m[39m[31m[1m^[22m[39m[31m[1m^[22
m[39m[31m[1m^[22m[39m[31m[1m^[22m[39m[31m[1
m^[22m[39m[31m[1m^[22m[39m[31m[1m^[22m[39m[
31m[1m^[22m[39m[31m[1m^[22m[39m[31m[1m^[22m
[39m[31m[1m^[22m[39m[31m[1m^[22m[39m[31m[1m^
[22m[39m[31m[1m^[22m[39m[31m[1m^[22m[39m[31
m[1m^[22m[39m[31m[1m^[22m[39m[31m[1m^[22m[3
9m[31m[1m^[22m[39m[31m[1m^[22m[39m[31m[1m^[
22m[39m[31m[1m^[22m[39m[31m[1m^[22m[39m[31m
[1m^[22m[39m[31m[1m^[22m[39m[31m[1m^[22m[39m
[31m[1m^[22m[39m[31m[1m^[22m[39m[31m[1m^[22
m[39m[31m[1m^[22m[39m[31m[1m^[22m[39m[31m[1
m^[22m[39m[31m[1m^[22m[39m[31m[1m^[22m[39m[
31m[1m^[22m[39m[31m[1m^[22m[39m[31m[1m^[22m
[39m[31m[1m^[22m[39m[31m[1m^[22m[39m[31m[1m^
[22m[39m[31m[1m^[22m[39m[31m[1m^[22m[39m[31
m[1m^[22m[39m[31m[1m^[22m[39m[31m[1m^[22m[3
9m[31m[1m^[22m[39m[31m[1m^[22m[39m[31m[1m^[
22m[39m[31m[1m^[22m[39m[31m[1m^[22m[39m[31m
[1m^[22m[39m[31m[1m^[22m[39m[31m[1m^[22m[39m
[31m[1m^[22m[39m[31m[1m^[22m[39m[31m[1m^[22
m[39m
 [90m 3 |[39m [36mimport[39m { 
[33mIMAGE_SCENE[39m[33m,[39m 
[33mGLOBAL[39m[33m,[39m [33mSCENE_MANAGER[39m } 
[36mfrom[39m 
[32m"../../config/config"[39m[33m;[39m
 [90m 4 |[39m [36mimport[39m { gsap } 
[36mfrom[39m [32m"gsap"[39m[33m;[39m
 [90m 5 |[39m [36mimport[39m { useSceneStore } 
[36mfrom[39m 
[32m"../../core/SceneManager"[39m[33m;[39m[0m



Import traces:
  Client Component Browser:
    ./components/experience/scenes/City/City.tsx 
[Client Component Browser]
    ./components/experience/scenes/City/CityScene.tsx 
[Client Component Browser]
    ./components/experience/ExperienceRoot.tsx 
[Client Component Browser]
    ./components/experience/ExperienceRoot.tsx 
[Server Component]
    ./app/experience/page.tsx [Server Component]

  Client Component SSR:
    ./components/experience/scenes/City/City.tsx 
[Client Component SSR]
    ./components/experience/scenes/City/CityScene.tsx 
[Client Component SSR]
    ./components/experience/ExperienceRoot.tsx 
[Client Component SSR]
    ./components/experience/ExperienceRoot.tsx 
[Server Component]
    ./app/experience/page.tsx [Server Component]

https://nextjs.org/docs/messages/module-not-found


./components/experience/scenes/Continent/Continent.tsx
:2:1
Module not found: Can't resolve '@react-three/fiber'
[0m [90m 1 |[39m [36mimport[39m { useRef } 
[36mfrom[39m [32m"react"[39m[33m;[39m
[31m[1m>[22m[39m[90m 2 |[39m [36mimport[39m { 
useFrame[33m,[39m useLoader[33m,[39m useThree } 
[36mfrom[39m 
[32m"@react-three/fiber"[39m[33m;[39m
 [90m   |[39m [31m[1m^[22m[39m[31m[1m^[22m[3
9m[31m[1m^[22m[39m[31m[1m^[22m[39m[31m[1m^[
22m[39m[31m[1m^[22m[39m[31m[1m^[22m[39m[31m
[1m^[22m[39m[31m[1m^[22m[39m[31m[1m^[22m[39m
[31m[1m^[22m[39m[31m[1m^[22m[39m[31m[1m^[22
m[39m[31m[1m^[22m[39m[31m[1m^[22m[39m[31m[1
m^[22m[39m[31m[1m^[22m[39m[31m[1m^[22m[39m[
31m[1m^[22m[39m[31m[1m^[22m[39m[31m[1m^[22m
[39m[31m[1m^[22m[39m[31m[1m^[22m[39m[31m[1m^
[22m[39m[31m[1m^[22m[39m[31m[1m^[22m[39m[31
m[1m^[22m[39m[31m[1m^[22m[39m[31m[1m^[22m[3
9m[31m[1m^[22m[39m[31m[1m^[22m[39m[31m[1m^[
22m[39m[31m[1m^[22m[39m[31m[1m^[22m[39m[31m
[1m^[22m[39m[31m[1m^[22m[39m[31m[1m^[22m[39m
[31m[1m^[22m[39m[31m[1m^[22m[39m[31m[1m^[22
m[39m[31m[1m^[22m[39m[31m[1m^[22m[39m[31m[1
m^[22m[39m[31m[1m^[22m[39m[31m[1m^[22m[39m[
31m[1m^[22m[39m[31m[1m^[22m[39m[31m[1m^[22m
[39m[31m[1m^[22m[39m[31m[1m^[22m[39m[31m[1m^
[22m[39m[31m[1m^[22m[39m[31m[1m^[22m[39m[31
m[1m^[22m[39m[31m[1m^[22m[39m[31m[1m^[22m[3
9m[31m[1m^[22m[39m[31m[1m^[22m[39m[31m[1m^[
22m[39m[31m[1m^[22m[39m[31m[1m^[22m[39m[31m
[1m^[22m[39m[31m[1m^[22m[39m[31m[1m^[22m[39m
[31m[1m^[22m[39m[31m[1m^[22m[39m[31m[1m^[22
m[39m
 [90m 3 |[39m [36mimport[39m { 
[33mIMAGE_SCENE[39m[33m,[39m 
[33mGLOBAL[39m[33m,[39m [33mSCENE_MANAGER[39m } 
[36mfrom[39m 
[32m"../../config/config"[39m[33m;[39m
 [90m 4 |[39m [36mimport[39m { gsap } 
[36mfrom[39m [32m"gsap"[39m[33m;[39m
 [90m 5 |[39m [36mimport[39m { useSceneStore } 
[36mfrom[39m 
[32m"../../core/SceneManager"[39m[33m;[39m[0m



Import traces:
  Client Component Browser:
    ./components/experience/scenes/Continent/Continent
.tsx [Client Component Browser]
    ./components/experience/scenes/Continent/Continent
Scene.tsx [Client Component Browser]
    ./components/experience/ExperienceRoot.tsx 
[Client Component Browser]
    ./components/experience/ExperienceRoot.tsx 
[Server Component]
    ./app/experience/page.tsx [Server Component]

  Client Component SSR:
    ./components/experience/scenes/Continent/Continent
.tsx [Client Component SSR]
    ./components/experience/scenes/Continent/Continent
Scene.tsx [Client Component SSR]
    ./components/experience/ExperienceRoot.tsx 
[Client Component SSR]
    ./components/experience/ExperienceRoot.tsx 
[Server Component]
    ./app/experience/page.tsx [Server Component]

https://nextjs.org/docs/messages/module-not-found


./components/experience/scenes/District/District.tsx:2
:1
Module not found: Can't resolve '@react-three/fiber'
[0m [90m 1 |[39m [36mimport[39m { useRef } 
[36mfrom[39m [32m"react"[39m[33m;[39m
[31m[1m>[22m[39m[90m 2 |[39m [36mimport[39m { 
useFrame[33m,[39m useLoader[33m,[39m useThree } 
[36mfrom[39m 
[32m"@react-three/fiber"[39m[33m;[39m
 [90m   |[39m [31m[1m^[22m[39m[31m[1m^[22m[3
9m[31m[1m^[22m[39m[31m[1m^[22m[39m[31m[1m^[
22m[39m[31m[1m^[22m[39m[31m[1m^[22m[39m[31m
[1m^[22m[39m[31m[1m^[22m[39m[31m[1m^[22m[39m
[31m[1m^[22m[39m[31m[1m^[22m[39m[31m[1m^[22
m[39m[31m[1m^[22m[39m[31m[1m^[22m[39m[31m[1
m^[22m[39m[31m[1m^[22m[39m[31m[1m^[22m[39m[
31m[1m^[22m[39m[31m[1m^[22m[39m[31m[1m^[22m
[39m[31m[1m^[22m[39m[31m[1m^[22m[39m[31m[1m^
[22m[39m[31m[1m^[22m[39m[31m[1m^[22m[39m[31
m[1m^[22m[39m[31m[1m^[22m[39m[31m[1m^[22m[3
9m[31m[1m^[22m[39m[31m[1m^[22m[39m[31m[1m^[
22m[39m[31m[1m^[22m[39m[31m[1m^[22m[39m[31m
[1m^[22m[39m[31m[1m^[22m[39m[31m[1m^[22m[39m
[31m[1m^[22m[39m[31m[1m^[22m[39m[31m[1m^[22
m[39m[31m[1m^[22m[39m[31m[1m^[22m[39m[31m[1
m^[22m[39m[31m[1m^[22m[39m[31m[1m^[22m[39m[
31m[1m^[22m[39m[31m[1m^[22m[39m[31m[1m^[22m
[39m[31m[1m^[22m[39m[31m[1m^[22m[39m[31m[1m^
[22m[39m[31m[1m^[22m[39m[31m[1m^[22m[39m[31
m[1m^[22m[39m[31m[1m^[22m[39m[31m[1m^[22m[3
9m[31m[1m^[22m[39m[31m[1m^[22m[39m[31m[1m^[
22m[39m[31m[1m^[22m[39m[31m[1m^[22m[39m[31m
[1m^[22m[39m[31m[1m^[22m[39m[31m[1m^[22m[39m
[31m[1m^[22m[39m[31m[1m^[22m[39m[31m[1m^[22
m[39m
 [90m 3 |[39m [36mimport[39m { 
[33mIMAGE_SCENE[39m[33m,[39m 
[33mGLOBAL[39m[33m,[39m [33mSCENE_MANAGER[39m } 
[36mfrom[39m 
[32m"../../config/config"[39m[33m;[39m
 [90m 4 |[39m [36mimport[39m { gsap } 
[36mfrom[39m [32m"gsap"[39m[33m;[39m
 [90m 5 |[39m [36mimport[39m { useSceneStore } 
[36mfrom[39m 
[32m"../../core/SceneManager"[39m[33m;[39m[0m



Import traces:
  Client Component Browser:
    
./components/experience/scenes/District/District.tsx 
[Client Component Browser]
    ./components/experience/scenes/District/DistrictSc
ene.tsx [Client Component Browser]
    ./components/experience/ExperienceRoot.tsx 
[Client Component Browser]
    ./components/experience/ExperienceRoot.tsx 
[Server Component]
    ./app/experience/page.tsx [Server Component]

  Client Component SSR:
    
./components/experience/scenes/District/District.tsx 
[Client Component SSR]
    ./components/experience/scenes/District/DistrictSc
ene.tsx [Client Component SSR]
    ./components/experience/ExperienceRoot.tsx 
[Client Component SSR]
    ./components/experience/ExperienceRoot.tsx 
[Server Component]
    ./app/experience/page.tsx [Server Component]

https://nextjs.org/docs/messages/module-not-found


./components/experience/scenes/Galaxy/Galaxy.tsx:3:1
Module not found: Can't resolve '@react-three/fiber'
[0m [90m 1 |[39m [36mimport[39m { 
[33mPoints[39m[33m,[39m useGLTF } [36mfrom[39m 
[32m'@react-three/drei'[39m
 [90m 2 |[39m [36mimport[39m { [33mGLTF[39m } 
[36mfrom[39m [32m'three-stdlib'[39m
[31m[1m>[22m[39m[90m 3 |[39m [36mimport[39m { 
useFrame[33m,[39m useLoader[33m,[39m useThree } 
[36mfrom[39m [32m'@react-three/fiber'[39m
 [90m   |[39m [31m[1m^[22m[39m[31m[1m^[22m[3
9m[31m[1m^[22m[39m[31m[1m^[22m[39m[31m[1m^[
22m[39m[31m[1m^[22m[39m[31m[1m^[22m[39m[31m
[1m^[22m[39m[31m[1m^[22m[39m[31m[1m^[22m[39m
[31m[1m^[22m[39m[31m[1m^[22m[39m[31m[1m^[22
m[39m[31m[1m^[22m[39m[31m[1m^[22m[39m[31m[1
m^[22m[39m[31m[1m^[22m[39m[31m[1m^[22m[39m[
31m[1m^[22m[39m[31m[1m^[22m[39m[31m[1m^[22m
[39m[31m[1m^[22m[39m[31m[1m^[22m[39m[31m[1m^
[22m[39m[31m[1m^[22m[39m[31m[1m^[22m[39m[31
m[1m^[22m[39m[31m[1m^[22m[39m[31m[1m^[22m[3
9m[31m[1m^[22m[39m[31m[1m^[22m[39m[31m[1m^[
22m[39m[31m[1m^[22m[39m[31m[1m^[22m[39m[31m
[1m^[22m[39m[31m[1m^[22m[39m[31m[1m^[22m[39m
[31m[1m^[22m[39m[31m[1m^[22m[39m[31m[1m^[22
m[39m[31m[1m^[22m[39m[31m[1m^[22m[39m[31m[1
m^[22m[39m[31m[1m^[22m[39m[31m[1m^[22m[39m[
31m[1m^[22m[39m[31m[1m^[22m[39m[31m[1m^[22m
[39m[31m[1m^[22m[39m[31m[1m^[22m[39m[31m[1m^
[22m[39m[31m[1m^[22m[39m[31m[1m^[22m[39m[31
m[1m^[22m[39m[31m[1m^[22m[39m[31m[1m^[22m[3
9m[31m[1m^[22m[39m[31m[1m^[22m[39m[31m[1m^[
22m[39m[31m[1m^[22m[39m[31m[1m^[22m[39m[31m
[1m^[22m[39m[31m[1m^[22m[39m[31m[1m^[22m[39m
[31m[1m^[22m[39m[31m[1m^[22m[39m
 [90m 4 |[39m [36mimport[39m { useMemo[33m,[39m 
useRef } [36mfrom[39m [32m'react'[39m
 [90m 5 |[39m [36mimport[39m { 
[33mGALAXY[39m[33m,[39m 
[33mGLOBAL[39m[33m,[39m [33mSCENE_MANAGER[39m } 
[36mfrom[39m [32m'../../config/config'[39m
 [90m 6 |[39m [36mimport[39m { useSceneStore } 
[36mfrom[39m [32m'../../core/SceneManager'[39m[0m



Import traces:
  Client Component Browser:
    ./components/experience/scenes/Galaxy/Galaxy.tsx 
[Client Component Browser]
    
./components/experience/scenes/Galaxy/GalaxyScene.tsx 
[Client Component Browser]
    ./components/experience/ExperienceRoot.tsx 
[Client Component Browser]
    ./components/experience/ExperienceRoot.tsx 
[Server Component]
    ./app/experience/page.tsx [Server Component]

  Client Component SSR:
    ./components/experience/scenes/Galaxy/Galaxy.tsx 
[Client Component SSR]
    
./components/experience/scenes/Galaxy/GalaxyScene.tsx 
[Client Component SSR]
    ./components/experience/ExperienceRoot.tsx 
[Client Component SSR]
    ./components/experience/ExperienceRoot.tsx 
[Server Component]
    ./app/experience/page.tsx [Server Component]

https://nextjs.org/docs/messages/module-not-found


./components/experience/scenes/Room/Room.tsx:2:1
Module not found: Can't resolve '@react-three/fiber'
[0m [90m 1 |[39m [36mimport[39m { useEffect } 
[36mfrom[39m [32m"react"[39m[33m;[39m
[31m[1m>[22m[39m[90m 2 |[39m [36mimport[39m { 
useThree } [36mfrom[39m 
[32m"@react-three/fiber"[39m[33m;[39m
 [90m   |[39m [31m[1m^[22m[39m[31m[1m^[22m[3
9m[31m[1m^[22m[39m[31m[1m^[22m[39m[31m[1m^[
22m[39m[31m[1m^[22m[39m[31m[1m^[22m[39m[31m
[1m^[22m[39m[31m[1m^[22m[39m[31m[1m^[22m[39m
[31m[1m^[22m[39m[31m[1m^[22m[39m[31m[1m^[22
m[39m[31m[1m^[22m[39m[31m[1m^[22m[39m[31m[1
m^[22m[39m[31m[1m^[22m[39m[31m[1m^[22m[39m[
31m[1m^[22m[39m[31m[1m^[22m[39m[31m[1m^[22m
[39m[31m[1m^[22m[39m[31m[1m^[22m[39m[31m[1m^
[22m[39m[31m[1m^[22m[39m[31m[1m^[22m[39m[31
m[1m^[22m[39m[31m[1m^[22m[39m[31m[1m^[22m[3
9m[31m[1m^[22m[39m[31m[1m^[22m[39m[31m[1m^[
22m[39m[31m[1m^[22m[39m[31m[1m^[22m[39m[31m
[1m^[22m[39m[31m[1m^[22m[39m[31m[1m^[22m[39m
[31m[1m^[22m[39m[31m[1m^[22m[39m[31m[1m^[22
m[39m[31m[1m^[22m[39m[31m[1m^[22m[39m[31m[1
m^[22m[39m[31m[1m^[22m[39m[31m[1m^[22m[39m[
31m[1m^[22m[39m
 [90m 3 |[39m [36mimport[39m { 
[33mGLOBAL[39m[33m,[39m 
[33mDEVICE[39m[33m,[39m [33mROOM[39m[33m,[39m 
[33mSCENE_MANAGER[39m } [36mfrom[39m 
[32m"../../config/config"[39m[33m;[39m
 [90m 4 |[39m [36mimport[39m { gsap } 
[36mfrom[39m [32m"gsap"[39m[33m;[39m
 [90m 5 |[39m [36mimport[39m { useGLTF } 
[36mfrom[39m 
[32m'@react-three/drei'[39m[33m;[39m[0m



Import traces:
  Client Component Browser:
    ./components/experience/scenes/Room/Room.tsx 
[Client Component Browser]
    ./components/experience/scenes/Room/RoomScene.tsx 
[Client Component Browser]
    ./components/experience/ExperienceRoot.tsx 
[Client Component Browser]
    ./components/experience/ExperienceRoot.tsx 
[Server Component]
    ./app/experience/page.tsx [Server Component]

  Client Component SSR:
    ./components/experience/scenes/Room/Room.tsx 
[Client Component SSR]
    ./components/experience/scenes/Room/RoomScene.tsx 
[Client Component SSR]
    ./components/experience/ExperienceRoot.tsx 
[Client Component SSR]
    ./components/experience/ExperienceRoot.tsx 
[Server Component]
    ./app/experience/page.tsx [Server Component]

https://nextjs.org/docs/messages/module-not-found


./components/experience/scenes/SolarSystem/Components/
Planet.tsx:2:1
Module not found: Can't resolve '@react-three/fiber'
[0m [90m 1 |[39m [36mimport[39m 
[33mReact[39m[33m,[39m { useMemo[33m,[39m 
useRef[33m,[39m forwardRef } [36mfrom[39m 
[32m"react"[39m[33m;[39m
[31m[1m>[22m[39m[90m 2 |[39m [36mimport[39m { 
useFrame[33m,[39m useLoader } [36mfrom[39m 
[32m"@react-three/fiber"[39m[33m;[39m
 [90m   |[39m [31m[1m^[22m[39m[31m[1m^[22m[3
9m[31m[1m^[22m[39m[31m[1m^[22m[39m[31m[1m^[
22m[39m[31m[1m^[22m[39m[31m[1m^[22m[39m[31m
[1m^[22m[39m[31m[1m^[22m[39m[31m[1m^[22m[39m
[31m[1m^[22m[39m[31m[1m^[22m[39m[31m[1m^[22
m[39m[31m[1m^[22m[39m[31m[1m^[22m[39m[31m[1
m^[22m[39m[31m[1m^[22m[39m[31m[1m^[22m[39m[
31m[1m^[22m[39m[31m[1m^[22m[39m[31m[1m^[22m
[39m[31m[1m^[22m[39m[31m[1m^[22m[39m[31m[1m^
[22m[39m[31m[1m^[22m[39m[31m[1m^[22m[39m[31
m[1m^[22m[39m[31m[1m^[22m[39m[31m[1m^[22m[3
9m[31m[1m^[22m[39m[31m[1m^[22m[39m[31m[1m^[
22m[39m[31m[1m^[22m[39m[31m[1m^[22m[39m[31m
[1m^[22m[39m[31m[1m^[22m[39m[31m[1m^[22m[39m
[31m[1m^[22m[39m[31m[1m^[22m[39m[31m[1m^[22
m[39m[31m[1m^[22m[39m[31m[1m^[22m[39m[31m[1
m^[22m[39m[31m[1m^[22m[39m[31m[1m^[22m[39m[
31m[1m^[22m[39m[31m[1m^[22m[39m[31m[1m^[22m
[39m[31m[1m^[22m[39m[31m[1m^[22m[39m[31m[1m^
[22m[39m[31m[1m^[22m[39m[31m[1m^[22m[39m[31
m[1m^[22m[39m[31m[1m^[22m[39m[31m[1m^[22m[3
9m[31m[1m^[22m[39m
 [90m 3 |[39m [36mimport[39m {
 [90m 4 |[39m   [33mGroup[39m[33m,[39m
 [90m 5 |[39m   [33mColor[39m[33m,[39m[0m



Import traces:
  Client Component Browser:
    ./components/experience/scenes/SolarSystem/Compone
nts/Planet.tsx [Client Component Browser]
    ./components/experience/scenes/SolarSystem/SolarSy
stem.tsx [Client Component Browser]
    ./components/experience/scenes/SolarSystem/SolarSy
stemScene.tsx [Client Component Browser]
    ./components/experience/ExperienceRoot.tsx 
[Client Component Browser]
    ./components/experience/ExperienceRoot.tsx 
[Server Component]
    ./app/experience/page.tsx [Server Component]

  Client Component SSR:
    ./components/experience/scenes/SolarSystem/Compone
nts/Planet.tsx [Client Component SSR]
    ./components/experience/scenes/SolarSystem/SolarSy
stem.tsx [Client Component SSR]
    ./components/experience/scenes/SolarSystem/SolarSy
stemScene.tsx [Client Component SSR]
    ./components/experience/ExperienceRoot.tsx 
[Client Component SSR]
    ./components/experience/ExperienceRoot.tsx 
[Server Component]
    ./app/experience/page.tsx [Server Component]

https://nextjs.org/docs/messages/module-not-found


./components/experience/scenes/SolarSystem/Components/
Stars.tsx:2:1
Module not found: Can't resolve '@react-three/fiber'
[0m [90m 1 |[39m [36mimport[39m { 
useRef[33m,[39m useMemo } [36mfrom[39m 
[32m'react'[39m
[31m[1m>[22m[39m[90m 2 |[39m [36mimport[39m { 
useLoader } [36mfrom[39m 
[32m'@react-three/fiber'[39m[33m;[39m
 [90m   |[39m [31m[1m^[22m[39m[31m[1m^[22m[3
9m[31m[1m^[22m[39m[31m[1m^[22m[39m[31m[1m^[
22m[39m[31m[1m^[22m[39m[31m[1m^[22m[39m[31m
[1m^[22m[39m[31m[1m^[22m[39m[31m[1m^[22m[39m
[31m[1m^[22m[39m[31m[1m^[22m[39m[31m[1m^[22
m[39m[31m[1m^[22m[39m[31m[1m^[22m[39m[31m[1
m^[22m[39m[31m[1m^[22m[39m[31m[1m^[22m[39m[
31m[1m^[22m[39m[31m[1m^[22m[39m[31m[1m^[22m
[39m[31m[1m^[22m[39m[31m[1m^[22m[39m[31m[1m^
[22m[39m[31m[1m^[22m[39m[31m[1m^[22m[39m[31
m[1m^[22m[39m[31m[1m^[22m[39m[31m[1m^[22m[3
9m[31m[1m^[22m[39m[31m[1m^[22m[39m[31m[1m^[
22m[39m[31m[1m^[22m[39m[31m[1m^[22m[39m[31m
[1m^[22m[39m[31m[1m^[22m[39m[31m[1m^[22m[39m
[31m[1m^[22m[39m[31m[1m^[22m[39m[31m[1m^[22
m[39m[31m[1m^[22m[39m[31m[1m^[22m[39m[31m[1
m^[22m[39m[31m[1m^[22m[39m[31m[1m^[22m[39m[
31m[1m^[22m[39m[31m[1m^[22m[39m
 [90m 3 |[39m [36mimport[39m { 
[33mSCENE_MANAGER[39m[33m,[39m 
[33mSOLAR_SYSTEM[39m } [36mfrom[39m 
[32m'../../../config/config'[39m[33m;[39m
 [90m 4 |[39m [36mimport[39m { 
[33mAdditiveBlending[39m[33m,[39m 
[33mBufferGeometry[39m[33m,[39m 
[33mFloat32BufferAttribute[39m[33m,[39m 
[33mGroup[39m[33m,[39m 
[33mMathUtils[39m[33m,[39m 
[33mPointsMaterial[39m[33m,[39m 
[33mTextureLoader[39m } [36mfrom[39m 
[32m'three'[39m[33m;[39m
 [90m 5 |[39m[0m



Import traces:
  Client Component Browser:
    ./components/experience/scenes/SolarSystem/Compone
nts/Stars.tsx [Client Component Browser]
    ./components/experience/scenes/SolarSystem/SolarSy
stem.tsx [Client Component Browser]
    ./components/experience/scenes/SolarSystem/SolarSy
stemScene.tsx [Client Component Browser]
    ./components/experience/ExperienceRoot.tsx 
[Client Component Browser]
    ./components/experience/ExperienceRoot.tsx 
[Server Component]
    ./app/experience/page.tsx [Server Component]

  Client Component SSR:
    ./components/experience/scenes/SolarSystem/Compone
nts/Stars.tsx [Client Component SSR]
    ./components/experience/scenes/SolarSystem/SolarSy
stem.tsx [Client Component SSR]
    ./components/experience/scenes/SolarSystem/SolarSy
stemScene.tsx [Client Component SSR]
    ./components/experience/ExperienceRoot.tsx 
[Client Component SSR]
    ./components/experience/ExperienceRoot.tsx 
[Server Component]
    ./app/experience/page.tsx [Server Component]

https://nextjs.org/docs/messages/module-not-found


./components/experience/scenes/SolarSystem/Components/
Sun.tsx:2:1
Module not found: Can't resolve '@react-three/fiber'
[0m [90m 1 |[39m [36mimport[39m { 
useRef[33m,[39m useMemo } [36mfrom[39m 
[32m"react"[39m[33m;[39m
[31m[1m>[22m[39m[90m 2 |[39m [36mimport[39m { 
useFrame[33m,[39m useLoader } [36mfrom[39m 
[32m"@react-three/fiber"[39m[33m;[39m
 [90m   |[39m [31m[1m^[22m[39m[31m[1m^[22m[3
9m[31m[1m^[22m[39m[31m[1m^[22m[39m[31m[1m^[
22m[39m[31m[1m^[22m[39m[31m[1m^[22m[39m[31m
[1m^[22m[39m[31m[1m^[22m[39m[31m[1m^[22m[39m
[31m[1m^[22m[39m[31m[1m^[22m[39m[31m[1m^[22
m[39m[31m[1m^[22m[39m[31m[1m^[22m[39m[31m[1
m^[22m[39m[31m[1m^[22m[39m[31m[1m^[22m[39m[
31m[1m^[22m[39m[31m[1m^[22m[39m[31m[1m^[22m
[39m[31m[1m^[22m[39m[31m[1m^[22m[39m[31m[1m^
[22m[39m[31m[1m^[22m[39m[31m[1m^[22m[39m[31
m[1m^[22m[39m[31m[1m^[22m[39m[31m[1m^[22m[3
9m[31m[1m^[22m[39m[31m[1m^[22m[39m[31m[1m^[
22m[39m[31m[1m^[22m[39m[31m[1m^[22m[39m[31m
[1m^[22m[39m[31m[1m^[22m[39m[31m[1m^[22m[39m
[31m[1m^[22m[39m[31m[1m^[22m[39m[31m[1m^[22
m[39m[31m[1m^[22m[39m[31m[1m^[22m[39m[31m[1
m^[22m[39m[31m[1m^[22m[39m[31m[1m^[22m[39m[
31m[1m^[22m[39m[31m[1m^[22m[39m[31m[1m^[22m
[39m[31m[1m^[22m[39m[31m[1m^[22m[39m[31m[1m^
[22m[39m[31m[1m^[22m[39m[31m[1m^[22m[39m[31
m[1m^[22m[39m[31m[1m^[22m[39m[31m[1m^[22m[3
9m[31m[1m^[22m[39m
 [90m 3 |[39m [36mimport[39m { 
sunFragmentShaderCorona[33m,[39m 
sunFragmentShaderSurface[33m,[39m 
sunVertexShaderCorona[33m,[39m 
sunVertexShaderSurface } [36mfrom[39m 
[32m"../../../shaders/sunShaders"[39m[33m;[39m
 [90m 4 |[39m [36mimport[39m { 
[33mSCENE_MANAGER[39m[33m,[39m 
[33mSOLAR_SYSTEM[39m } [36mfrom[39m 
[32m"../../../config/config"[39m[33m;[39m
 [90m 5 |[39m [36mimport[39m { 
[33mAdditiveBlending[39m[33m,[39m 
[33mBackSide[39m[33m,[39m 
[33mGroup[39m[33m,[39m 
[33mIcosahedronGeometry[39m[33m,[39m 
[33mMesh[39m[33m,[39m 
[33mPointLight[39m[33m,[39m 
[33mShaderMaterial[39m[33m,[39m 
[33mSphereGeometry[39m[33m,[39m 
[33mTextureLoader[39m } [36mfrom[39m 
[32m"three"[39m[33m;[39m[0m



Import traces:
  Client Component Browser:
    ./components/experience/scenes/SolarSystem/Compone
nts/Sun.tsx [Client Component Browser]
    ./components/experience/scenes/SolarSystem/SolarSy
stem.tsx [Client Component Browser]
    ./components/experience/scenes/SolarSystem/SolarSy
stemScene.tsx [Client Component Browser]
    ./components/experience/ExperienceRoot.tsx 
[Client Component Browser]
    ./components/experience/ExperienceRoot.tsx 
[Server Component]
    ./app/experience/page.tsx [Server Component]

  Client Component SSR:
    ./components/experience/scenes/SolarSystem/Compone
nts/Sun.tsx [Client Component SSR]
    ./components/experience/scenes/SolarSystem/SolarSy
stem.tsx [Client Component SSR]
    ./components/experience/scenes/SolarSystem/SolarSy
stemScene.tsx [Client Component SSR]
    ./components/experience/ExperienceRoot.tsx 
[Client Component SSR]
    ./components/experience/ExperienceRoot.tsx 
[Server Component]
    ./app/experience/page.tsx [Server Component]

https://nextjs.org/docs/messages/module-not-found


./components/experience/scenes/SolarSystem/Earth.tsx:2
:1
Module not found: Can't resolve '@react-three/fiber'
[0m [90m 1 |[39m [36mimport[39m { 
useRef[33m,[39m forwardRef } [36mfrom[39m 
[32m"react"[39m[33m;[39m
[31m[1m>[22m[39m[90m 2 |[39m [36mimport[39m { 
useFrame[33m,[39m useThree } [36mfrom[39m 
[32m"@react-three/fiber"[39m[33m;[39m
 [90m   |[39m [31m[1m^[22m[39m[31m[1m^[22m[3
9m[31m[1m^[22m[39m[31m[1m^[22m[39m[31m[1m^[
22m[39m[31m[1m^[22m[39m[31m[1m^[22m[39m[31m
[1m^[22m[39m[31m[1m^[22m[39m[31m[1m^[22m[39m
[31m[1m^[22m[39m[31m[1m^[22m[39m[31m[1m^[22
m[39m[31m[1m^[22m[39m[31m[1m^[22m[39m[31m[1
m^[22m[39m[31m[1m^[22m[39m[31m[1m^[22m[39m[
31m[1m^[22m[39m[31m[1m^[22m[39m[31m[1m^[22m
[39m[31m[1m^[22m[39m[31m[1m^[22m[39m[31m[1m^
[22m[39m[31m[1m^[22m[39m[31m[1m^[22m[39m[31
m[1m^[22m[39m[31m[1m^[22m[39m[31m[1m^[22m[3
9m[31m[1m^[22m[39m[31m[1m^[22m[39m[31m[1m^[
22m[39m[31m[1m^[22m[39m[31m[1m^[22m[39m[31m
[1m^[22m[39m[31m[1m^[22m[39m[31m[1m^[22m[39m
[31m[1m^[22m[39m[31m[1m^[22m[39m[31m[1m^[22
m[39m[31m[1m^[22m[39m[31m[1m^[22m[39m[31m[1
m^[22m[39m[31m[1m^[22m[39m[31m[1m^[22m[39m[
31m[1m^[22m[39m[31m[1m^[22m[39m[31m[1m^[22m
[39m[31m[1m^[22m[39m[31m[1m^[22m[39m[31m[1m^
[22m[39m[31m[1m^[22m[39m[31m[1m^[22m[39m[31
m[1m^[22m[39m[31m[1m^[22m[39m[31m[1m^[22m[3
9m
 [90m 3 |[39m [36mimport[39m { [33mPlanet[39m } 
[36mfrom[39m 
[32m"./Components/Planet"[39m[33m;[39m
 [90m 4 |[39m [36mimport[39m { [33mEARTH[39m } 
[36mfrom[39m 
[32m"../../config/config"[39m[33m;[39m
 [90m 5 |[39m [36mimport[39m { gsap } 
[36mfrom[39m [32m"gsap"[39m[33m;[39m[0m



Import traces:
  Client Component Browser:
    
./components/experience/scenes/SolarSystem/Earth.tsx 
[Client Component Browser]
    ./components/experience/scenes/SolarSystem/SolarSy
stem.tsx [Client Component Browser]
    ./components/experience/scenes/SolarSystem/SolarSy
stemScene.tsx [Client Component Browser]
    ./components/experience/ExperienceRoot.tsx 
[Client Component Browser]
    ./components/experience/ExperienceRoot.tsx 
[Server Component]
    ./app/experience/page.tsx [Server Component]

  Client Component SSR:
    
./components/experience/scenes/SolarSystem/Earth.tsx 
[Client Component SSR]
    ./components/experience/scenes/SolarSystem/SolarSy
stem.tsx [Client Component SSR]
    ./components/experience/scenes/SolarSystem/SolarSy
stemScene.tsx [Client Component SSR]
    ./components/experience/ExperienceRoot.tsx 
[Client Component SSR]
    ./components/experience/ExperienceRoot.tsx 
[Server Component]
    ./app/experience/page.tsx [Server Component]

https://nextjs.org/docs/messages/module-not-found


./components/experience/scenes/SolarSystem/SolarSystem
.tsx:1:1
Module not found: Can't resolve '@react-three/fiber'
[0m[31m[1m>[22m[39m[90m 1 |[39m 
[36mimport[39m { useThree } [36mfrom[39m 
[32m'@react-three/fiber'[39m
 [90m   |[39m [31m[1m^[22m[39m[31m[1m^[22m[3
9m[31m[1m^[22m[39m[31m[1m^[22m[39m[31m[1m^[
22m[39m[31m[1m^[22m[39m[31m[1m^[22m[39m[31m
[1m^[22m[39m[31m[1m^[22m[39m[31m[1m^[22m[39m
[31m[1m^[22m[39m[31m[1m^[22m[39m[31m[1m^[22
m[39m[31m[1m^[22m[39m[31m[1m^[22m[39m[31m[1
m^[22m[39m[31m[1m^[22m[39m[31m[1m^[22m[39m[
31m[1m^[22m[39m[31m[1m^[22m[39m[31m[1m^[22m
[39m[31m[1m^[22m[39m[31m[1m^[22m[39m[31m[1m^
[22m[39m[31m[1m^[22m[39m[31m[1m^[22m[39m[31
m[1m^[22m[39m[31m[1m^[22m[39m[31m[1m^[22m[3
9m[31m[1m^[22m[39m[31m[1m^[22m[39m[31m[1m^[
22m[39m[31m[1m^[22m[39m[31m[1m^[22m[39m[31m
[1m^[22m[39m[31m[1m^[22m[39m[31m[1m^[22m[39m
[31m[1m^[22m[39m[31m[1m^[22m[39m[31m[1m^[22
m[39m[31m[1m^[22m[39m[31m[1m^[22m[39m[31m[1
m^[22m[39m[31m[1m^[22m[39m[31m[1m^[22m[39m
 [90m 2 |[39m [36mimport[39m { 
useEffect[33m,[39m useRef } [36mfrom[39m 
[32m'react'[39m
 [90m 3 |[39m [36mimport[39m { [33mPlanet[39m } 
[36mfrom[39m [32m'./Components/Planet'[39m
 [90m 4 |[39m [36mimport[39m { [33mEarth[39m } 
[36mfrom[39m [32m'./Earth'[39m[0m



Import traces:
  Client Component Browser:
    ./components/experience/scenes/SolarSystem/SolarSy
stem.tsx [Client Component Browser]
    ./components/experience/scenes/SolarSystem/SolarSy
stemScene.tsx [Client Component Browser]
    ./components/experience/ExperienceRoot.tsx 
[Client Component Browser]
    ./components/experience/ExperienceRoot.tsx 
[Server Component]
    ./app/experience/page.tsx [Server Component]

  Client Component SSR:
    ./components/experience/scenes/SolarSystem/SolarSy
stem.tsx [Client Component SSR]
    ./components/experience/scenes/SolarSystem/SolarSy
stemScene.tsx [Client Component SSR]
    ./components/experience/ExperienceRoot.tsx 
[Client Component SSR]
    ./components/experience/ExperienceRoot.tsx 
[Server Component]
    ./app/experience/page.tsx [Server Component]

https://nextjs.org/docs/messages/module-not-found


./components/sentient-sphere.tsx:4:1
Module not found: Can't resolve '@react-three/fiber'
[0m [90m 2 |[39m
 [90m 3 |[39m [36mimport[39m { useRef[33m,[39m 
useMemo[33m,[39m useEffect[33m,[39m useState } 
[36mfrom[39m [32m"react"[39m
[31m[1m>[22m[39m[90m 4 |[39m [36mimport[39m { 
[33mCanvas[39m[33m,[39m useFrame[33m,[39m 
useThree } [36mfrom[39m 
[32m"@react-three/fiber"[39m
 [90m   |[39m [31m[1m^[22m[39m[31m[1m^[22m[3
9m[31m[1m^[22m[39m[31m[1m^[22m[39m[31m[1m^[
22m[39m[31m[1m^[22m[39m[31m[1m^[22m[39m[31m
[1m^[22m[39m[31m[1m^[22m[39m[31m[1m^[22m[39m
[31m[1m^[22m[39m[31m[1m^[22m[39m[31m[1m^[22
m[39m[31m[1m^[22m[39m[31m[1m^[22m[39m[31m[1
m^[22m[39m[31m[1m^[22m[39m[31m[1m^[22m[39m[
31m[1m^[22m[39m[31m[1m^[22m[39m[31m[1m^[22m
[39m[31m[1m^[22m[39m[31m[1m^[22m[39m[31m[1m^
[22m[39m[31m[1m^[22m[39m[31m[1m^[22m[39m[31
m[1m^[22m[39m[31m[1m^[22m[39m[31m[1m^[22m[3
9m[31m[1m^[22m[39m[31m[1m^[22m[39m[31m[1m^[
22m[39m[31m[1m^[22m[39m[31m[1m^[22m[39m[31m
[1m^[22m[39m[31m[1m^[22m[39m[31m[1m^[22m[39m
[31m[1m^[22m[39m[31m[1m^[22m[39m[31m[1m^[22
m[39m[31m[1m^[22m[39m[31m[1m^[22m[39m[31m[1
m^[22m[39m[31m[1m^[22m[39m[31m[1m^[22m[39m[
31m[1m^[22m[39m[31m[1m^[22m[39m[31m[1m^[22m
[39m[31m[1m^[22m[39m[31m[1m^[22m[39m[31m[1m^
[22m[39m[31m[1m^[22m[39m[31m[1m^[22m[39m[31
m[1m^[22m[39m[31m[1m^[22m[39m[31m[1m^[22m[3
9m[31m[1m^[22m[39m[31m[1m^[22m[39m[31m[1m^[
22m[39m[31m[1m^[22m[39m[31m[1m^[22m[39m[31m
[1m^[22m[39m[31m[1m^[22m[39m
 [90m 5 |[39m [36mimport[39m { 
[33mMathUtils[39m } [36mfrom[39m [32m"three"[39m
 [90m 6 |[39m [36mimport[39m type { 
[33mMesh[39m[33m,[39m [33mShaderMaterial[39m } 
[36mfrom[39m [32m"three"[39m
 [90m 7 |[39m[0m



Import traces:
  Client Component Browser:
    ./components/sentient-sphere.tsx [Client 
Component Browser]
    ./components/hero.tsx [Client Component Browser]
    ./components/hero.tsx [Server Component]
    ./app/page.tsx [Server Component]

  Client Component SSR:
    ./components/sentient-sphere.tsx [Client 
Component SSR]
    ./components/hero.tsx [Client Component SSR]
    ./components/hero.tsx [Server Component]
    ./app/page.tsx [Server Component]

https://nextjs.org/docs/messages/module-not-found


./components/about.tsx:4:1
Module not found: Can't resolve 'framer-motion'
[0m [90m 2 |[39m
 [90m 3 |[39m [36mimport[39m { useRef } 
[36mfrom[39m [32m"react"[39m
[31m[1m>[22m[39m[90m 4 |[39m [36mimport[39m { 
motion[33m,[39m useScroll[33m,[39m 
useTransform[33m,[39m useSpring } [36mfrom[39m 
[32m"framer-motion"[39m
 [90m   |[39m [31m[1m^[22m[39m[31m[1m^[22m[3
9m[31m[1m^[22m[39m[31m[1m^[22m[39m[31m[1m^[
22m[39m[31m[1m^[22m[39m[31m[1m^[22m[39m[31m
[1m^[22m[39m[31m[1m^[22m[39m[31m[1m^[22m[39m
[31m[1m^[22m[39m[31m[1m^[22m[39m[31m[1m^[22
m[39m[31m[1m^[22m[39m[31m[1m^[22m[39m[31m[1
m^[22m[39m[31m[1m^[22m[39m[31m[1m^[22m[39m[
31m[1m^[22m[39m[31m[1m^[22m[39m[31m[1m^[22m
[39m[31m[1m^[22m[39m[31m[1m^[22m[39m[31m[1m^
[22m[39m[31m[1m^[22m[39m[31m[1m^[22m[39m[31
m[1m^[22m[39m[31m[1m^[22m[39m[31m[1m^[22m[3
9m[31m[1m^[22m[39m[31m[1m^[22m[39m[31m[1m^[
22m[39m[31m[1m^[22m[39m[31m[1m^[22m[39m[31m
[1m^[22m[39m[31m[1m^[22m[39m[31m[1m^[22m[39m
[31m[1m^[22m[39m[31m[1m^[22m[39m[31m[1m^[22
m[39m[31m[1m^[22m[39m[31m[1m^[22m[39m[31m[1
m^[22m[39m[31m[1m^[22m[39m[31m[1m^[22m[39m[
31m[1m^[22m[39m[31m[1m^[22m[39m[31m[1m^[22m
[39m[31m[1m^[22m[39m[31m[1m^[22m[39m[31m[1m^
[22m[39m[31m[1m^[22m[39m[31m[1m^[22m[39m[31
m[1m^[22m[39m[31m[1m^[22m[39m[31m[1m^[22m[3
9m[31m[1m^[22m[39m[31m[1m^[22m[39m[31m[1m^[
22m[39m[31m[1m^[22m[39m[31m[1m^[22m[39m[31m
[1m^[22m[39m[31m[1m^[22m[39m[31m[1m^[22m[39m
[31m[1m^[22m[39m[31m[1m^[22m[39m[31m[1m^[22
m[39m[31m[1m^[22m[39m[31m[1m^[22m[39m[31m[1
m^[22m[39m[31m[1m^[22m[39m[31m[1m^[22m[39m[
31m[1m^[22m[39m[31m[1m^[22m[39m
 [90m 5 |[39m
 [90m 6 |[39m [36mconst[39m statements 
[33m=[39m [
 [90m 7 |[39m   [32m"Satellites don't debug 
themselves. AstraGuard does."[39m[33m,[39m[0m



Import trace:
  Server Component:
    ./components/about.tsx
    ./app/page.tsx

https://nextjs.org/docs/messages/module-not-found


./components/custom-cursor.tsx:4:1
Module not found: Can't resolve 'framer-motion'
[0m [90m 2 |[39m
 [90m 3 |[39m [36mimport[39m { 
useEffect[33m,[39m useState } [36mfrom[39m 
[32m"react"[39m
[31m[1m>[22m[39m[90m 4 |[39m [36mimport[39m { 
motion } [36mfrom[39m [32m"framer-motion"[39m
 [90m   |[39m [31m[1m^[22m[39m[31m[1m^[22m[3
9m[31m[1m^[22m[39m[31m[1m^[22m[39m[31m[1m^[
22m[39m[31m[1m^[22m[39m[31m[1m^[22m[39m[31m
[1m^[22m[39m[31m[1m^[22m[39m[31m[1m^[22m[39m
[31m[1m^[22m[39m[31m[1m^[22m[39m[31m[1m^[22
m[39m[31m[1m^[22m[39m[31m[1m^[22m[39m[31m[1
m^[22m[39m[31m[1m^[22m[39m[31m[1m^[22m[39m[
31m[1m^[22m[39m[31m[1m^[22m[39m[31m[1m^[22m
[39m[31m[1m^[22m[39m[31m[1m^[22m[39m[31m[1m^
[22m[39m[31m[1m^[22m[39m[31m[1m^[22m[39m[31
m[1m^[22m[39m[31m[1m^[22m[39m[31m[1m^[22m[3
9m[31m[1m^[22m[39m[31m[1m^[22m[39m[31m[1m^[
22m[39m[31m[1m^[22m[39m[31m[1m^[22m[39m[31m
[1m^[22m[39m[31m[1m^[22m[39m[31m[1m^[22m[39m
[31m[1m^[22m[39m
 [90m 5 |[39m
 [90m 6 |[39m [36mexport[39m [36mfunction[39m 
[33mCustomCursor[39m() {
 [90m 7 |[39m   [36mconst[39m 
[position[33m,[39m setPosition] [33m=[39m 
useState({ x[33m:[39m [35m0[39m[33m,[39m 
y[33m:[39m [35m0[39m })[0m



Import trace:
  Server Component:
    ./components/custom-cursor.tsx
    ./app/page.tsx

https://nextjs.org/docs/messages/module-not-found


./components/footer.tsx:4:1
Module not found: Can't resolve 'framer-motion'
[0m [90m 2 |[39m
 [90m 3 |[39m [36mimport[39m { 
useState[33m,[39m useEffect } [36mfrom[39m 
[32m"react"[39m
[31m[1m>[22m[39m[90m 4 |[39m [36mimport[39m { 
motion } [36mfrom[39m [32m"framer-motion"[39m
 [90m   |[39m [31m[1m^[22m[39m[31m[1m^[22m[3
9m[31m[1m^[22m[39m[31m[1m^[22m[39m[31m[1m^[
22m[39m[31m[1m^[22m[39m[31m[1m^[22m[39m[31m
[1m^[22m[39m[31m[1m^[22m[39m[31m[1m^[22m[39m
[31m[1m^[22m[39m[31m[1m^[22m[39m[31m[1m^[22
m[39m[31m[1m^[22m[39m[31m[1m^[22m[39m[31m[1
m^[22m[39m[31m[1m^[22m[39m[31m[1m^[22m[39m[
31m[1m^[22m[39m[31m[1m^[22m[39m[31m[1m^[22m
[39m[31m[1m^[22m[39m[31m[1m^[22m[39m[31m[1m^
[22m[39m[31m[1m^[22m[39m[31m[1m^[22m[39m[31
m[1m^[22m[39m[31m[1m^[22m[39m[31m[1m^[22m[3
9m[31m[1m^[22m[39m[31m[1m^[22m[39m[31m[1m^[
22m[39m[31m[1m^[22m[39m[31m[1m^[22m[39m[31m
[1m^[22m[39m[31m[1m^[22m[39m[31m[1m^[22m[39m
[31m[1m^[22m[39m
 [90m 5 |[39m [36mimport[39m { 
[33mArrowUpRight[39m } [36mfrom[39m 
[32m"lucide-react"[39m
 [90m 6 |[39m
 [90m 7 |[39m [36mexport[39m [36mfunction[39m 
[33mFooter[39m() {[0m



Import trace:
  Server Component:
    ./components/footer.tsx
    ./app/page.tsx

https://nextjs.org/docs/messages/module-not-found


./components/hero.tsx:4:1
Module not found: Can't resolve 'framer-motion'
[0m [90m 2 |[39m
 [90m 3 |[39m [36mimport[39m { useRef } 
[36mfrom[39m [32m"react"[39m
[31m[1m>[22m[39m[90m 4 |[39m [36mimport[39m { 
motion[33m,[39m useScroll[33m,[39m useTransform } 
[36mfrom[39m [32m"framer-motion"[39m
 [90m   |[39m [31m[1m^[22m[39m[31m[1m^[22m[3
9m[31m[1m^[22m[39m[31m[1m^[22m[39m[31m[1m^[
22m[39m[31m[1m^[22m[39m[31m[1m^[22m[39m[31m
[1m^[22m[39m[31m[1m^[22m[39m[31m[1m^[22m[39m
[31m[1m^[22m[39m[31m[1m^[22m[39m[31m[1m^[22
m[39m[31m[1m^[22m[39m[31m[1m^[22m[39m[31m[1
m^[22m[39m[31m[1m^[22m[39m[31m[1m^[22m[39m[
31m[1m^[22m[39m[31m[1m^[22m[39m[31m[1m^[22m
[39m[31m[1m^[22m[39m[31m[1m^[22m[39m[31m[1m^
[22m[39m[31m[1m^[22m[39m[31m[1m^[22m[39m[31
m[1m^[22m[39m[31m[1m^[22m[39m[31m[1m^[22m[3
9m[31m[1m^[22m[39m[31m[1m^[22m[39m[31m[1m^[
22m[39m[31m[1m^[22m[39m[31m[1m^[22m[39m[31m
[1m^[22m[39m[31m[1m^[22m[39m[31m[1m^[22m[39m
[31m[1m^[22m[39m[31m[1m^[22m[39m[31m[1m^[22
m[39m[31m[1m^[22m[39m[31m[1m^[22m[39m[31m[1
m^[22m[39m[31m[1m^[22m[39m[31m[1m^[22m[39m[
31m[1m^[22m[39m[31m[1m^[22m[39m[31m[1m^[22m
[39m[31m[1m^[22m[39m[31m[1m^[22m[39m[31m[1m^
[22m[39m[31m[1m^[22m[39m[31m[1m^[22m[39m[31
m[1m^[22m[39m[31m[1m^[22m[39m[31m[1m^[22m[3
9m[31m[1m^[22m[39m[31m[1m^[22m[39m[31m[1m^[
22m[39m[31m[1m^[22m[39m[31m[1m^[22m[39m[31m
[1m^[22m[39m[31m[1m^[22m[39m
 [90m 5 |[39m [36mimport[39m { 
[33mSentientSphere[39m } [36mfrom[39m 
[32m"./sentient-sphere"[39m
 [90m 6 |[39m
 [90m 7 |[39m [36mexport[39m [36mfunction[39m 
[33mHero[39m() {[0m



Import trace:
  Server Component:
    ./components/hero.tsx
    ./app/page.tsx

https://nextjs.org/docs/messages/module-not-found


./components/navbar.tsx:4:1
Module not found: Can't resolve 'framer-motion'
[0m [90m 2 |[39m
 [90m 3 |[39m [36mimport[39m { 
useState[33m,[39m useEffect } [36mfrom[39m 
[32m"react"[39m
[31m[1m>[22m[39m[90m 4 |[39m [36mimport[39m { 
motion[33m,[39m [33mAnimatePresence[39m } 
[36mfrom[39m [32m"framer-motion"[39m
 [90m   |[39m [31m[1m^[22m[39m[31m[1m^[22m[3
9m[31m[1m^[22m[39m[31m[1m^[22m[39m[31m[1m^[
22m[39m[31m[1m^[22m[39m[31m[1m^[22m[39m[31m
[1m^[22m[39m[31m[1m^[22m[39m[31m[1m^[22m[39m
[31m[1m^[22m[39m[31m[1m^[22m[39m[31m[1m^[22
m[39m[31m[1m^[22m[39m[31m[1m^[22m[39m[31m[1
m^[22m[39m[31m[1m^[22m[39m[31m[1m^[22m[39m[
31m[1m^[22m[39m[31m[1m^[22m[39m[31m[1m^[22m
[39m[31m[1m^[22m[39m[31m[1m^[22m[39m[31m[1m^
[22m[39m[31m[1m^[22m[39m[31m[1m^[22m[39m[31
m[1m^[22m[39m[31m[1m^[22m[39m[31m[1m^[22m[3
9m[31m[1m^[22m[39m[31m[1m^[22m[39m[31m[1m^[
22m[39m[31m[1m^[22m[39m[31m[1m^[22m[39m[31m
[1m^[22m[39m[31m[1m^[22m[39m[31m[1m^[22m[39m
[31m[1m^[22m[39m[31m[1m^[22m[39m[31m[1m^[22
m[39m[31m[1m^[22m[39m[31m[1m^[22m[39m[31m[1
m^[22m[39m[31m[1m^[22m[39m[31m[1m^[22m[39m[
31m[1m^[22m[39m[31m[1m^[22m[39m[31m[1m^[22m
[39m[31m[1m^[22m[39m[31m[1m^[22m[39m[31m[1m^
[22m[39m[31m[1m^[22m[39m[31m[1m^[22m[39m[31
m[1m^[22m[39m[31m[1m^[22m[39m
 [90m 5 |[39m
 [90m 6 |[39m [36mconst[39m navLinks [33m=[39m [
 [90m 7 |[39m   { label[33m:[39m 
[32m"About"[39m[33m,[39m href[33m:[39m 
[32m"#about"[39m }[33m,[39m[0m



Import trace:
  Server Component:
    ./components/navbar.tsx
    ./app/page.tsx

https://nextjs.org/docs/messages/module-not-found


./components/tech-marquee.tsx:3:1
Module not found: Can't resolve 'framer-motion'
[0m [90m 1 |[39m [32m"use client"[39m
 [90m 2 |[39m
[31m[1m>[22m[39m[90m 3 |[39m [36mimport[39m { 
motion } [36mfrom[39m [32m"framer-motion"[39m
 [90m   |[39m [31m[1m^[22m[39m[31m[1m^[22m[3
9m[31m[1m^[22m[39m[31m[1m^[22m[39m[31m[1m^[
22m[39m[31m[1m^[22m[39m[31m[1m^[22m[39m[31m
[1m^[22m[39m[31m[1m^[22m[39m[31m[1m^[22m[39m
[31m[1m^[22m[39m[31m[1m^[22m[39m[31m[1m^[22
m[39m[31m[1m^[22m[39m[31m[1m^[22m[39m[31m[1
m^[22m[39m[31m[1m^[22m[39m[31m[1m^[22m[39m[
31m[1m^[22m[39m[31m[1m^[22m[39m[31m[1m^[22m
[39m[31m[1m^[22m[39m[31m[1m^[22m[39m[31m[1m^
[22m[39m[31m[1m^[22m[39m[31m[1m^[22m[39m[31
m[1m^[22m[39m[31m[1m^[22m[39m[31m[1m^[22m[3
9m[31m[1m^[22m[39m[31m[1m^[22m[39m[31m[1m^[
22m[39m[31m[1m^[22m[39m[31m[1m^[22m[39m[31m
[1m^[22m[39m[31m[1m^[22m[39m[31m[1m^[22m[39m
[31m[1m^[22m[39m
 [90m 4 |[39m
 [90m 5 |[39m [36mconst[39m techItems [33m=[39m 
[
 [90m 6 |[39m   [32m"FASTAPI"[39m[33m,[39m[0m



Import trace:
  Server Component:
    ./components/tech-marquee.tsx
    ./app/page.tsx

https://nextjs.org/docs/messages/module-not-found


./components/works.tsx:6:1
Module not found: Can't resolve 'framer-motion'
[0m [90m 4 |[39m
 [90m 5 |[39m [36mimport[39m { 
useState[33m,[39m useRef } [36mfrom[39m 
[32m"react"[39m
[31m[1m>[22m[39m[90m 6 |[39m [36mimport[39m { 
motion[33m,[39m useMotionValue[33m,[39m useSpring 
} [36mfrom[39m [32m"framer-motion"[39m
 [90m   |[39m [31m[1m^[22m[39m[31m[1m^[22m[3
9m[31m[1m^[22m[39m[31m[1m^[22m[39m[31m[1m^[
22m[39m[31m[1m^[22m[39m[31m[1m^[22m[39m[31m
[1m^[22m[39m[31m[1m^[22m[39m[31m[1m^[22m[39m
[31m[1m^[22m[39m[31m[1m^[22m[39m[31m[1m^[22
m[39m[31m[1m^[22m[39m[31m[1m^[22m[39m[31m[1
m^[22m[39m[31m[1m^[22m[39m[31m[1m^[22m[39m[
31m[1m^[22m[39m[31m[1m^[22m[39m[31m[1m^[22m
[39m[31m[1m^[22m[39m[31m[1m^[22m[39m[31m[1m^
[22m[39m[31m[1m^[22m[39m[31m[1m^[22m[39m[31
m[1m^[22m[39m[31m[1m^[22m[39m[31m[1m^[22m[3
9m[31m[1m^[22m[39m[31m[1m^[22m[39m[31m[1m^[
22m[39m[31m[1m^[22m[39m[31m[1m^[22m[39m[31m
[1m^[22m[39m[31m[1m^[22m[39m[31m[1m^[22m[39m
[31m[1m^[22m[39m[31m[1m^[22m[39m[31m[1m^[22
m[39m[31m[1m^[22m[39m[31m[1m^[22m[39m[31m[1
m^[22m[39m[31m[1m^[22m[39m[31m[1m^[22m[39m[
31m[1m^[22m[39m[31m[1m^[22m[39m[31m[1m^[22m
[39m[31m[1m^[22m[39m[31m[1m^[22m[39m[31m[1m^
[22m[39m[31m[1m^[22m[39m[31m[1m^[22m[39m[31
m[1m^[22m[39m[31m[1m^[22m[39m[31m[1m^[22m[3
9m[31m[1m^[22m[39m[31m[1m^[22m[39m[31m[1m^[
22m[39m[31m[1m^[22m[39m[31m[1m^[22m[39m[31m
[1m^[22m[39m[31m[1m^[22m[39m[31m[1m^[22m[39m
[31m[1m^[22m[39m
 [90m 7 |[39m [36mimport[39m { 
[33mArrowUpRight[39m } [36mfrom[39m 
[32m"lucide-react"[39m
 [90m 8 |[39m
 [90m 9 |[39m [36mconst[39m projects [33m=[39m 
[[0m



Import trace:
  Server Component:
    ./components/works.tsx
    ./app/page.tsx

https://nextjs.org/docs/messages/module-not-found


./components/experience/scenes/City/City.tsx:4:1
Module not found: Can't resolve 'gsap'
[0m [90m 2 |[39m [36mimport[39m { 
useFrame[33m,[39m useLoader[33m,[39m useThree } 
[36mfrom[39m 
[32m"@react-three/fiber"[39m[33m;[39m
 [90m 3 |[39m [36mimport[39m { 
[33mIMAGE_SCENE[39m[33m,[39m 
[33mGLOBAL[39m[33m,[39m [33mSCENE_MANAGER[39m } 
[36mfrom[39m 
[32m"../../config/config"[39m[33m;[39m
[31m[1m>[22m[39m[90m 4 |[39m [36mimport[39m { 
gsap } [36mfrom[39m [32m"gsap"[39m[33m;[39m
 [90m   |[39m [31m[1m^[22m[39m[31m[1m^[22m[3
9m[31m[1m^[22m[39m[31m[1m^[22m[39m[31m[1m^[
22m[39m[31m[1m^[22m[39m[31m[1m^[22m[39m[31m
[1m^[22m[39m[31m[1m^[22m[39m[31m[1m^[22m[39m
[31m[1m^[22m[39m[31m[1m^[22m[39m[31m[1m^[22
m[39m[31m[1m^[22m[39m[31m[1m^[22m[39m[31m[1
m^[22m[39m[31m[1m^[22m[39m[31m[1m^[22m[39m[
31m[1m^[22m[39m[31m[1m^[22m[39m[31m[1m^[22m
[39m[31m[1m^[22m[39m[31m[1m^[22m[39m[31m[1m^
[22m[39m[31m[1m^[22m[39m[31m[1m^[22m[39m[31
m[1m^[22m[39m[31m[1m^[22m[39m
 [90m 5 |[39m [36mimport[39m { useSceneStore } 
[36mfrom[39m 
[32m"../../core/SceneManager"[39m[33m;[39m
 [90m 6 |[39m [36mimport[39m { 
createNavigationAnimation } [36mfrom[39m 
[32m"../../utils/navigationAnimation"[39m[33m;[39m
 [90m 7 |[39m [36mimport[39m { useNavigation } 
[36mfrom[39m 
[32m"../../hooks/useNavigation"[39m[33m;[39m[0m



Import traces:
  Client Component Browser:
    ./components/experience/scenes/City/City.tsx 
[Client Component Browser]
    ./components/experience/scenes/City/CityScene.tsx 
[Client Component Browser]
    ./components/experience/ExperienceRoot.tsx 
[Client Component Browser]
    ./components/experience/ExperienceRoot.tsx 
[Server Component]
    ./app/experience/page.tsx [Server Component]

  Client Component SSR:
    ./components/experience/scenes/City/City.tsx 
[Client Component SSR]
    ./components/experience/scenes/City/CityScene.tsx 
[Client Component SSR]
    ./components/experience/ExperienceRoot.tsx 
[Client Component SSR]
    ./components/experience/ExperienceRoot.tsx 
[Server Component]
    ./app/experience/page.tsx [Server Component]

https://nextjs.org/docs/messages/module-not-found


./components/experience/scenes/Continent/Continent.tsx
:4:1
Module not found: Can't resolve 'gsap'
[0m [90m 2 |[39m [36mimport[39m { 
useFrame[33m,[39m useLoader[33m,[39m useThree } 
[36mfrom[39m 
[32m"@react-three/fiber"[39m[33m;[39m
 [90m 3 |[39m [36mimport[39m { 
[33mIMAGE_SCENE[39m[33m,[39m 
[33mGLOBAL[39m[33m,[39m [33mSCENE_MANAGER[39m } 
[36mfrom[39m 
[32m"../../config/config"[39m[33m;[39m
[31m[1m>[22m[39m[90m 4 |[39m [36mimport[39m { 
gsap } [36mfrom[39m [32m"gsap"[39m[33m;[39m
 [90m   |[39m [31m[1m^[22m[39m[31m[1m^[22m[3
9m[31m[1m^[22m[39m[31m[1m^[22m[39m[31m[1m^[
22m[39m[31m[1m^[22m[39m[31m[1m^[22m[39m[31m
[1m^[22m[39m[31m[1m^[22m[39m[31m[1m^[22m[39m
[31m[1m^[22m[39m[31m[1m^[22m[39m[31m[1m^[22
m[39m[31m[1m^[22m[39m[31m[1m^[22m[39m[31m[1
m^[22m[39m[31m[1m^[22m[39m[31m[1m^[22m[39m[
31m[1m^[22m[39m[31m[1m^[22m[39m[31m[1m^[22m
[39m[31m[1m^[22m[39m[31m[1m^[22m[39m[31m[1m^
[22m[39m[31m[1m^[22m[39m[31m[1m^[22m[39m[31
m[1m^[22m[39m[31m[1m^[22m[39m
 [90m 5 |[39m [36mimport[39m { useSceneStore } 
[36mfrom[39m 
[32m"../../core/SceneManager"[39m[33m;[39m
 [90m 6 |[39m [36mimport[39m { 
createNavigationAnimation } [36mfrom[39m 
[32m"../../utils/navigationAnimation"[39m[33m;[39m
 [90m 7 |[39m [36mimport[39m { useNavigation } 
[36mfrom[39m 
[32m"../../hooks/useNavigation"[39m[33m;[39m[0m



Import traces:
  Client Component Browser:
    ./components/experience/scenes/Continent/Continent
.tsx [Client Component Browser]
    ./components/experience/scenes/Continent/Continent
Scene.tsx [Client Component Browser]
    ./components/experience/ExperienceRoot.tsx 
[Client Component Browser]
    ./components/experience/ExperienceRoot.tsx 
[Server Component]
    ./app/experience/page.tsx [Server Component]

  Client Component SSR:
    ./components/experience/scenes/Continent/Continent
.tsx [Client Component SSR]
    ./components/experience/scenes/Continent/Continent
Scene.tsx [Client Component SSR]
    ./components/experience/ExperienceRoot.tsx 
[Client Component SSR]
    ./components/experience/ExperienceRoot.tsx 
[Server Component]
    ./app/experience/page.tsx [Server Component]

https://nextjs.org/docs/messages/module-not-found


./components/experience/scenes/District/District.tsx:4
:1
Module not found: Can't resolve 'gsap'
[0m [90m 2 |[39m [36mimport[39m { 
useFrame[33m,[39m useLoader[33m,[39m useThree } 
[36mfrom[39m 
[32m"@react-three/fiber"[39m[33m;[39m
 [90m 3 |[39m [36mimport[39m { 
[33mIMAGE_SCENE[39m[33m,[39m 
[33mGLOBAL[39m[33m,[39m [33mSCENE_MANAGER[39m } 
[36mfrom[39m 
[32m"../../config/config"[39m[33m;[39m
[31m[1m>[22m[39m[90m 4 |[39m [36mimport[39m { 
gsap } [36mfrom[39m [32m"gsap"[39m[33m;[39m
 [90m   |[39m [31m[1m^[22m[39m[31m[1m^[22m[3
9m[31m[1m^[22m[39m[31m[1m^[22m[39m[31m[1m^[
22m[39m[31m[1m^[22m[39m[31m[1m^[22m[39m[31m
[1m^[22m[39m[31m[1m^[22m[39m[31m[1m^[22m[39m
[31m[1m^[22m[39m[31m[1m^[22m[39m[31m[1m^[22
m[39m[31m[1m^[22m[39m[31m[1m^[22m[39m[31m[1
m^[22m[39m[31m[1m^[22m[39m[31m[1m^[22m[39m[
31m[1m^[22m[39m[31m[1m^[22m[39m[31m[1m^[22m
[39m[31m[1m^[22m[39m[31m[1m^[22m[39m[31m[1m^
[22m[39m[31m[1m^[22m[39m[31m[1m^[22m[39m[31
m[1m^[22m[39m[31m[1m^[22m[39m
 [90m 5 |[39m [36mimport[39m { useSceneStore } 
[36mfrom[39m 
[32m"../../core/SceneManager"[39m[33m;[39m
 [90m 6 |[39m [36mimport[39m { 
createNavigationAnimation } [36mfrom[39m 
[32m"../../utils/navigationAnimation"[39m[33m;[39m
 [90m 7 |[39m [36mimport[39m { useNavigation } 
[36mfrom[39m 
[32m"../../hooks/useNavigation"[39m[33m;[39m[0m



Import traces:
  Client Component Browser:
    
./components/experience/scenes/District/District.tsx 
[Client Component Browser]
    ./components/experience/scenes/District/DistrictSc
ene.tsx [Client Component Browser]
    ./components/experience/ExperienceRoot.tsx 
[Client Component Browser]
    ./components/experience/ExperienceRoot.tsx 
[Server Component]
    ./app/experience/page.tsx [Server Component]

  Client Component SSR:
    
./components/experience/scenes/District/District.tsx 
[Client Component SSR]
    ./components/experience/scenes/District/DistrictSc
ene.tsx [Client Component SSR]
    ./components/experience/ExperienceRoot.tsx 
[Client Component SSR]
    ./components/experience/ExperienceRoot.tsx 
[Server Component]
    ./app/experience/page.tsx [Server Component]

https://nextjs.org/docs/messages/module-not-found


./components/experience/scenes/Galaxy/Galaxy.tsx:7:1
Module not found: Can't resolve 'gsap'
[0m [90m  5 |[39m [36mimport[39m { 
[33mGALAXY[39m[33m,[39m 
[33mGLOBAL[39m[33m,[39m [33mSCENE_MANAGER[39m } 
[36mfrom[39m [32m'../../config/config'[39m
 [90m  6 |[39m [36mimport[39m { useSceneStore } 
[36mfrom[39m [32m'../../core/SceneManager'[39m
[31m[1m>[22m[39m[90m  7 |[39m [36mimport[39m 
{ gsap } [36mfrom[39m [32m'gsap'[39m
 [90m    |[39m [31m[1m^[22m[39m[31m[1m^[22m[
39m[31m[1m^[22m[39m[31m[1m^[22m[39m[31m[1m^
[22m[39m[31m[1m^[22m[39m[31m[1m^[22m[39m[31m
[1m^[22m[39m[31m[1m^[22m[39m[31m[1m^[22m[39
m[31m[1m^[22m[39m[31m[1m^[22m[39m[31m[1m^[2
2m[39m[31m[1m^[22m[39m[31m[1m^[22m[39m[31m[
1m^[22m[39m[31m[1m^[22m[39m[31m[1m^[22m[39m
[31m[1m^[22m[39m[31m[1m^[22m[39m[31m[1m^[22m
[39m[31m[1m^[22m[39m[31m[1m^[22m[39m[31m[1m
^[22m[39m[31m[1m^[22m[39m[31m[1m^[22m[39m[3
1m[1m^[22m[39m
 [90m  8 |[39m [36mimport[39m { 
createNavigationAnimation } [36mfrom[39m 
[32m'../../utils/navigationAnimation'[39m[33m;[39m
 [90m  9 |[39m [36mimport[39m { useNavigation } 
[36mfrom[39m [32m'../../hooks/useNavigation'[39m
 [90m 10 |[39m [36mimport[39m { useBloomComposer 
} [36mfrom[39m 
[32m'../../hooks/usePostProcessing'[39m[0m



Import traces:
  Client Component Browser:
    ./components/experience/scenes/Galaxy/Galaxy.tsx 
[Client Component Browser]
    
./components/experience/scenes/Galaxy/GalaxyScene.tsx 
[Client Component Browser]
    ./components/experience/ExperienceRoot.tsx 
[Client Component Browser]
    ./components/experience/ExperienceRoot.tsx 
[Server Component]
    ./app/experience/page.tsx [Server Component]

  Client Component SSR:
    ./components/experience/scenes/Galaxy/Galaxy.tsx 
[Client Component SSR]
    
./components/experience/scenes/Galaxy/GalaxyScene.tsx 
[Client Component SSR]
    ./components/experience/ExperienceRoot.tsx 
[Client Component SSR]
    ./components/experience/ExperienceRoot.tsx 
[Server Component]
    ./app/experience/page.tsx [Server Component]

https://nextjs.org/docs/messages/module-not-found


./components/experience/scenes/Room/Room.tsx:4:1
Module not found: Can't resolve 'gsap'
[0m [90m 2 |[39m [36mimport[39m { useThree } 
[36mfrom[39m 
[32m"@react-three/fiber"[39m[33m;[39m
 [90m 3 |[39m [36mimport[39m { 
[33mGLOBAL[39m[33m,[39m 
[33mDEVICE[39m[33m,[39m [33mROOM[39m[33m,[39m 
[33mSCENE_MANAGER[39m } [36mfrom[39m 
[32m"../../config/config"[39m[33m;[39m
[31m[1m>[22m[39m[90m 4 |[39m [36mimport[39m { 
gsap } [36mfrom[39m [32m"gsap"[39m[33m;[39m
 [90m   |[39m [31m[1m^[22m[39m[31m[1m^[22m[3
9m[31m[1m^[22m[39m[31m[1m^[22m[39m[31m[1m^[
22m[39m[31m[1m^[22m[39m[31m[1m^[22m[39m[31m
[1m^[22m[39m[31m[1m^[22m[39m[31m[1m^[22m[39m
[31m[1m^[22m[39m[31m[1m^[22m[39m[31m[1m^[22
m[39m[31m[1m^[22m[39m[31m[1m^[22m[39m[31m[1
m^[22m[39m[31m[1m^[22m[39m[31m[1m^[22m[39m[
31m[1m^[22m[39m[31m[1m^[22m[39m[31m[1m^[22m
[39m[31m[1m^[22m[39m[31m[1m^[22m[39m[31m[1m^
[22m[39m[31m[1m^[22m[39m[31m[1m^[22m[39m[31
m[1m^[22m[39m[31m[1m^[22m[39m
 [90m 5 |[39m [36mimport[39m { useGLTF } 
[36mfrom[39m 
[32m'@react-three/drei'[39m[33m;[39m
 [90m 6 |[39m [36mimport[39m { useMobile } 
[36mfrom[39m 
[32m"../../contexts/MobileContext"[39m[33m;[39m
 [90m 7 |[39m [36mimport[39m { useSceneStore } 
[36mfrom[39m 
[32m"../../core/SceneManager"[39m[33m;[39m[0m



Import traces:
  Client Component Browser:
    ./components/experience/scenes/Room/Room.tsx 
[Client Component Browser]
    ./components/experience/scenes/Room/RoomScene.tsx 
[Client Component Browser]
    ./components/experience/ExperienceRoot.tsx 
[Client Component Browser]
    ./components/experience/ExperienceRoot.tsx 
[Server Component]
    ./app/experience/page.tsx [Server Component]

  Client Component SSR:
    ./components/experience/scenes/Room/Room.tsx 
[Client Component SSR]
    ./components/experience/scenes/Room/RoomScene.tsx 
[Client Component SSR]
    ./components/experience/ExperienceRoot.tsx 
[Client Component SSR]
    ./components/experience/ExperienceRoot.tsx 
[Server Component]
    ./app/experience/page.tsx [Server Component]

https://nextjs.org/docs/messages/module-not-found


./components/experience/scenes/SolarSystem/Earth.tsx:5
:1
Module not found: Can't resolve 'gsap'
[0m [90m 3 |[39m [36mimport[39m { 
[33mPlanet[39m } [36mfrom[39m 
[32m"./Components/Planet"[39m[33m;[39m
 [90m 4 |[39m [36mimport[39m { [33mEARTH[39m } 
[36mfrom[39m 
[32m"../../config/config"[39m[33m;[39m
[31m[1m>[22m[39m[90m 5 |[39m [36mimport[39m { 
gsap } [36mfrom[39m [32m"gsap"[39m[33m;[39m
 [90m   |[39m [31m[1m^[22m[39m[31m[1m^[22m[3
9m[31m[1m^[22m[39m[31m[1m^[22m[39m[31m[1m^[
22m[39m[31m[1m^[22m[39m[31m[1m^[22m[39m[31m
[1m^[22m[39m[31m[1m^[22m[39m[31m[1m^[22m[39m
[31m[1m^[22m[39m[31m[1m^[22m[39m[31m[1m^[22
m[39m[31m[1m^[22m[39m[31m[1m^[22m[39m[31m[1
m^[22m[39m[31m[1m^[22m[39m[31m[1m^[22m[39m[
31m[1m^[22m[39m[31m[1m^[22m[39m[31m[1m^[22m
[39m[31m[1m^[22m[39m[31m[1m^[22m[39m[31m[1m^
[22m[39m[31m[1m^[22m[39m[31m[1m^[22m[39m[31
m[1m^[22m[39m[31m[1m^[22m[39m
 [90m 6 |[39m [36mimport[39m { useSceneStore } 
[36mfrom[39m 
[32m"../../core/SceneManager"[39m[33m;[39m
 [90m 7 |[39m [36mimport[39m { 
createNavigationAnimation } [36mfrom[39m 
[32m"../../utils/navigationAnimation"[39m[33m;[39m
 [90m 8 |[39m [36mimport[39m { useNavigation } 
[36mfrom[39m 
[32m"../../hooks/useNavigation"[39m[33m;[39m[0m



Import traces:
  Client Component Browser:
    
./components/experience/scenes/SolarSystem/Earth.tsx 
[Client Component Browser]
    ./components/experience/scenes/SolarSystem/SolarSy
stem.tsx [Client Component Browser]
    ./components/experience/scenes/SolarSystem/SolarSy
stemScene.tsx [Client Component Browser]
    ./components/experience/ExperienceRoot.tsx 
[Client Component Browser]
    ./components/experience/ExperienceRoot.tsx 
[Server Component]
    ./app/experience/page.tsx [Server Component]

  Client Component SSR:
    
./components/experience/scenes/SolarSystem/Earth.tsx 
[Client Component SSR]
    ./components/experience/scenes/SolarSystem/SolarSy
stem.tsx [Client Component SSR]
    ./components/experience/scenes/SolarSystem/SolarSy
stemScene.tsx [Client Component SSR]
    ./components/experience/ExperienceRoot.tsx 
[Client Component SSR]
    ./components/experience/ExperienceRoot.tsx 
[Server Component]
    ./app/experience/page.tsx [Server Component]

https://nextjs.org/docs/messages/module-not-found


./components/experience/scenes/SolarSystem/SolarSystem
.tsx:7:1
Module not found: Can't resolve 'gsap'
[0m [90m  5 |[39m [36mimport[39m [33mSun[39m 
[36mfrom[39m [32m'./Components/Sun'[39m
 [90m  6 |[39m [36mimport[39m { 
[33mGLOBAL[39m[33m,[39m [33mSOLAR_SYSTEM[39m } 
[36mfrom[39m [32m'../../config/config'[39m
[31m[1m>[22m[39m[90m  7 |[39m [36mimport[39m 
{ gsap } [36mfrom[39m [32m"gsap"[39m[33m;[39m
 [90m    |[39m [31m[1m^[22m[39m[31m[1m^[22m[
39m[31m[1m^[22m[39m[31m[1m^[22m[39m[31m[1m^
[22m[39m[31m[1m^[22m[39m[31m[1m^[22m[39m[31m
[1m^[22m[39m[31m[1m^[22m[39m[31m[1m^[22m[39
m[31m[1m^[22m[39m[31m[1m^[22m[39m[31m[1m^[2
2m[39m[31m[1m^[22m[39m[31m[1m^[22m[39m[31m[
1m^[22m[39m[31m[1m^[22m[39m[31m[1m^[22m[39m
[31m[1m^[22m[39m[31m[1m^[22m[39m[31m[1m^[22m
[39m[31m[1m^[22m[39m[31m[1m^[22m[39m[31m[1m
^[22m[39m[31m[1m^[22m[39m[31m[1m^[22m[39m[3
1m[1m^[22m[39m[31m[1m^[22m[39m
 [90m  8 |[39m [36mimport[39m { useSceneStore } 
[36mfrom[39m [32m'../../core/SceneManager'[39m
 [90m  9 |[39m [36mimport[39m { 
createNavigationAnimation } [36mfrom[39m 
[32m'../../utils/navigationAnimation'[39m
 [90m 10 |[39m [36mimport[39m { useNavigation } 
[36mfrom[39m 
[32m'../../hooks/useNavigation'[39m[0m



Import traces:
  Client Component Browser:
    ./components/experience/scenes/SolarSystem/SolarSy
stem.tsx [Client Component Browser]
    ./components/experience/scenes/SolarSystem/SolarSy
stemScene.tsx [Client Component Browser]
    ./components/experience/ExperienceRoot.tsx 
[Client Component Browser]
    ./components/experience/ExperienceRoot.tsx 
[Server Component]
    ./app/experience/page.tsx [Server Component]

  Client Component SSR:
    ./components/experience/scenes/SolarSystem/SolarSy
stem.tsx [Client Component SSR]
    ./components/experience/scenes/SolarSystem/SolarSy
stemScene.tsx [Client Component SSR]
    ./components/experience/ExperienceRoot.tsx 
[Client Component SSR]
    ./components/experience/ExperienceRoot.tsx 
[Server Component]
    ./app/experience/page.tsx [Server Component]

https://nextjs.org/docs/messages/module-not-found


./components/smooth-scroll.tsx:3:1
Module not found: Can't resolve 'lenis/react'
[0m [90m 1 |[39m [32m"use client"[39m
 [90m 2 |[39m
[31m[1m>[22m[39m[90m 3 |[39m [36mimport[39m { 
[33mReactLenis[39m } [36mfrom[39m 
[32m"lenis/react"[39m
 [90m   |[39m [31m[1m^[22m[39m[31m[1m^[22m[3
9m[31m[1m^[22m[39m[31m[1m^[22m[39m[31m[1m^[
22m[39m[31m[1m^[22m[39m[31m[1m^[22m[39m[31m
[1m^[22m[39m[31m[1m^[22m[39m[31m[1m^[22m[39m
[31m[1m^[22m[39m[31m[1m^[22m[39m[31m[1m^[22
m[39m[31m[1m^[22m[39m[31m[1m^[22m[39m[31m[1
m^[22m[39m[31m[1m^[22m[39m[31m[1m^[22m[39m[
31m[1m^[22m[39m[31m[1m^[22m[39m[31m[1m^[22m
[39m[31m[1m^[22m[39m[31m[1m^[22m[39m[31m[1m^
[22m[39m[31m[1m^[22m[39m[31m[1m^[22m[39m[31
m[1m^[22m[39m[31m[1m^[22m[39m[31m[1m^[22m[3
9m[31m[1m^[22m[39m[31m[1m^[22m[39m[31m[1m^[
22m[39m[31m[1m^[22m[39m[31m[1m^[22m[39m[31m
[1m^[22m[39m[31m[1m^[22m[39m[31m[1m^[22m[39m
[31m[1m^[22m[39m[31m[1m^[22m[39m[31m[1m^[22
m[39m
 [90m 4 |[39m [36mimport[39m type { 
[33mReactNode[39m } [36mfrom[39m [32m"react"[39m
 [90m 5 |[39m
 [90m 6 |[39m [36mexport[39m [36mfunction[39m 
[33mSmoothScroll[39m({ children }[33m:[39m { 
children[33m:[39m [33mReactNode[39m }) {[0m



Import trace:
  Server Component:
    ./components/smooth-scroll.tsx
    ./app/page.tsx

https://nextjs.org/docs/messages/module-not-found


./tailwind.config.js:107:13
Module not found: Can't resolve 'tailwindcss-animate'
[0m [90m 105 |[39m     }[33m,[39m
 [90m 106 |[39m   }[33m,[39m
[31m[1m>[22m[39m[90m 107 |[39m   
plugins[33m:[39m 
[require([32m"tailwindcss-animate"[39m)][33m,[39m
 [90m     |[39m             [31m[1m^[22m[39m[31
m[1m^[22m[39m[31m[1m^[22m[39m[31m[1m^[22m[3
9m[31m[1m^[22m[39m[31m[1m^[22m[39m[31m[1m^[
22m[39m[31m[1m^[22m[39m[31m[1m^[22m[39m[31m
[1m^[22m[39m[31m[1m^[22m[39m[31m[1m^[22m[39m
[31m[1m^[22m[39m[31m[1m^[22m[39m[31m[1m^[22
m[39m[31m[1m^[22m[39m[31m[1m^[22m[39m[31m[1
m^[22m[39m[31m[1m^[22m[39m[31m[1m^[22m[39m[
31m[1m^[22m[39m[31m[1m^[22m[39m[31m[1m^[22m
[39m[31m[1m^[22m[39m[31m[1m^[22m[39m[31m[1m^
[22m[39m[31m[1m^[22m[39m[31m[1m^[22m[39m[31
m[1m^[22m[39m[31m[1m^[22m[39m
 [90m 108 |[39m }[33m;[39m
 [90m 109 |[39m[0m



https://nextjs.org/docs/messages/module-not-found


./components/experience/ExperienceRoot.tsx:17:1
Module not found: Can't resolve 'three'
[0m [90m 15 |[39m [36mimport[39m 
[33mWebGLWarning[39m [36mfrom[39m 
[32m'./ui/WebGLWarning'[39m[33m;[39m
 [90m 16 |[39m [36mimport[39m { useWebGL2Enabled 
} [36mfrom[39m 
[32m'./hooks/useWebGL2Support'[39m[33m;[39m
[31m[1m>[22m[39m[90m 17 |[39m [36mimport[39m 
{ [33mNoToneMapping[39m } [36mfrom[39m 
[32m'three'[39m[33m;[39m
 [90m    |[39m [31m[1m^[22m[39m[31m[1m^[22m[
39m[31m[1m^[22m[39m[31m[1m^[22m[39m[31m[1m^
[22m[39m[31m[1m^[22m[39m[31m[1m^[22m[39m[31m
[1m^[22m[39m[31m[1m^[22m[39m[31m[1m^[22m[39
m[31m[1m^[22m[39m[31m[1m^[22m[39m[31m[1m^[2
2m[39m[31m[1m^[22m[39m[31m[1m^[22m[39m[31m[
1m^[22m[39m[31m[1m^[22m[39m[31m[1m^[22m[39m
[31m[1m^[22m[39m[31m[1m^[22m[39m[31m[1m^[22m
[39m[31m[1m^[22m[39m[31m[1m^[22m[39m[31m[1m
^[22m[39m[31m[1m^[22m[39m[31m[1m^[22m[39m[3
1m[1m^[22m[39m[31m[1m^[22m[39m[31m[1m^[22m[
39m[31m[1m^[22m[39m[31m[1m^[22m[39m[31m[1m^
[22m[39m[31m[1m^[22m[39m[31m[1m^[22m[39m[31m
[1m^[22m[39m[31m[1m^[22m[39m[31m[1m^[22m[39
m[31m[1m^[22m[39m
 [90m 18 |[39m [36mimport[39m 
[33mErrorBoundary[39m [36mfrom[39m 
[32m'./ui/ErrorBoundary'[39m[33m;[39m
 [90m 19 |[39m
 [90m 20 |[39m [90m// scenes[39m[0m



Import trace:
  Server Component:
    ./components/experience/ExperienceRoot.tsx
    ./app/experience/page.tsx

https://nextjs.org/docs/messages/module-not-found


./components/experience/config/config.tsx:1:1
Module not found: Can't resolve 'three'
[0m[31m[1m>[22m[39m[90m 1 |[39m 
[36mimport[39m { [33mColor[39m[33m,[39m 
[33mQuaternion[39m[33m,[39m [33mVector3[39m } 
[36mfrom[39m [32m"three"[39m[33m;[39m
 [90m   |[39m [31m[1m^[22m[39m[31m[1m^[22m[3
9m[31m[1m^[22m[39m[31m[1m^[22m[39m[31m[1m^[
22m[39m[31m[1m^[22m[39m[31m[1m^[22m[39m[31m
[1m^[22m[39m[31m[1m^[22m[39m[31m[1m^[22m[39m
[31m[1m^[22m[39m[31m[1m^[22m[39m[31m[1m^[22
m[39m[31m[1m^[22m[39m[31m[1m^[22m[39m[31m[1
m^[22m[39m[31m[1m^[22m[39m[31m[1m^[22m[39m[
31m[1m^[22m[39m[31m[1m^[22m[39m[31m[1m^[22m
[39m[31m[1m^[22m[39m[31m[1m^[22m[39m[31m[1m^
[22m[39m[31m[1m^[22m[39m[31m[1m^[22m[39m[31
m[1m^[22m[39m[31m[1m^[22m[39m[31m[1m^[22m[3
9m[31m[1m^[22m[39m[31m[1m^[22m[39m[31m[1m^[
22m[39m[31m[1m^[22m[39m[31m[1m^[22m[39m[31m
[1m^[22m[39m[31m[1m^[22m[39m[31m[1m^[22m[39m
[31m[1m^[22m[39m[31m[1m^[22m[39m[31m[1m^[22
m[39m[31m[1m^[22m[39m[31m[1m^[22m[39m[31m[1
m^[22m[39m[31m[1m^[22m[39m[31m[1m^[22m[39m[
31m[1m^[22m[39m[31m[1m^[22m[39m[31m[1m^[22m
[39m[31m[1m^[22m[39m[31m[1m^[22m[39m[31m[1m^
[22m[39m
 [90m 2 |[39m
 [90m 3 |[39m [90m// Global[39m
 [90m 4 |[39m [36mexport[39m [36mconst[39m 
[33mGLOBAL[39m [33m=[39m {[0m



Import traces:
  Client Component Browser:
    ./components/experience/config/config.tsx [Client 
Component Browser]
    ./components/experience/ExperienceRoot.tsx 
[Client Component Browser]
    ./components/experience/ExperienceRoot.tsx 
[Server Component]
    ./app/experience/page.tsx [Server Component]

  Client Component SSR:
    ./components/experience/config/config.tsx [Client 
Component SSR]
    ./components/experience/ExperienceRoot.tsx 
[Client Component SSR]
    ./components/experience/ExperienceRoot.tsx 
[Server Component]
    ./app/experience/page.tsx [Server Component]

https://nextjs.org/docs/messages/module-not-found


./components/experience/core/AssetManager.tsx:5:1
Module not found: Can't resolve 'three'
[0m [90m 3 |[39m [36mimport[39m { useSceneStore 
} [36mfrom[39m [32m'./SceneManager'[39m[33m;[39m
 [90m 4 |[39m [36mimport[39m { useThree } 
[36mfrom[39m 
[32m'@react-three/fiber'[39m[33m;[39m
[31m[1m>[22m[39m[90m 5 |[39m [36mimport[39m { 
[33mTextureLoader[39m } [36mfrom[39m 
[32m'three'[39m[33m;[39m
 [90m   |[39m [31m[1m^[22m[39m[31m[1m^[22m[3
9m[31m[1m^[22m[39m[31m[1m^[22m[39m[31m[1m^[
22m[39m[31m[1m^[22m[39m[31m[1m^[22m[39m[31m
[1m^[22m[39m[31m[1m^[22m[39m[31m[1m^[22m[39m
[31m[1m^[22m[39m[31m[1m^[22m[39m[31m[1m^[22
m[39m[31m[1m^[22m[39m[31m[1m^[22m[39m[31m[1
m^[22m[39m[31m[1m^[22m[39m[31m[1m^[22m[39m[
31m[1m^[22m[39m[31m[1m^[22m[39m[31m[1m^[22m
[39m[31m[1m^[22m[39m[31m[1m^[22m[39m[31m[1m^
[22m[39m[31m[1m^[22m[39m[31m[1m^[22m[39m[31
m[1m^[22m[39m[31m[1m^[22m[39m[31m[1m^[22m[3
9m[31m[1m^[22m[39m[31m[1m^[22m[39m[31m[1m^[
22m[39m[31m[1m^[22m[39m[31m[1m^[22m[39m[31m
[1m^[22m[39m[31m[1m^[22m[39m[31m[1m^[22m[39m
[31m[1m^[22m[39m
 [90m 6 |[39m [36mimport[39m { 
[33mSCENE_MANAGER[39m } [36mfrom[39m 
[32m'../config/config'[39m[33m;[39m
 [90m 7 |[39m [36mimport[39m [33mReact[39m 
[36mfrom[39m [32m'react'[39m[33m;[39m
 [90m 8 |[39m [36mimport[39m { 
[33mScenePrecompiler[39m } [36mfrom[39m 
[32m'./ScenePrecompiler'[39m[33m;[39m[0m



Import traces:
  Client Component Browser:
    ./components/experience/core/AssetManager.tsx 
[Client Component Browser]
    ./components/experience/ExperienceRoot.tsx 
[Client Component Browser]
    ./components/experience/ExperienceRoot.tsx 
[Server Component]
    ./app/experience/page.tsx [Server Component]

  Client Component SSR:
    ./components/experience/core/AssetManager.tsx 
[Client Component SSR]
    ./components/experience/ExperienceRoot.tsx 
[Client Component SSR]
    ./components/experience/ExperienceRoot.tsx 
[Server Component]
    ./app/experience/page.tsx [Server Component]

https://nextjs.org/docs/messages/module-not-found


./components/experience/core/ScenePrecompiler.tsx:3:1
Module not found: Can't resolve 'three'
[0m [90m 1 |[39m [36mimport[39m { 
createPortal[33m,[39m useThree } [36mfrom[39m 
[32m'@react-three/fiber'[39m[33m;[39m
 [90m 2 |[39m [36mimport[39m { 
useEffect[33m,[39m useMemo[33m,[39m useState } 
[36mfrom[39m [32m'react'[39m[33m;[39m
[31m[1m>[22m[39m[90m 3 |[39m [36mimport[39m { 
[33mScene[39m[33m,[39m 
[33mWebGLRenderTarget[39m } [36mfrom[39m 
[32m'three'[39m[33m;[39m
 [90m   |[39m [31m[1m^[22m[39m[31m[1m^[22m[3
9m[31m[1m^[22m[39m[31m[1m^[22m[39m[31m[1m^[
22m[39m[31m[1m^[22m[39m[31m[1m^[22m[39m[31m
[1m^[22m[39m[31m[1m^[22m[39m[31m[1m^[22m[39m
[31m[1m^[22m[39m[31m[1m^[22m[39m[31m[1m^[22
m[39m[31m[1m^[22m[39m[31m[1m^[22m[39m[31m[1
m^[22m[39m[31m[1m^[22m[39m[31m[1m^[22m[39m[
31m[1m^[22m[39m[31m[1m^[22m[39m[31m[1m^[22m
[39m[31m[1m^[22m[39m[31m[1m^[22m[39m[31m[1m^
[22m[39m[31m[1m^[22m[39m[31m[1m^[22m[39m[31
m[1m^[22m[39m[31m[1m^[22m[39m[31m[1m^[22m[3
9m[31m[1m^[22m[39m[31m[1m^[22m[39m[31m[1m^[
22m[39m[31m[1m^[22m[39m[31m[1m^[22m[39m[31m
[1m^[22m[39m[31m[1m^[22m[39m[31m[1m^[22m[39m
[31m[1m^[22m[39m[31m[1m^[22m[39m[31m[1m^[22
m[39m[31m[1m^[22m[39m[31m[1m^[22m[39m[31m[1
m^[22m[39m[31m[1m^[22m[39m[31m[1m^[22m[39m[
31m[1m^[22m[39m[31m[1m^[22m[39m[31m[1m^[22m
[39m[31m[1m^[22m[39m
 [90m 4 |[39m
 [90m 5 |[39m [90m// How does it work:[39m
 [90m 6 |[39m [90m// 1. Create a minimal scene for 
each scene[39m[0m



Import traces:
  Client Component Browser:
    ./components/experience/core/ScenePrecompiler.tsx 
[Client Component Browser]
    ./components/experience/core/AssetManager.tsx 
[Client Component Browser]
    ./components/experience/ExperienceRoot.tsx 
[Client Component Browser]
    ./components/experience/ExperienceRoot.tsx 
[Server Component]
    ./app/experience/page.tsx [Server Component]

  Client Component SSR:
    ./components/experience/core/ScenePrecompiler.tsx 
[Client Component SSR]
    ./components/experience/core/AssetManager.tsx 
[Client Component SSR]
    ./components/experience/ExperienceRoot.tsx 
[Client Component SSR]
    ./components/experience/ExperienceRoot.tsx 
[Server Component]
    ./app/experience/page.tsx [Server Component]

https://nextjs.org/docs/messages/module-not-found


./components/experience/hooks/usePostProcessing.ts:12:
1
Module not found: Can't resolve 'three'
[0m [90m 10 |[39m [36mimport[39m { 
[33mBlendShader[39m } [36mfrom[39m [32m'three/add
ons/shaders/BlendShader.js'[39m[33m;[39m
 [90m 11 |[39m [36mimport[39m { 
[33mCopyShader[39m } [36mfrom[39m [32m'three/addo
ns/shaders/CopyShader.js'[39m[33m;[39m
[31m[1m>[22m[39m[90m 12 |[39m [36mimport[39m 
{ [33mLinearFilter[39m[33m,[39m 
[33mVector2[39m[33m,[39m 
[33mWebGLRenderTarget[39m } [36mfrom[39m 
[32m'three'[39m[33m;[39m
 [90m    |[39m [31m[1m^[22m[39m[31m[1m^[22m[
39m[31m[1m^[22m[39m[31m[1m^[22m[39m[31m[1m^
[22m[39m[31m[1m^[22m[39m[31m[1m^[22m[39m[31m
[1m^[22m[39m[31m[1m^[22m[39m[31m[1m^[22m[39
m[31m[1m^[22m[39m[31m[1m^[22m[39m[31m[1m^[2
2m[39m[31m[1m^[22m[39m[31m[1m^[22m[39m[31m[
1m^[22m[39m[31m[1m^[22m[39m[31m[1m^[22m[39m
[31m[1m^[22m[39m[31m[1m^[22m[39m[31m[1m^[22m
[39m[31m[1m^[22m[39m[31m[1m^[22m[39m[31m[1m
^[22m[39m[31m[1m^[22m[39m[31m[1m^[22m[39m[3
1m[1m^[22m[39m[31m[1m^[22m[39m[31m[1m^[22m[
39m[31m[1m^[22m[39m[31m[1m^[22m[39m[31m[1m^
[22m[39m[31m[1m^[22m[39m[31m[1m^[22m[39m[31m
[1m^[22m[39m[31m[1m^[22m[39m[31m[1m^[22m[39
m[31m[1m^[22m[39m[31m[1m^[22m[39m[31m[1m^[2
2m[39m[31m[1m^[22m[39m[31m[1m^[22m[39m[31m[
1m^[22m[39m[31m[1m^[22m[39m[31m[1m^[22m[39m
[31m[1m^[22m[39m[31m[1m^[22m[39m[31m[1m^[22m
[39m[31m[1m^[22m[39m[31m[1m^[22m[39m[31m[1m
^[22m[39m[31m[1m^[22m[39m[31m[1m^[22m[39m[3
1m[1m^[22m[39m[31m[1m^[22m[39m[31m[1m^[22m[
39m[31m[1m^[22m[39m[31m[1m^[22m[39m[31m[1m^
[22m[39m[31m[1m^[22m[39m[31m[1m^[22m[39m[31m
[1m^[22m[39m[31m[1m^[22m[39m[31m[1m^[22m[39
m[31m[1m^[22m[39m
 [90m 13 |[39m
 [90m 14 |[39m [90m// Base Composer for 
post-processing[39m
 [90m 15 |[39m [36mexport[39m [36mfunction[39m 
useBaseComposer(isVisible[33m:[39m 
boolean)[33m:[39m [33mEffectComposer[39m 
[33m|[39m [36mnull[39m {[0m



Import traces:
  Client Component Browser:
    
./components/experience/hooks/usePostProcessing.ts 
[Client Component Browser]
    
./components/experience/scenes/District/District.tsx 
[Client Component Browser]
    ./components/experience/scenes/District/DistrictSc
ene.tsx [Client Component Browser]
    ./components/experience/ExperienceRoot.tsx 
[Client Component Browser]
    ./components/experience/ExperienceRoot.tsx 
[Server Component]
    ./app/experience/page.tsx [Server Component]

  Client Component SSR:
    
./components/experience/hooks/usePostProcessing.ts 
[Client Component SSR]
    
./components/experience/scenes/District/District.tsx 
[Client Component SSR]
    ./components/experience/scenes/District/DistrictSc
ene.tsx [Client Component SSR]
    ./components/experience/ExperienceRoot.tsx 
[Client Component SSR]
    ./components/experience/ExperienceRoot.tsx 
[Server Component]
    ./app/experience/page.tsx [Server Component]

https://nextjs.org/docs/messages/module-not-found


./components/experience/scenes/City/City.tsx:11:1
Module not found: Can't resolve 'three'
[0m [90m  9 |[39m [36mimport[39m { 
setupZoomCamera } [36mfrom[39m 
[32m"../../utils/setupZoomCamera"[39m[33m;[39m
 [90m 10 |[39m [36mimport[39m { useMobile } 
[36mfrom[39m 
[32m"../../contexts/MobileContext"[39m[33m;[39m
[31m[1m>[22m[39m[90m 11 |[39m [36mimport[39m 
{ [33mMesh[39m[33m,[39m 
[33mMeshBasicMaterial[39m[33m,[39m 
[33mPerspectiveCamera[39m[33m,[39m 
[33mTextureLoader[39m } [36mfrom[39m 
[32m"three"[39m[33m;[39m
 [90m    |[39m [31m[1m^[22m[39m[31m[1m^[22m[
39m[31m[1m^[22m[39m[31m[1m^[22m[39m[31m[1m^
[22m[39m[31m[1m^[22m[39m[31m[1m^[22m[39m[31m
[1m^[22m[39m[31m[1m^[22m[39m[31m[1m^[22m[39
m[31m[1m^[22m[39m[31m[1m^[22m[39m[31m[1m^[2
2m[39m[31m[1m^[22m[39m[31m[1m^[22m[39m[31m[
1m^[22m[39m[31m[1m^[22m[39m[31m[1m^[22m[39m
[31m[1m^[22m[39m[31m[1m^[22m[39m[31m[1m^[22m
[39m[31m[1m^[22m[39m[31m[1m^[22m[39m[31m[1m
^[22m[39m[31m[1m^[22m[39m[31m[1m^[22m[39m[3
1m[1m^[22m[39m[31m[1m^[22m[39m[31m[1m^[22m[
39m[31m[1m^[22m[39m[31m[1m^[22m[39m[31m[1m^
[22m[39m[31m[1m^[22m[39m[31m[1m^[22m[39m[31m
[1m^[22m[39m[31m[1m^[22m[39m[31m[1m^[22m[39
m[31m[1m^[22m[39m[31m[1m^[22m[39m[31m[1m^[2
2m[39m[31m[1m^[22m[39m[31m[1m^[22m[39m[31m[
1m^[22m[39m[31m[1m^[22m[39m[31m[1m^[22m[39m
[31m[1m^[22m[39m[31m[1m^[22m[39m[31m[1m^[22m
[39m[31m[1m^[22m[39m[31m[1m^[22m[39m[31m[1m
^[22m[39m[31m[1m^[22m[39m[31m[1m^[22m[39m[3
1m[1m^[22m[39m[31m[1m^[22m[39m[31m[1m^[22m[
39m[31m[1m^[22m[39m[31m[1m^[22m[39m[31m[1m^
[22m[39m[31m[1m^[22m[39m[31m[1m^[22m[39m[31m
[1m^[22m[39m[31m[1m^[22m[39m[31m[1m^[22m[39
m[31m[1m^[22m[39m[31m[1m^[22m[39m[31m[1m^[2
2m[39m[31m[1m^[22m[39m[31m[1m^[22m[39m[31m[
1m^[22m[39m[31m[1m^[22m[39m[31m[1m^[22m[39m
[31m[1m^[22m[39m[31m[1m^[22m[39m[31m[1m^[22m
[39m[31m[1m^[22m[39m[31m[1m^[22m[39m[31m[1m
^[22m[39m[31m[1m^[22m[39m[31m[1m^[22m[39m[3
1m[1m^[22m[39m[31m[1m^[22m[39m
 [90m 12 |[39m
 [90m 13 |[39m [36mexport[39m [36mfunction[39m 
[33mCity[39m() {
 [90m 14 |[39m   [36mconst[39m { 
viewport[33m,[39m camera } [33m=[39m useThree() 
[36mas[39m { viewport[33m:[39m any[33m,[39m 
camera[33m:[39m [33mPerspectiveCamera[39m 
}[33m;[39m[0m



Import traces:
  Client Component Browser:
    ./components/experience/scenes/City/City.tsx 
[Client Component Browser]
    ./components/experience/scenes/City/CityScene.tsx 
[Client Component Browser]
    ./components/experience/ExperienceRoot.tsx 
[Client Component Browser]
    ./components/experience/ExperienceRoot.tsx 
[Server Component]
    ./app/experience/page.tsx [Server Component]

  Client Component SSR:
    ./components/experience/scenes/City/City.tsx 
[Client Component SSR]
    ./components/experience/scenes/City/CityScene.tsx 
[Client Component SSR]
    ./components/experience/ExperienceRoot.tsx 
[Client Component SSR]
    ./components/experience/ExperienceRoot.tsx 
[Server Component]
    ./app/experience/page.tsx [Server Component]

https://nextjs.org/docs/messages/module-not-found


./components/experience/scenes/Continent/Continent.tsx
:11:1
Module not found: Can't resolve 'three'
[0m [90m  9 |[39m [36mimport[39m { 
setupZoomCamera } [36mfrom[39m 
[32m"../../utils/setupZoomCamera"[39m[33m;[39m
 [90m 10 |[39m [36mimport[39m { useMobile } 
[36mfrom[39m 
[32m"../../contexts/MobileContext"[39m[33m;[39m
[31m[1m>[22m[39m[90m 11 |[39m [36mimport[39m 
{ [33mMesh[39m[33m,[39m 
[33mMeshBasicMaterial[39m[33m,[39m 
[33mPerspectiveCamera[39m[33m,[39m 
[33mTextureLoader[39m } [36mfrom[39m 
[32m"three"[39m[33m;[39m
 [90m    |[39m [31m[1m^[22m[39m[31m[1m^[22m[
39m[31m[1m^[22m[39m[31m[1m^[22m[39m[31m[1m^
[22m[39m[31m[1m^[22m[39m[31m[1m^[22m[39m[31m
[1m^[22m[39m[31m[1m^[22m[39m[31m[1m^[22m[39
m[31m[1m^[22m[39m[31m[1m^[22m[39m[31m[1m^[2
2m[39m[31m[1m^[22m[39m[31m[1m^[22m[39m[31m[
1m^[22m[39m[31m[1m^[22m[39m[31m[1m^[22m[39m
[31m[1m^[22m[39m[31m[1m^[22m[39m[31m[1m^[22m
[39m[31m[1m^[22m[39m[31m[1m^[22m[39m[31m[1m
^[22m[39m[31m[1m^[22m[39m[31m[1m^[22m[39m[3
1m[1m^[22m[39m[31m[1m^[22m[39m[31m[1m^[22m[
39m[31m[1m^[22m[39m[31m[1m^[22m[39m[31m[1m^
[22m[39m[31m[1m^[22m[39m[31m[1m^[22m[39m[31m
[1m^[22m[39m[31m[1m^[22m[39m[31m[1m^[22m[39
m[31m[1m^[22m[39m[31m[1m^[22m[39m[31m[1m^[2
2m[39m[31m[1m^[22m[39m[31m[1m^[22m[39m[31m[
1m^[22m[39m[31m[1m^[22m[39m[31m[1m^[22m[39m
[31m[1m^[22m[39m[31m[1m^[22m[39m[31m[1m^[22m
[39m[31m[1m^[22m[39m[31m[1m^[22m[39m[31m[1m
^[22m[39m[31m[1m^[22m[39m[31m[1m^[22m[39m[3
1m[1m^[22m[39m[31m[1m^[22m[39m[31m[1m^[22m[
39m[31m[1m^[22m[39m[31m[1m^[22m[39m[31m[1m^
[22m[39m[31m[1m^[22m[39m[31m[1m^[22m[39m[31m
[1m^[22m[39m[31m[1m^[22m[39m[31m[1m^[22m[39
m[31m[1m^[22m[39m[31m[1m^[22m[39m[31m[1m^[2
2m[39m[31m[1m^[22m[39m[31m[1m^[22m[39m[31m[
1m^[22m[39m[31m[1m^[22m[39m[31m[1m^[22m[39m
[31m[1m^[22m[39m[31m[1m^[22m[39m[31m[1m^[22m
[39m[31m[1m^[22m[39m[31m[1m^[22m[39m[31m[1m
^[22m[39m[31m[1m^[22m[39m[31m[1m^[22m[39m[3
1m[1m^[22m[39m[31m[1m^[22m[39m
 [90m 12 |[39m
 [90m 13 |[39m [36mexport[39m [36mfunction[39m 
[33mContinent[39m() {
 [90m 14 |[39m   [36mconst[39m { 
viewport[33m,[39m camera } [33m=[39m useThree() 
[36mas[39m { viewport[33m:[39m any[33m,[39m 
camera[33m:[39m [33mPerspectiveCamera[39m 
}[33m;[39m[0m



Import traces:
  Client Component Browser:
    ./components/experience/scenes/Continent/Continent
.tsx [Client Component Browser]
    ./components/experience/scenes/Continent/Continent
Scene.tsx [Client Component Browser]
    ./components/experience/ExperienceRoot.tsx 
[Client Component Browser]
    ./components/experience/ExperienceRoot.tsx 
[Server Component]
    ./app/experience/page.tsx [Server Component]

  Client Component SSR:
    ./components/experience/scenes/Continent/Continent
.tsx [Client Component SSR]
    ./components/experience/scenes/Continent/Continent
Scene.tsx [Client Component SSR]
    ./components/experience/ExperienceRoot.tsx 
[Client Component SSR]
    ./components/experience/ExperienceRoot.tsx 
[Server Component]
    ./app/experience/page.tsx [Server Component]

https://nextjs.org/docs/messages/module-not-found


./components/experience/scenes/District/District.tsx:1
1:1
Module not found: Can't resolve 'three'
[0m [90m  9 |[39m [36mimport[39m { 
setupZoomCamera } [36mfrom[39m 
[32m"../../utils/setupZoomCamera"[39m[33m;[39m
 [90m 10 |[39m [36mimport[39m { useMobile } 
[36mfrom[39m 
[32m"../../contexts/MobileContext"[39m[33m;[39m
[31m[1m>[22m[39m[90m 11 |[39m [36mimport[39m 
{ [33mMesh[39m[33m,[39m 
[33mMeshBasicMaterial[39m[33m,[39m 
[33mPerspectiveCamera[39m[33m,[39m 
[33mTextureLoader[39m } [36mfrom[39m 
[32m"three"[39m[33m;[39m
 [90m    |[39m [31m[1m^[22m[39m[31m[1m^[22m[
39m[31m[1m^[22m[39m[31m[1m^[22m[39m[31m[1m^
[22m[39m[31m[1m^[22m[39m[31m[1m^[22m[39m[31m
[1m^[22m[39m[31m[1m^[22m[39m[31m[1m^[22m[39
m[31m[1m^[22m[39m[31m[1m^[22m[39m[31m[1m^[2
2m[39m[31m[1m^[22m[39m[31m[1m^[22m[39m[31m[
1m^[22m[39m[31m[1m^[22m[39m[31m[1m^[22m[39m
[31m[1m^[22m[39m[31m[1m^[22m[39m[31m[1m^[22m
[39m[31m[1m^[22m[39m[31m[1m^[22m[39m[31m[1m
^[22m[39m[31m[1m^[22m[39m[31m[1m^[22m[39m[3
1m[1m^[22m[39m[31m[1m^[22m[39m[31m[1m^[22m[
39m[31m[1m^[22m[39m[31m[1m^[22m[39m[31m[1m^
[22m[39m[31m[1m^[22m[39m[31m[1m^[22m[39m[31m
[1m^[22m[39m[31m[1m^[22m[39m[31m[1m^[22m[39
m[31m[1m^[22m[39m[31m[1m^[22m[39m[31m[1m^[2
2m[39m[31m[1m^[22m[39m[31m[1m^[22m[39m[31m[
1m^[22m[39m[31m[1m^[22m[39m[31m[1m^[22m[39m
[31m[1m^[22m[39m[31m[1m^[22m[39m[31m[1m^[22m
[39m[31m[1m^[22m[39m[31m[1m^[22m[39m[31m[1m
^[22m[39m[31m[1m^[22m[39m[31m[1m^[22m[39m[3
1m[1m^[22m[39m[31m[1m^[22m[39m[31m[1m^[22m[
39m[31m[1m^[22m[39m[31m[1m^[22m[39m[31m[1m^
[22m[39m[31m[1m^[22m[39m[31m[1m^[22m[39m[31m
[1m^[22m[39m[31m[1m^[22m[39m[31m[1m^[22m[39
m[31m[1m^[22m[39m[31m[1m^[22m[39m[31m[1m^[2
2m[39m[31m[1m^[22m[39m[31m[1m^[22m[39m[31m[
1m^[22m[39m[31m[1m^[22m[39m[31m[1m^[22m[39m
[31m[1m^[22m[39m[31m[1m^[22m[39m[31m[1m^[22m
[39m[31m[1m^[22m[39m[31m[1m^[22m[39m[31m[1m
^[22m[39m[31m[1m^[22m[39m[31m[1m^[22m[39m[3
1m[1m^[22m[39m[31m[1m^[22m[39m
 [90m 12 |[39m
 [90m 13 |[39m [36mexport[39m [36mfunction[39m 
[33mDistrict[39m() {
 [90m 14 |[39m   [36mconst[39m { 
viewport[33m,[39m camera } [33m=[39m useThree() 
[36mas[39m { viewport[33m:[39m any[33m,[39m 
camera[33m:[39m [33mPerspectiveCamera[39m 
}[33m;[39m[0m



Import traces:
  Client Component Browser:
    
./components/experience/scenes/District/District.tsx 
[Client Component Browser]
    ./components/experience/scenes/District/DistrictSc
ene.tsx [Client Component Browser]
    ./components/experience/ExperienceRoot.tsx 
[Client Component Browser]
    ./components/experience/ExperienceRoot.tsx 
[Server Component]
    ./app/experience/page.tsx [Server Component]

  Client Component SSR:
    
./components/experience/scenes/District/District.tsx 
[Client Component SSR]
    ./components/experience/scenes/District/DistrictSc
ene.tsx [Client Component SSR]
    ./components/experience/ExperienceRoot.tsx 
[Client Component SSR]
    ./components/experience/ExperienceRoot.tsx 
[Server Component]
    ./app/experience/page.tsx [Server Component]

https://nextjs.org/docs/messages/module-not-found


./components/experience/scenes/Galaxy/Galaxy.tsx:13:1
Module not found: Can't resolve 'three'
[0m [90m 11 |[39m [36mimport[39m { 
setupZoomCamera } [36mfrom[39m 
[32m'../../utils/setupZoomCamera'[39m
 [90m 12 |[39m [36mimport[39m { useMobile } 
[36mfrom[39m 
[32m'../../contexts/MobileContext'[39m
[31m[1m>[22m[39m[90m 13 |[39m [36mimport[39m 
{ [33mColor[39m[33m,[39m 
[33mGroup[39m[33m,[39m 
[33mMathUtils[39m[33m,[39m 
[33mMesh[39m[33m,[39m 
[33mMeshBasicMaterial[39m[33m,[39m 
[33mPerspectiveCamera[39m[33m,[39m 
[33mPointsMaterial[39m[33m,[39m 
[33mTextureLoader[39m[33m,[39m [33mVector3[39m 
} [36mfrom[39m [32m'three'[39m
 [90m    |[39m [31m[1m^[22m[39m[31m[1m^[22m[
39m[31m[1m^[22m[39m[31m[1m^[22m[39m[31m[1m^
[22m[39m[31m[1m^[22m[39m[31m[1m^[22m[39m[31m
[1m^[22m[39m[31m[1m^[22m[39m[31m[1m^[22m[39
m[31m[1m^[22m[39m[31m[1m^[22m[39m[31m[1m^[2
2m[39m[31m[1m^[22m[39m[31m[1m^[22m[39m[31m[
1m^[22m[39m[31m[1m^[22m[39m[31m[1m^[22m[39m
[31m[1m^[22m[39m[31m[1m^[22m[39m[31m[1m^[22m
[39m[31m[1m^[22m[39m[31m[1m^[22m[39m[31m[1m
^[22m[39m[31m[1m^[22m[39m[31m[1m^[22m[39m[3
1m[1m^[22m[39m[31m[1m^[22m[39m[31m[1m^[22m[
39m[31m[1m^[22m[39m[31m[1m^[22m[39m[31m[1m^
[22m[39m[31m[1m^[22m[39m[31m[1m^[22m[39m[31m
[1m^[22m[39m[31m[1m^[22m[39m[31m[1m^[22m[39
m[31m[1m^[22m[39m[31m[1m^[22m[39m[31m[1m^[2
2m[39m[31m[1m^[22m[39m[31m[1m^[22m[39m[31m[
1m^[22m[39m[31m[1m^[22m[39m[31m[1m^[22m[39m
[31m[1m^[22m[39m[31m[1m^[22m[39m[31m[1m^[22m
[39m[31m[1m^[22m[39m[31m[1m^[22m[39m[31m[1m
^[22m[39m[31m[1m^[22m[39m[31m[1m^[22m[39m[3
1m[1m^[22m[39m[31m[1m^[22m[39m[31m[1m^[22m[
39m[31m[1m^[22m[39m[31m[1m^[22m[39m[31m[1m^
[22m[39m[31m[1m^[22m[39m[31m[1m^[22m[39m[31m
[1m^[22m[39m[31m[1m^[22m[39m[31m[1m^[22m[39
m[31m[1m^[22m[39m[31m[1m^[22m[39m[31m[1m^[2
2m[39m[31m[1m^[22m[39m[31m[1m^[22m[39m[31m[
1m^[22m[39m[31m[1m^[22m[39m[31m[1m^[22m[39m
[31m[1m^[22m[39m[31m[1m^[22m[39m[31m[1m^[22m
[39m[31m[1m^[22m[39m[31m[1m^[22m[39m[31m[1m
^[22m[39m[31m[1m^[22m[39m[31m[1m^[22m[39m[3
1m[1m^[22m[39m[31m[1m^[22m[39m[31m[1m^[22m[
39m[31m[1m^[22m[39m[31m[1m^[22m[39m[31m[1m^
[22m[39m[31m[1m^[22m[39m[31m[1m^[22m[39m[31m
[1m^[22m[39m[31m[1m^[22m[39m[31m[1m^[22m[39
m[31m[1m^[22m[39m[31m[1m^[22m[39m[31m[1m^[2
2m[39m[31m[1m^[22m[39m[31m[1m^[22m[39m[31m[
1m^[22m[39m[31m[1m^[22m[39m[31m[1m^[22m[39m
[31m[1m^[22m[39m[31m[1m^[22m[39m[31m[1m^[22m
[39m[31m[1m^[22m[39m[31m[1m^[22m[39m[31m[1m
^[22m[39m[31m[1m^[22m[39m[31m[1m^[22m[39m[3
1m[1m^[22m[39m[31m[1m^[22m[39m[31m[1m^[22m[
39m[31m[1m^[22m[39m[31m[1m^[22m[39m[31m[1m^
[22m[39m[31m[1m^[22m[39m[31m[1m^[22m[39m[31m
[1m^[22m[39m[31m[1m^[22m[39m[31m[1m^[22m[39
m[31m[1m^[22m[39m[31m[1m^[22m[39m[31m[1m^[2
2m[39m[31m[1m^[22m[39m[31m[1m^[22m[39m[31m[
1m^[22m[39m[31m[1m^[22m[39m[31m[1m^[22m[39m
[31m[1m^[22m[39m[31m[1m^[22m[39m[31m[1m^[22m
[39m[31m[1m^[22m[39m[31m[1m^[22m[39m
 [90m 14 |[39m
 [90m 15 |[39m [36mexport[39m [36mfunction[39m 
[33mGalaxy[39m() {
 [90m 16 |[39m   [36mconst[39m { camera } 
[33m=[39m useThree() [36mas[39m { 
camera[33m:[39m [33mPerspectiveCamera[39m 
}[33m;[39m[0m



Import traces:
  Client Component Browser:
    ./components/experience/scenes/Galaxy/Galaxy.tsx 
[Client Component Browser]
    
./components/experience/scenes/Galaxy/GalaxyScene.tsx 
[Client Component Browser]
    ./components/experience/ExperienceRoot.tsx 
[Client Component Browser]
    ./components/experience/ExperienceRoot.tsx 
[Server Component]
    ./app/experience/page.tsx [Server Component]

  Client Component SSR:
    ./components/experience/scenes/Galaxy/Galaxy.tsx 
[Client Component SSR]
    
./components/experience/scenes/Galaxy/GalaxyScene.tsx 
[Client Component SSR]
    ./components/experience/ExperienceRoot.tsx 
[Client Component SSR]
    ./components/experience/ExperienceRoot.tsx 
[Server Component]
    ./app/experience/page.tsx [Server Component]

https://nextjs.org/docs/messages/module-not-found


./components/experience/scenes/Room/Device/Monitor.tsx
:5:1
Module not found: Can't resolve 'three'
[0m [90m 3 |[39m [36mimport[39m { 
[33mHtml[39m[33m,[39m useGLTF } [36mfrom[39m 
[32m'@react-three/drei'[39m[33m;[39m
 [90m 4 |[39m [36mimport[39m { 
[33mDEVICE[39m[33m,[39m [33mSCENE_MANAGER[39m } 
[36mfrom[39m 
[32m'../../../config/config'[39m[33m;[39m
[31m[1m>[22m[39m[90m 5 |[39m [36mimport[39m { 
[33mBox3[39m[33m,[39m [33mGroup[39m[33m,[39m 
[33mMaterial[39m[33m,[39m 
[33mMesh[39m[33m,[39m [33mVector3[39m } 
[36mfrom[39m [32m'three'[39m[33m;[39m
 [90m   |[39m [31m[1m^[22m[39m[31m[1m^[22m[3
9m[31m[1m^[22m[39m[31m[1m^[22m[39m[31m[1m^[
22m[39m[31m[1m^[22m[39m[31m[1m^[22m[39m[31m
[1m^[22m[39m[31m[1m^[22m[39m[31m[1m^[22m[39m
[31m[1m^[22m[39m[31m[1m^[22m[39m[31m[1m^[22
m[39m[31m[1m^[22m[39m[31m[1m^[22m[39m[31m[1
m^[22m[39m[31m[1m^[22m[39m[31m[1m^[22m[39m[
31m[1m^[22m[39m[31m[1m^[22m[39m[31m[1m^[22m
[39m[31m[1m^[22m[39m[31m[1m^[22m[39m[31m[1m^
[22m[39m[31m[1m^[22m[39m[31m[1m^[22m[39m[31
m[1m^[22m[39m[31m[1m^[22m[39m[31m[1m^[22m[3
9m[31m[1m^[22m[39m[31m[1m^[22m[39m[31m[1m^[
22m[39m[31m[1m^[22m[39m[31m[1m^[22m[39m[31m
[1m^[22m[39m[31m[1m^[22m[39m[31m[1m^[22m[39m
[31m[1m^[22m[39m[31m[1m^[22m[39m[31m[1m^[22
m[39m[31m[1m^[22m[39m[31m[1m^[22m[39m[31m[1
m^[22m[39m[31m[1m^[22m[39m[31m[1m^[22m[39m[
31m[1m^[22m[39m[31m[1m^[22m[39m[31m[1m^[22m
[39m[31m[1m^[22m[39m[31m[1m^[22m[39m[31m[1m^
[22m[39m[31m[1m^[22m[39m[31m[1m^[22m[39m[31
m[1m^[22m[39m[31m[1m^[22m[39m[31m[1m^[22m[3
9m[31m[1m^[22m[39m[31m[1m^[22m[39m[31m[1m^[
22m[39m[31m[1m^[22m[39m[31m[1m^[22m[39m
 [90m 6 |[39m [36mimport[39m { [33mGLTF[39m } 
[36mfrom[39m [32m'three-stdlib'[39m[33m;[39m
 [90m 7 |[39m [36mimport[39m { useSceneStore } 
[36mfrom[39m 
[32m'../../../core/SceneManager'[39m[33m;[39m
 [90m 8 |[39m[0m



Import traces:
  Client Component Browser:
    ./components/experience/scenes/Room/Device/Monitor
.tsx [Client Component Browser]
    ./components/experience/scenes/Room/Room.tsx 
[Client Component Browser]
    ./components/experience/scenes/Room/RoomScene.tsx 
[Client Component Browser]
    ./components/experience/ExperienceRoot.tsx 
[Client Component Browser]
    ./components/experience/ExperienceRoot.tsx 
[Server Component]
    ./app/experience/page.tsx [Server Component]

  Client Component SSR:
    ./components/experience/scenes/Room/Device/Monitor
.tsx [Client Component SSR]
    ./components/experience/scenes/Room/Room.tsx 
[Client Component SSR]
    ./components/experience/scenes/Room/RoomScene.tsx 
[Client Component SSR]
    ./components/experience/ExperienceRoot.tsx 
[Client Component SSR]
    ./components/experience/ExperienceRoot.tsx 
[Server Component]
    ./app/experience/page.tsx [Server Component]

https://nextjs.org/docs/messages/module-not-found


./components/experience/scenes/Room/Device/Phone.tsx:7
:1
Module not found: Can't resolve 'three'
[0m [90m  5 |[39m [36mimport[39m { useSceneStore 
} [36mfrom[39m 
[32m'../../../core/SceneManager'[39m[33m;[39m
 [90m  6 |[39m [36mimport[39m { [33mGLTF[39m } 
[36mfrom[39m [32m'three-stdlib'[39m[33m;[39m
[31m[1m>[22m[39m[90m  7 |[39m [36mimport[39m 
{ [33mMaterial[39m[33m,[39m 
[33mMesh[39m[33m,[39m [33mVector3[39m } 
[36mfrom[39m [32m'three'[39m[33m;[39m
 [90m    |[39m [31m[1m^[22m[39m[31m[1m^[22m[
39m[31m[1m^[22m[39m[31m[1m^[22m[39m[31m[1m^
[22m[39m[31m[1m^[22m[39m[31m[1m^[22m[39m[31m
[1m^[22m[39m[31m[1m^[22m[39m[31m[1m^[22m[39
m[31m[1m^[22m[39m[31m[1m^[22m[39m[31m[1m^[2
2m[39m[31m[1m^[22m[39m[31m[1m^[22m[39m[31m[
1m^[22m[39m[31m[1m^[22m[39m[31m[1m^[22m[39m
[31m[1m^[22m[39m[31m[1m^[22m[39m[31m[1m^[22m
[39m[31m[1m^[22m[39m[31m[1m^[22m[39m[31m[1m
^[22m[39m[31m[1m^[22m[39m[31m[1m^[22m[39m[3
1m[1m^[22m[39m[31m[1m^[22m[39m[31m[1m^[22m[
39m[31m[1m^[22m[39m[31m[1m^[22m[39m[31m[1m^
[22m[39m[31m[1m^[22m[39m[31m[1m^[22m[39m[31m
[1m^[22m[39m[31m[1m^[22m[39m[31m[1m^[22m[39
m[31m[1m^[22m[39m[31m[1m^[22m[39m[31m[1m^[2
2m[39m[31m[1m^[22m[39m[31m[1m^[22m[39m[31m[
1m^[22m[39m[31m[1m^[22m[39m[31m[1m^[22m[39m
[31m[1m^[22m[39m[31m[1m^[22m[39m[31m[1m^[22m
[39m
 [90m  8 |[39m [36mimport[39m { useMobile } 
[36mfrom[39m 
[32m'../../../contexts/MobileContext'[39m[33m;[39m
 [90m  9 |[39m
 [90m 10 |[39m [90m// btw, fullscreen mode was not 
supposed to be here[39m[0m



Import traces:
  Client Component Browser:
    
./components/experience/scenes/Room/Device/Phone.tsx 
[Client Component Browser]
    ./components/experience/scenes/Room/Room.tsx 
[Client Component Browser]
    ./components/experience/scenes/Room/RoomScene.tsx 
[Client Component Browser]
    ./components/experience/ExperienceRoot.tsx 
[Client Component Browser]
    ./components/experience/ExperienceRoot.tsx 
[Server Component]
    ./app/experience/page.tsx [Server Component]

  Client Component SSR:
    
./components/experience/scenes/Room/Device/Phone.tsx 
[Client Component SSR]
    ./components/experience/scenes/Room/Room.tsx 
[Client Component SSR]
    ./components/experience/scenes/Room/RoomScene.tsx 
[Client Component SSR]
    ./components/experience/ExperienceRoot.tsx 
[Client Component SSR]
    ./components/experience/ExperienceRoot.tsx 
[Server Component]
    ./app/experience/page.tsx [Server Component]

https://nextjs.org/docs/messages/module-not-found


./components/experience/scenes/Room/Room.tsx:13:1
Module not found: Can't resolve 'three'
[0m [90m 11 |[39m [36mimport[39m 
[33mMonitor[39m [36mfrom[39m 
[32m"./Device/Monitor"[39m[33m;[39m
 [90m 12 |[39m [36mimport[39m [33mPhone[39m 
[36mfrom[39m [32m"./Device/Phone"[39m[33m;[39m
[31m[1m>[22m[39m[90m 13 |[39m [36mimport[39m 
{ [33mPerspectiveCamera[39m[33m,[39m 
[33mQuaternion[39m[33m,[39m [33mVector3[39m } 
[36mfrom[39m [32m"three"[39m[33m;[39m
 [90m    |[39m [31m[1m^[22m[39m[31m[1m^[22m[
39m[31m[1m^[22m[39m[31m[1m^[22m[39m[31m[1m^
[22m[39m[31m[1m^[22m[39m[31m[1m^[22m[39m[31m
[1m^[22m[39m[31m[1m^[22m[39m[31m[1m^[22m[39
m[31m[1m^[22m[39m[31m[1m^[22m[39m[31m[1m^[2
2m[39m[31m[1m^[22m[39m[31m[1m^[22m[39m[31m[
1m^[22m[39m[31m[1m^[22m[39m[31m[1m^[22m[39m
[31m[1m^[22m[39m[31m[1m^[22m[39m[31m[1m^[22m
[39m[31m[1m^[22m[39m[31m[1m^[22m[39m[31m[1m
^[22m[39m[31m[1m^[22m[39m[31m[1m^[22m[39m[3
1m[1m^[22m[39m[31m[1m^[22m[39m[31m[1m^[22m[
39m[31m[1m^[22m[39m[31m[1m^[22m[39m[31m[1m^
[22m[39m[31m[1m^[22m[39m[31m[1m^[22m[39m[31m
[1m^[22m[39m[31m[1m^[22m[39m[31m[1m^[22m[39
m[31m[1m^[22m[39m[31m[1m^[22m[39m[31m[1m^[2
2m[39m[31m[1m^[22m[39m[31m[1m^[22m[39m[31m[
1m^[22m[39m[31m[1m^[22m[39m[31m[1m^[22m[39m
[31m[1m^[22m[39m[31m[1m^[22m[39m[31m[1m^[22m
[39m[31m[1m^[22m[39m[31m[1m^[22m[39m[31m[1m
^[22m[39m[31m[1m^[22m[39m[31m[1m^[22m[39m[3
1m[1m^[22m[39m[31m[1m^[22m[39m[31m[1m^[22m[
39m[31m[1m^[22m[39m[31m[1m^[22m[39m[31m[1m^
[22m[39m[31m[1m^[22m[39m[31m[1m^[22m[39m[31m
[1m^[22m[39m[31m[1m^[22m[39m
 [90m 14 |[39m
 [90m 15 |[39m [36mexport[39m [36mfunction[39m 
[33mRoom[39m() {
 [90m 16 |[39m   [36mconst[39m { camera } 
[33m=[39m useThree() [36mas[39m { 
camera[33m:[39m [33mPerspectiveCamera[39m 
}[33m;[39m[0m



Import traces:
  Client Component Browser:
    ./components/experience/scenes/Room/Room.tsx 
[Client Component Browser]
    ./components/experience/scenes/Room/RoomScene.tsx 
[Client Component Browser]
    ./components/experience/ExperienceRoot.tsx 
[Client Component Browser]
    ./components/experience/ExperienceRoot.tsx 
[Server Component]
    ./app/experience/page.tsx [Server Component]

  Client Component SSR:
    ./components/experience/scenes/Room/Room.tsx 
[Client Component SSR]
    ./components/experience/scenes/Room/RoomScene.tsx 
[Client Component SSR]
    ./components/experience/ExperienceRoot.tsx 
[Client Component SSR]
    ./components/experience/ExperienceRoot.tsx 
[Server Component]
    ./app/experience/page.tsx [Server Component]

https://nextjs.org/docs/messages/module-not-found


./components/experience/scenes/SolarSystem/Components/
Nebula.tsx:3:1
Module not found: Can't resolve 'three'
[0m [90m 1 |[39m [36mimport[39m { 
useRef[33m,[39m useMemo } [36mfrom[39m 
[32m'react'[39m
 [90m 2 |[39m [36mimport[39m { 
[33mSCENE_MANAGER[39m[33m,[39m 
[33mSOLAR_SYSTEM[39m } [36mfrom[39m 
[32m'../../../config/config'[39m[33m;[39m
[31m[1m>[22m[39m[90m 3 |[39m [36mimport[39m { 
[33mAdditiveBlending[39m[33m,[39m 
[33mBufferGeometry[39m[33m,[39m 
[33mColor[39m[33m,[39m 
[33mFloat32BufferAttribute[39m[33m,[39m 
[33mGroup[39m[33m,[39m 
[33mMathUtils[39m[33m,[39m 
[33mPoints[39m[33m,[39m 
[33mPointsMaterial[39m[33m,[39m 
[33mTextureLoader[39m } [36mfrom[39m 
[32m'three'[39m[33m;[39m
 [90m   |[39m [31m[1m^[22m[39m[31m[1m^[22m[3
9m[31m[1m^[22m[39m[31m[1m^[22m[39m[31m[1m^[
22m[39m[31m[1m^[22m[39m[31m[1m^[22m[39m[31m
[1m^[22m[39m[31m[1m^[22m[39m[31m[1m^[22m[39m
[31m[1m^[22m[39m[31m[1m^[22m[39m[31m[1m^[22
m[39m[31m[1m^[22m[39m[31m[1m^[22m[39m[31m[1
m^[22m[39m[31m[1m^[22m[39m[31m[1m^[22m[39m[
31m[1m^[22m[39m[31m[1m^[22m[39m[31m[1m^[22m
[39m[31m[1m^[22m[39m[31m[1m^[22m[39m[31m[1m^
[22m[39m[31m[1m^[22m[39m[31m[1m^[22m[39m[31
m[1m^[22m[39m[31m[1m^[22m[39m[31m[1m^[22m[3
9m[31m[1m^[22m[39m[31m[1m^[22m[39m[31m[1m^[
22m[39m[31m[1m^[22m[39m[31m[1m^[22m[39m[31m
[1m^[22m[39m[31m[1m^[22m[39m[31m[1m^[22m[39m
[31m[1m^[22m[39m[31m[1m^[22m[39m[31m[1m^[22
m[39m[31m[1m^[22m[39m[31m[1m^[22m[39m[31m[1
m^[22m[39m[31m[1m^[22m[39m[31m[1m^[22m[39m[
31m[1m^[22m[39m[31m[1m^[22m[39m[31m[1m^[22m
[39m[31m[1m^[22m[39m[31m[1m^[22m[39m[31m[1m^
[22m[39m[31m[1m^[22m[39m[31m[1m^[22m[39m[31
m[1m^[22m[39m[31m[1m^[22m[39m[31m[1m^[22m[3
9m[31m[1m^[22m[39m[31m[1m^[22m[39m[31m[1m^[
22m[39m[31m[1m^[22m[39m[31m[1m^[22m[39m[31m
[1m^[22m[39m[31m[1m^[22m[39m[31m[1m^[22m[39m
[31m[1m^[22m[39m[31m[1m^[22m[39m[31m[1m^[22
m[39m[31m[1m^[22m[39m[31m[1m^[22m[39m[31m[1
m^[22m[39m[31m[1m^[22m[39m[31m[1m^[22m[39m[
31m[1m^[22m[39m[31m[1m^[22m[39m[31m[1m^[22m
[39m[31m[1m^[22m[39m[31m[1m^[22m[39m[31m[1m^
[22m[39m[31m[1m^[22m[39m[31m[1m^[22m[39m[31
m[1m^[22m[39m[31m[1m^[22m[39m[31m[1m^[22m[3
9m[31m[1m^[22m[39m[31m[1m^[22m[39m[31m[1m^[
22m[39m[31m[1m^[22m[39m[31m[1m^[22m[39m[31m
[1m^[22m[39m[31m[1m^[22m[39m[31m[1m^[22m[39m
[31m[1m^[22m[39m[31m[1m^[22m[39m[31m[1m^[22
m[39m[31m[1m^[22m[39m[31m[1m^[22m[39m[31m[1
m^[22m[39m[31m[1m^[22m[39m[31m[1m^[22m[39m[
31m[1m^[22m[39m[31m[1m^[22m[39m[31m[1m^[22m
[39m[31m[1m^[22m[39m[31m[1m^[22m[39m[31m[1m^
[22m[39m[31m[1m^[22m[39m[31m[1m^[22m[39m[31
m[1m^[22m[39m[31m[1m^[22m[39m[31m[1m^[22m[3
9m[31m[1m^[22m[39m[31m[1m^[22m[39m[31m[1m^[
22m[39m[31m[1m^[22m[39m[31m[1m^[22m[39m[31m
[1m^[22m[39m[31m[1m^[22m[39m[31m[1m^[22m[39m
[31m[1m^[22m[39m[31m[1m^[22m[39m[31m[1m^[22
m[39m[31m[1m^[22m[39m[31m[1m^[22m[39m[31m[1
m^[22m[39m[31m[1m^[22m[39m[31m[1m^[22m[39m[
31m[1m^[22m[39m[31m[1m^[22m[39m[31m[1m^[22m
[39m[31m[1m^[22m[39m[31m[1m^[22m[39m[31m[1m^
[22m[39m[31m[1m^[22m[39m[31m[1m^[22m[39m[31
m[1m^[22m[39m[31m[1m^[22m[39m[31m[1m^[22m[3
9m[31m[1m^[22m[39m[31m[1m^[22m[39m[31m[1m^[
22m[39m[31m[1m^[22m[39m[31m[1m^[22m[39m[31m
[1m^[22m[39m[31m[1m^[22m[39m[31m[1m^[22m[39m
 [90m 4 |[39m
 [90m 5 |[39m [36mfunction[39m [33mNebula[39m() 
{
 [90m 6 |[39m     [36mconst[39m groupRef 
[33m=[39m useRef[33m<[39m[33mGroup[39m 
[33m|[39m [36mnull[39m[33m>[39m([36mnull[39m)
[33m;[39m[0m



Import traces:
  Client Component Browser:
    ./components/experience/scenes/SolarSystem/Compone
nts/Nebula.tsx [Client Component Browser]
    ./components/experience/scenes/SolarSystem/SolarSy
stem.tsx [Client Component Browser]
    ./components/experience/scenes/SolarSystem/SolarSy
stemScene.tsx [Client Component Browser]
    ./components/experience/ExperienceRoot.tsx 
[Client Component Browser]
    ./components/experience/ExperienceRoot.tsx 
[Server Component]
    ./app/experience/page.tsx [Server Component]

  Client Component SSR:
    ./components/experience/scenes/SolarSystem/Compone
nts/Nebula.tsx [Client Component SSR]
    ./components/experience/scenes/SolarSystem/SolarSy
stem.tsx [Client Component SSR]
    ./components/experience/scenes/SolarSystem/SolarSy
stemScene.tsx [Client Component SSR]
    ./components/experience/ExperienceRoot.tsx 
[Client Component SSR]
    ./components/experience/ExperienceRoot.tsx 
[Server Component]
    ./app/experience/page.tsx [Server Component]

https://nextjs.org/docs/messages/module-not-found


./components/experience/scenes/SolarSystem/Components/
Planet.tsx:3:1
Module not found: Can't resolve 'three'
[0m [90m  1 |[39m [36mimport[39m 
[33mReact[39m[33m,[39m { useMemo[33m,[39m 
useRef[33m,[39m forwardRef } [36mfrom[39m 
[32m"react"[39m[33m;[39m
 [90m  2 |[39m [36mimport[39m { 
useFrame[33m,[39m useLoader } [36mfrom[39m 
[32m"@react-three/fiber"[39m[33m;[39m
[31m[1m>[22m[39m[90m  3 |[39m [36mimport[39m {
 [90m    |[39m [31m[1m^[22m[39m[31m[1m^[22m[
39m[31m[1m^[22m[39m[31m[1m^[22m[39m[31m[1m^
[22m[39m[31m[1m^[22m[39m[31m[1m^[22m[39m[31m
[1m^[22m[39m
[31m[1m>[22m[39m[90m  4 |[39m   
[33mGroup[39m[33m,[39m
 [90m    |[39m [31m[1m^[22m[39m[31m[1m^[22m[
39m[31m[1m^[22m[39m[31m[1m^[22m[39m[31m[1m^
[22m[39m[31m[1m^[22m[39m[31m[1m^[22m[39m[31m
[1m^[22m[39m
[31m[1m>[22m[39m[90m  5 |[39m   
[33mColor[39m[33m,[39m
 [90m    |[39m [31m[1m^[22m[39m[31m[1m^[22m[
39m[31m[1m^[22m[39m[31m[1m^[22m[39m[31m[1m^
[22m[39m[31m[1m^[22m[39m[31m[1m^[22m[39m[31m
[1m^[22m[39m
[31m[1m>[22m[39m[90m  6 |[39m   
[33mDoubleSide[39m[33m,[39m
 [90m    |[39m [31m[1m^[22m[39m[31m[1m^[22m[
39m[31m[1m^[22m[39m[31m[1m^[22m[39m[31m[1m^
[22m[39m[31m[1m^[22m[39m[31m[1m^[22m[39m[31m
[1m^[22m[39m
[31m[1m>[22m[39m[90m  7 |[39m   
[33mRingGeometry[39m[33m,[39m
 [90m    |[39m [31m[1m^[22m[39m[31m[1m^[22m[
39m[31m[1m^[22m[39m[31m[1m^[22m[39m[31m[1m^
[22m[39m[31m[1m^[22m[39m[31m[1m^[22m[39m[31m
[1m^[22m[39m
[31m[1m>[22m[39m[90m  8 |[39m   
[33mTextureLoader[39m[33m,[39m
 [90m    |[39m [31m[1m^[22m[39m[31m[1m^[22m[
39m[31m[1m^[22m[39m[31m[1m^[22m[39m[31m[1m^
[22m[39m[31m[1m^[22m[39m[31m[1m^[22m[39m[31m
[1m^[22m[39m
[31m[1m>[22m[39m[90m  9 |[39m   
[33mShaderMaterial[39m[33m,[39m
 [90m    |[39m [31m[1m^[22m[39m[31m[1m^[22m[
39m[31m[1m^[22m[39m[31m[1m^[22m[39m[31m[1m^
[22m[39m[31m[1m^[22m[39m[31m[1m^[22m[39m[31m
[1m^[22m[39m
[31m[1m>[22m[39m[90m 10 |[39m   
[33mSRGBColorSpace[39m[33m,[39m
 [90m    |[39m [31m[1m^[22m[39m[31m[1m^[22m[
39m[31m[1m^[22m[39m[31m[1m^[22m[39m[31m[1m^
[22m[39m[31m[1m^[22m[39m[31m[1m^[22m[39m[31m
[1m^[22m[39m
[31m[1m>[22m[39m[90m 11 |[39m   
[33mAdditiveBlending[39m[33m,[39m
 [90m    |[39m [31m[1m^[22m[39m[31m[1m^[22m[
39m[31m[1m^[22m[39m[31m[1m^[22m[39m[31m[1m^
[22m[39m[31m[1m^[22m[39m[31m[1m^[22m[39m[31m
[1m^[22m[39m
[31m[1m>[22m[39m[90m 12 |[39m   
[33mMeshPhongMaterial[39m[33m,[39m
 [90m    |[39m [31m[1m^[22m[39m[31m[1m^[22m[
39m[31m[1m^[22m[39m[31m[1m^[22m[39m[31m[1m^
[22m[39m[31m[1m^[22m[39m[31m[1m^[22m[39m[31m
[1m^[22m[39m
[31m[1m>[22m[39m[90m 13 |[39m   
[33mMeshBasicMaterial[39m[33m,[39m
 [90m    |[39m [31m[1m^[22m[39m[31m[1m^[22m[
39m[31m[1m^[22m[39m[31m[1m^[22m[39m[31m[1m^
[22m[39m[31m[1m^[22m[39m[31m[1m^[22m[39m[31m
[1m^[22m[39m
[31m[1m>[22m[39m[90m 14 |[39m   
[33mIcosahedronGeometry[39m[33m,[39m
 [90m    |[39m [31m[1m^[22m[39m[31m[1m^[22m[
39m[31m[1m^[22m[39m[31m[1m^[22m[39m[31m[1m^
[22m[39m[31m[1m^[22m[39m[31m[1m^[22m[39m[31m
[1m^[22m[39m
[31m[1m>[22m[39m[90m 15 |[39m   [33mMesh[39m 
[36mas[39m [33mThreeMesh[39m[33m,[39m
 [90m    |[39m [31m[1m^[22m[39m[31m[1m^[22m[
39m[31m[1m^[22m[39m[31m[1m^[22m[39m[31m[1m^
[22m[39m[31m[1m^[22m[39m[31m[1m^[22m[39m[31m
[1m^[22m[39m
[31m[1m>[22m[39m[90m 16 |[39m   
[33mVector3[39m[33m,[39m
 [90m    |[39m [31m[1m^[22m[39m[31m[1m^[22m[
39m[31m[1m^[22m[39m[31m[1m^[22m[39m[31m[1m^
[22m[39m[31m[1m^[22m[39m[31m[1m^[22m[39m[31m
[1m^[22m[39m
[31m[1m>[22m[39m[90m 17 |[39m   
[33mMaterial[39m[33m,[39m
 [90m    |[39m [31m[1m^[22m[39m[31m[1m^[22m[
39m[31m[1m^[22m[39m[31m[1m^[22m[39m[31m[1m^
[22m[39m[31m[1m^[22m[39m[31m[1m^[22m[39m[31m
[1m^[22m[39m
[31m[1m>[22m[39m[90m 18 |[39m } [36mfrom[39m 
[32m"three"[39m[33m;[39m
 [90m    |[39m [31m[1m^[22m[39m[31m[1m^[22m[
39m[31m[1m^[22m[39m[31m[1m^[22m[39m[31m[1m^
[22m[39m[31m[1m^[22m[39m[31m[1m^[22m[39m[31m
[1m^[22m[39m[31m[1m^[22m[39m[31m[1m^[22m[39
m[31m[1m^[22m[39m[31m[1m^[22m[39m[31m[1m^[2
2m[39m[31m[1m^[22m[39m[31m[1m^[22m[39m[31m[
1m^[22m[39m
 [90m 19 |[39m [36mimport[39m { 
planetGlowFragmentShader[33m,[39m 
planetGlowVertexShader[33m,[39m 
planetNightTextureFragmentShader[33m,[39m 
planetNightTextureVertexShader } [36mfrom[39m 
[32m"../../../shaders/planetShaders"[39m[33m;[39m
 [90m 20 |[39m [36mimport[39m { 
[33mSCENE_MANAGER[39m } [36mfrom[39m 
[32m"../../../config/config"[39m[33m;[39m
 [90m 21 |[39m[0m



Import traces:
  Client Component Browser:
    ./components/experience/scenes/SolarSystem/Compone
nts/Planet.tsx [Client Component Browser]
    ./components/experience/scenes/SolarSystem/SolarSy
stem.tsx [Client Component Browser]
    ./components/experience/scenes/SolarSystem/SolarSy
stemScene.tsx [Client Component Browser]
    ./components/experience/ExperienceRoot.tsx 
[Client Component Browser]
    ./components/experience/ExperienceRoot.tsx 
[Server Component]
    ./app/experience/page.tsx [Server Component]

  Client Component SSR:
    ./components/experience/scenes/SolarSystem/Compone
nts/Planet.tsx [Client Component SSR]
    ./components/experience/scenes/SolarSystem/SolarSy
stem.tsx [Client Component SSR]
    ./components/experience/scenes/SolarSystem/SolarSy
stemScene.tsx [Client Component SSR]
    ./components/experience/ExperienceRoot.tsx 
[Client Component SSR]
    ./components/experience/ExperienceRoot.tsx 
[Server Component]
    ./app/experience/page.tsx [Server Component]

https://nextjs.org/docs/messages/module-not-found


./components/experience/scenes/SolarSystem/Components/
Stars.tsx:4:1
Module not found: Can't resolve 'three'
[0m [90m 2 |[39m [36mimport[39m { useLoader } 
[36mfrom[39m 
[32m'@react-three/fiber'[39m[33m;[39m
 [90m 3 |[39m [36mimport[39m { 
[33mSCENE_MANAGER[39m[33m,[39m 
[33mSOLAR_SYSTEM[39m } [36mfrom[39m 
[32m'../../../config/config'[39m[33m;[39m
[31m[1m>[22m[39m[90m 4 |[39m [36mimport[39m { 
[33mAdditiveBlending[39m[33m,[39m 
[33mBufferGeometry[39m[33m,[39m 
[33mFloat32BufferAttribute[39m[33m,[39m 
[33mGroup[39m[33m,[39m 
[33mMathUtils[39m[33m,[39m 
[33mPointsMaterial[39m[33m,[39m 
[33mTextureLoader[39m } [36mfrom[39m 
[32m'three'[39m[33m;[39m
 [90m   |[39m [31m[1m^[22m[39m[31m[1m^[22m[3
9m[31m[1m^[22m[39m[31m[1m^[22m[39m[31m[1m^[
22m[39m[31m[1m^[22m[39m[31m[1m^[22m[39m[31m
[1m^[22m[39m[31m[1m^[22m[39m[31m[1m^[22m[39m
[31m[1m^[22m[39m[31m[1m^[22m[39m[31m[1m^[22
m[39m[31m[1m^[22m[39m[31m[1m^[22m[39m[31m[1
m^[22m[39m[31m[1m^[22m[39m[31m[1m^[22m[39m[
31m[1m^[22m[39m[31m[1m^[22m[39m[31m[1m^[22m
[39m[31m[1m^[22m[39m[31m[1m^[22m[39m[31m[1m^
[22m[39m[31m[1m^[22m[39m[31m[1m^[22m[39m[31
m[1m^[22m[39m[31m[1m^[22m[39m[31m[1m^[22m[3
9m[31m[1m^[22m[39m[31m[1m^[22m[39m[31m[1m^[
22m[39m[31m[1m^[22m[39m[31m[1m^[22m[39m[31m
[1m^[22m[39m[31m[1m^[22m[39m[31m[1m^[22m[39m
[31m[1m^[22m[39m[31m[1m^[22m[39m[31m[1m^[22
m[39m[31m[1m^[22m[39m[31m[1m^[22m[39m[31m[1
m^[22m[39m[31m[1m^[22m[39m[31m[1m^[22m[39m[
31m[1m^[22m[39m[31m[1m^[22m[39m[31m[1m^[22m
[39m[31m[1m^[22m[39m[31m[1m^[22m[39m[31m[1m^
[22m[39m[31m[1m^[22m[39m[31m[1m^[22m[39m[31
m[1m^[22m[39m[31m[1m^[22m[39m[31m[1m^[22m[3
9m[31m[1m^[22m[39m[31m[1m^[22m[39m[31m[1m^[
22m[39m[31m[1m^[22m[39m[31m[1m^[22m[39m[31m
[1m^[22m[39m[31m[1m^[22m[39m[31m[1m^[22m[39m
[31m[1m^[22m[39m[31m[1m^[22m[39m[31m[1m^[22
m[39m[31m[1m^[22m[39m[31m[1m^[22m[39m[31m[1
m^[22m[39m[31m[1m^[22m[39m[31m[1m^[22m[39m[
31m[1m^[22m[39m[31m[1m^[22m[39m[31m[1m^[22m
[39m[31m[1m^[22m[39m[31m[1m^[22m[39m[31m[1m^
[22m[39m[31m[1m^[22m[39m[31m[1m^[22m[39m[31
m[1m^[22m[39m[31m[1m^[22m[39m[31m[1m^[22m[3
9m[31m[1m^[22m[39m[31m[1m^[22m[39m[31m[1m^[
22m[39m[31m[1m^[22m[39m[31m[1m^[22m[39m[31m
[1m^[22m[39m[31m[1m^[22m[39m[31m[1m^[22m[39m
[31m[1m^[22m[39m[31m[1m^[22m[39m[31m[1m^[22
m[39m[31m[1m^[22m[39m[31m[1m^[22m[39m[31m[1
m^[22m[39m[31m[1m^[22m[39m[31m[1m^[22m[39m[
31m[1m^[22m[39m[31m[1m^[22m[39m[31m[1m^[22m
[39m[31m[1m^[22m[39m[31m[1m^[22m[39m[31m[1m^
[22m[39m[31m[1m^[22m[39m[31m[1m^[22m[39m[31
m[1m^[22m[39m[31m[1m^[22m[39m[31m[1m^[22m[3
9m[31m[1m^[22m[39m[31m[1m^[22m[39m[31m[1m^[
22m[39m[31m[1m^[22m[39m[31m[1m^[22m[39m[31m
[1m^[22m[39m[31m[1m^[22m[39m[31m[1m^[22m[39m
[31m[1m^[22m[39m[31m[1m^[22m[39m[31m[1m^[22
m[39m[31m[1m^[22m[39m[31m[1m^[22m[39m[31m[1
m^[22m[39m[31m[1m^[22m[39m[31m[1m^[22m[39m[
31m[1m^[22m[39m[31m[1m^[22m[39m[31m[1m^[22m
[39m[31m[1m^[22m[39m
 [90m 5 |[39m
 [90m 6 |[39m [36mfunction[39m [33mStars[39m() {
 [90m 7 |[39m     [36mconst[39m starTexture 
[33m=[39m 
useLoader([33mTextureLoader[39m[33m,[39m [33mSCEN
E_MANAGER[39m[33m.[39m[33mSCENE_ASSETS[39m[33m.
[39mtextures[33m.[39msolarSystem[33m.[39mdisc)[33
m;[39m[0m



Import traces:
  Client Component Browser:
    ./components/experience/scenes/SolarSystem/Compone
nts/Stars.tsx [Client Component Browser]
    ./components/experience/scenes/SolarSystem/SolarSy
stem.tsx [Client Component Browser]
    ./components/experience/scenes/SolarSystem/SolarSy
stemScene.tsx [Client Component Browser]
    ./components/experience/ExperienceRoot.tsx 
[Client Component Browser]
    ./components/experience/ExperienceRoot.tsx 
[Server Component]
    ./app/experience/page.tsx [Server Component]

  Client Component SSR:
    ./components/experience/scenes/SolarSystem/Compone
nts/Stars.tsx [Client Component SSR]
    ./components/experience/scenes/SolarSystem/SolarSy
stem.tsx [Client Component SSR]
    ./components/experience/scenes/SolarSystem/SolarSy
stemScene.tsx [Client Component SSR]
    ./components/experience/ExperienceRoot.tsx 
[Client Component SSR]
    ./components/experience/ExperienceRoot.tsx 
[Server Component]
    ./app/experience/page.tsx [Server Component]

https://nextjs.org/docs/messages/module-not-found


./components/experience/scenes/SolarSystem/Components/
Sun.tsx:5:1
Module not found: Can't resolve 'three'
[0m [90m 3 |[39m [36mimport[39m { 
sunFragmentShaderCorona[33m,[39m 
sunFragmentShaderSurface[33m,[39m 
sunVertexShaderCorona[33m,[39m 
sunVertexShaderSurface } [36mfrom[39m 
[32m"../../../shaders/sunShaders"[39m[33m;[39m
 [90m 4 |[39m [36mimport[39m { 
[33mSCENE_MANAGER[39m[33m,[39m 
[33mSOLAR_SYSTEM[39m } [36mfrom[39m 
[32m"../../../config/config"[39m[33m;[39m
[31m[1m>[22m[39m[90m 5 |[39m [36mimport[39m { 
[33mAdditiveBlending[39m[33m,[39m 
[33mBackSide[39m[33m,[39m 
[33mGroup[39m[33m,[39m 
[33mIcosahedronGeometry[39m[33m,[39m 
[33mMesh[39m[33m,[39m 
[33mPointLight[39m[33m,[39m 
[33mShaderMaterial[39m[33m,[39m 
[33mSphereGeometry[39m[33m,[39m 
[33mTextureLoader[39m } [36mfrom[39m 
[32m"three"[39m[33m;[39m
 [90m   |[39m [31m[1m^[22m[39m[31m[1m^[22m[3
9m[31m[1m^[22m[39m[31m[1m^[22m[39m[31m[1m^[
22m[39m[31m[1m^[22m[39m[31m[1m^[22m[39m[31m
[1m^[22m[39m[31m[1m^[22m[39m[31m[1m^[22m[39m
[31m[1m^[22m[39m[31m[1m^[22m[39m[31m[1m^[22
m[39m[31m[1m^[22m[39m[31m[1m^[22m[39m[31m[1
m^[22m[39m[31m[1m^[22m[39m[31m[1m^[22m[39m[
31m[1m^[22m[39m[31m[1m^[22m[39m[31m[1m^[22m
[39m[31m[1m^[22m[39m[31m[1m^[22m[39m[31m[1m^
[22m[39m[31m[1m^[22m[39m[31m[1m^[22m[39m[31
m[1m^[22m[39m[31m[1m^[22m[39m[31m[1m^[22m[3
9m[31m[1m^[22m[39m[31m[1m^[22m[39m[31m[1m^[
22m[39m[31m[1m^[22m[39m[31m[1m^[22m[39m[31m
[1m^[22m[39m[31m[1m^[22m[39m[31m[1m^[22m[39m
[31m[1m^[22m[39m[31m[1m^[22m[39m[31m[1m^[22
m[39m[31m[1m^[22m[39m[31m[1m^[22m[39m[31m[1
m^[22m[39m[31m[1m^[22m[39m[31m[1m^[22m[39m[
31m[1m^[22m[39m[31m[1m^[22m[39m[31m[1m^[22m
[39m[31m[1m^[22m[39m[31m[1m^[22m[39m[31m[1m^
[22m[39m[31m[1m^[22m[39m[31m[1m^[22m[39m[31
m[1m^[22m[39m[31m[1m^[22m[39m[31m[1m^[22m[3
9m[31m[1m^[22m[39m[31m[1m^[22m[39m[31m[1m^[
22m[39m[31m[1m^[22m[39m[31m[1m^[22m[39m[31m
[1m^[22m[39m[31m[1m^[22m[39m[31m[1m^[22m[39m
[31m[1m^[22m[39m[31m[1m^[22m[39m[31m[1m^[22
m[39m[31m[1m^[22m[39m[31m[1m^[22m[39m[31m[1
m^[22m[39m[31m[1m^[22m[39m[31m[1m^[22m[39m[
31m[1m^[22m[39m[31m[1m^[22m[39m[31m[1m^[22m
[39m[31m[1m^[22m[39m[31m[1m^[22m[39m[31m[1m^
[22m[39m[31m[1m^[22m[39m[31m[1m^[22m[39m[31
m[1m^[22m[39m[31m[1m^[22m[39m[31m[1m^[22m[3
9m[31m[1m^[22m[39m[31m[1m^[22m[39m[31m[1m^[
22m[39m[31m[1m^[22m[39m[31m[1m^[22m[39m[31m
[1m^[22m[39m[31m[1m^[22m[39m[31m[1m^[22m[39m
[31m[1m^[22m[39m[31m[1m^[22m[39m[31m[1m^[22
m[39m[31m[1m^[22m[39m[31m[1m^[22m[39m[31m[1
m^[22m[39m[31m[1m^[22m[39m[31m[1m^[22m[39m[
31m[1m^[22m[39m[31m[1m^[22m[39m[31m[1m^[22m
[39m[31m[1m^[22m[39m[31m[1m^[22m[39m[31m[1m^
[22m[39m[31m[1m^[22m[39m[31m[1m^[22m[39m[31
m[1m^[22m[39m[31m[1m^[22m[39m[31m[1m^[22m[3
9m[31m[1m^[22m[39m[31m[1m^[22m[39m[31m[1m^[
22m[39m[31m[1m^[22m[39m[31m[1m^[22m[39m[31m
[1m^[22m[39m[31m[1m^[22m[39m[31m[1m^[22m[39m
[31m[1m^[22m[39m[31m[1m^[22m[39m[31m[1m^[22
m[39m[31m[1m^[22m[39m[31m[1m^[22m[39m[31m[1
m^[22m[39m[31m[1m^[22m[39m[31m[1m^[22m[39m[
31m[1m^[22m[39m[31m[1m^[22m[39m[31m[1m^[22m
[39m[31m[1m^[22m[39m[31m[1m^[22m[39m[31m[1m^
[22m[39m[31m[1m^[22m[39m[31m[1m^[22m[39m[31
m[1m^[22m[39m[31m[1m^[22m[39m[31m[1m^[22m[3
9m[31m[1m^[22m[39m[31m[1m^[22m[39m[31m[1m^[
22m[39m[31m[1m^[22m[39m[31m[1m^[22m[39m[31m
[1m^[22m[39m[31m[1m^[22m[39m
 [90m 6 |[39m
 [90m 7 |[39m [36mfunction[39m 
[33mSun[39m(props[33m:[39m [33mJSX[39m[33m.[39
m[33mIntrinsicElements[39m[[32m"group"[39m]) {
 [90m 8 |[39m     [36mconst[39m groupRef 
[33m=[39m useRef[33m<[39m[33mGroup[39m[33m>[39
m([36mnull[39m[33m![39m)[33m;[39m[0m



Import traces:
  Client Component Browser:
    ./components/experience/scenes/SolarSystem/Compone
nts/Sun.tsx [Client Component Browser]
    ./components/experience/scenes/SolarSystem/SolarSy
stem.tsx [Client Component Browser]
    ./components/experience/scenes/SolarSystem/SolarSy
stemScene.tsx [Client Component Browser]
    ./components/experience/ExperienceRoot.tsx 
[Client Component Browser]
    ./components/experience/ExperienceRoot.tsx 
[Server Component]
    ./app/experience/page.tsx [Server Component]

  Client Component SSR:
    ./components/experience/scenes/SolarSystem/Compone
nts/Sun.tsx [Client Component SSR]
    ./components/experience/scenes/SolarSystem/SolarSy
stem.tsx [Client Component SSR]
    ./components/experience/scenes/SolarSystem/SolarSy
stemScene.tsx [Client Component SSR]
    ./components/experience/ExperienceRoot.tsx 
[Client Component SSR]
    ./components/experience/ExperienceRoot.tsx 
[Server Component]
    ./app/experience/page.tsx [Server Component]

https://nextjs.org/docs/messages/module-not-found


./components/experience/scenes/SolarSystem/Earth.tsx:1
0:1
Module not found: Can't resolve 'three'
[0m [90m  8 |[39m [36mimport[39m { useNavigation 
} [36mfrom[39m 
[32m"../../hooks/useNavigation"[39m[33m;[39m
 [90m  9 |[39m [36mimport[39m { setupZoomCamera } 
[36mfrom[39m 
[32m"../../utils/setupZoomCamera"[39m[33m;[39m
[31m[1m>[22m[39m[90m 10 |[39m [36mimport[39m 
{ [33mGroup[39m[33m,[39m 
[33mMathUtils[39m[33m,[39m 
[33mPerspectiveCamera[39m[33m,[39m 
[33mQuaternion[39m[33m,[39m [33mVector3[39m } 
[36mfrom[39m [32m"three"[39m[33m;[39m
 [90m    |[39m [31m[1m^[22m[39m[31m[1m^[22m[
39m[31m[1m^[22m[39m[31m[1m^[22m[39m[31m[1m^
[22m[39m[31m[1m^[22m[39m[31m[1m^[22m[39m[31m
[1m^[22m[39m[31m[1m^[22m[39m[31m[1m^[22m[39
m[31m[1m^[22m[39m[31m[1m^[22m[39m[31m[1m^[2
2m[39m[31m[1m^[22m[39m[31m[1m^[22m[39m[31m[
1m^[22m[39m[31m[1m^[22m[39m[31m[1m^[22m[39m
[31m[1m^[22m[39m[31m[1m^[22m[39m[31m[1m^[22m
[39m[31m[1m^[22m[39m[31m[1m^[22m[39m[31m[1m
^[22m[39m[31m[1m^[22m[39m[31m[1m^[22m[39m[3
1m[1m^[22m[39m[31m[1m^[22m[39m[31m[1m^[22m[
39m[31m[1m^[22m[39m[31m[1m^[22m[39m[31m[1m^
[22m[39m[31m[1m^[22m[39m[31m[1m^[22m[39m[31m
[1m^[22m[39m[31m[1m^[22m[39m[31m[1m^[22m[39
m[31m[1m^[22m[39m[31m[1m^[22m[39m[31m[1m^[2
2m[39m[31m[1m^[22m[39m[31m[1m^[22m[39m[31m[
1m^[22m[39m[31m[1m^[22m[39m[31m[1m^[22m[39m
[31m[1m^[22m[39m[31m[1m^[22m[39m[31m[1m^[22m
[39m[31m[1m^[22m[39m[31m[1m^[22m[39m[31m[1m
^[22m[39m[31m[1m^[22m[39m[31m[1m^[22m[39m[3
1m[1m^[22m[39m[31m[1m^[22m[39m[31m[1m^[22m[
39m[31m[1m^[22m[39m[31m[1m^[22m[39m[31m[1m^
[22m[39m[31m[1m^[22m[39m[31m[1m^[22m[39m[31m
[1m^[22m[39m[31m[1m^[22m[39m[31m[1m^[22m[39
m[31m[1m^[22m[39m[31m[1m^[22m[39m[31m[1m^[2
2m[39m[31m[1m^[22m[39m[31m[1m^[22m[39m[31m[
1m^[22m[39m[31m[1m^[22m[39m[31m[1m^[22m[39m
[31m[1m^[22m[39m[31m[1m^[22m[39m[31m[1m^[22m
[39m[31m[1m^[22m[39m[31m[1m^[22m[39m[31m[1m
^[22m[39m[31m[1m^[22m[39m[31m[1m^[22m[39m[3
1m[1m^[22m[39m
 [90m 11 |[39m
 [90m 12 |[39m
 [90m 13 |[39m [36mexport[39m [36mconst[39m 
[33mEarth[39m [33m=[39m forwardRef[33m<[39m[33m
Group[39m[33m>[39m((props[33m,[39m 
ref[33m:[39m [33mReact[39m[33m.[39m[33mForwarde
dRef[39m[33m<[39m[33mGroup[39m[33m>[39m) 
[33m=>[39m {[0m



Import traces:
  Client Component Browser:
    
./components/experience/scenes/SolarSystem/Earth.tsx 
[Client Component Browser]
    ./components/experience/scenes/SolarSystem/SolarSy
stem.tsx [Client Component Browser]
    ./components/experience/scenes/SolarSystem/SolarSy
stemScene.tsx [Client Component Browser]
    ./components/experience/ExperienceRoot.tsx 
[Client Component Browser]
    ./components/experience/ExperienceRoot.tsx 
[Server Component]
    ./app/experience/page.tsx [Server Component]

  Client Component SSR:
    
./components/experience/scenes/SolarSystem/Earth.tsx 
[Client Component SSR]
    ./components/experience/scenes/SolarSystem/SolarSy
stem.tsx [Client Component SSR]
    ./components/experience/scenes/SolarSystem/SolarSy
stemScene.tsx [Client Component SSR]
    ./components/experience/ExperienceRoot.tsx 
[Client Component SSR]
    ./components/experience/ExperienceRoot.tsx 
[Server Component]
    ./app/experience/page.tsx [Server Component]

https://nextjs.org/docs/messages/module-not-found


./components/sentient-sphere.tsx:5:1
Module not found: Can't resolve 'three'
[0m [90m 3 |[39m [36mimport[39m { 
useRef[33m,[39m useMemo[33m,[39m 
useEffect[33m,[39m useState } [36mfrom[39m 
[32m"react"[39m
 [90m 4 |[39m [36mimport[39m { 
[33mCanvas[39m[33m,[39m useFrame[33m,[39m 
useThree } [36mfrom[39m 
[32m"@react-three/fiber"[39m
[31m[1m>[22m[39m[90m 5 |[39m [36mimport[39m { 
[33mMathUtils[39m } [36mfrom[39m [32m"three"[39m
 [90m   |[39m [31m[1m^[22m[39m[31m[1m^[22m[3
9m[31m[1m^[22m[39m[31m[1m^[22m[39m[31m[1m^[
22m[39m[31m[1m^[22m[39m[31m[1m^[22m[39m[31m
[1m^[22m[39m[31m[1m^[22m[39m[31m[1m^[22m[39m
[31m[1m^[22m[39m[31m[1m^[22m[39m[31m[1m^[22
m[39m[31m[1m^[22m[39m[31m[1m^[22m[39m[31m[1
m^[22m[39m[31m[1m^[22m[39m[31m[1m^[22m[39m[
31m[1m^[22m[39m[31m[1m^[22m[39m[31m[1m^[22m
[39m[31m[1m^[22m[39m[31m[1m^[22m[39m[31m[1m^
[22m[39m[31m[1m^[22m[39m[31m[1m^[22m[39m[31
m[1m^[22m[39m[31m[1m^[22m[39m[31m[1m^[22m[3
9m[31m[1m^[22m[39m[31m[1m^[22m[39m[31m[1m^[
22m[39m[31m[1m^[22m[39m
 [90m 6 |[39m [36mimport[39m type { 
[33mMesh[39m[33m,[39m [33mShaderMaterial[39m } 
[36mfrom[39m [32m"three"[39m
 [90m 7 |[39m
 [90m 8 |[39m [36mfunction[39m [33mSphere[39m() 
{[0m



Import traces:
  Client Component Browser:
    ./components/sentient-sphere.tsx [Client 
Component Browser]
    ./components/hero.tsx [Client Component Browser]
    ./components/hero.tsx [Server Component]
    ./app/page.tsx [Server Component]

  Client Component SSR:
    ./components/sentient-sphere.tsx [Client 
Component SSR]
    ./components/hero.tsx [Client Component SSR]
    ./components/hero.tsx [Server Component]
    ./app/page.tsx [Server Component]

https://nextjs.org/docs/messages/module-not-found


./components/experience/hooks/usePostProcessing.ts:4:1
Module not found: Can't resolve 
'three/addons/postprocessing/EffectComposer.js'
[0m [90m 2 |[39m [36mimport[39m { 
useEffect[33m,[39m useMemo } [36mfrom[39m 
[32m'react'[39m[33m;[39m
 [90m 3 |[39m
[31m[1m>[22m[39m[90m 4 |[39m [36mimport[39m { 
[33mEffectComposer[39m } [36mfrom[39m [32m'three/
addons/postprocessing/EffectComposer.js'[39m[33m;[3
9m
 [90m   |[39m [31m[1m^[22m[39m[31m[1m^[22m[3
9m[31m[1m^[22m[39m[31m[1m^[22m[39m[31m[1m^[
22m[39m[31m[1m^[22m[39m[31m[1m^[22m[39m[31m
[1m^[22m[39m[31m[1m^[22m[39m[31m[1m^[22m[39m
[31m[1m^[22m[39m[31m[1m^[22m[39m[31m[1m^[22
m[39m[31m[1m^[22m[39m[31m[1m^[22m[39m[31m[1
m^[22m[39m[31m[1m^[22m[39m[31m[1m^[22m[39m[
31m[1m^[22m[39m[31m[1m^[22m[39m[31m[1m^[22m
[39m[31m[1m^[22m[39m[31m[1m^[22m[39m[31m[1m^
[22m[39m[31m[1m^[22m[39m[31m[1m^[22m[39m[31
m[1m^[22m[39m[31m[1m^[22m[39m[31m[1m^[22m[3
9m[31m[1m^[22m[39m[31m[1m^[22m[39m[31m[1m^[
22m[39m[31m[1m^[22m[39m[31m[1m^[22m[39m[31m
[1m^[22m[39m[31m[1m^[22m[39m[31m[1m^[22m[39m
[31m[1m^[22m[39m[31m[1m^[22m[39m[31m[1m^[22
m[39m[31m[1m^[22m[39m[31m[1m^[22m[39m[31m[1
m^[22m[39m[31m[1m^[22m[39m[31m[1m^[22m[39m[
31m[1m^[22m[39m[31m[1m^[22m[39m[31m[1m^[22m
[39m[31m[1m^[22m[39m[31m[1m^[22m[39m[31m[1m^
[22m[39m[31m[1m^[22m[39m[31m[1m^[22m[39m[31
m[1m^[22m[39m[31m[1m^[22m[39m[31m[1m^[22m[3
9m[31m[1m^[22m[39m[31m[1m^[22m[39m[31m[1m^[
22m[39m[31m[1m^[22m[39m[31m[1m^[22m[39m[31m
[1m^[22m[39m[31m[1m^[22m[39m[31m[1m^[22m[39m
[31m[1m^[22m[39m[31m[1m^[22m[39m[31m[1m^[22
m[39m[31m[1m^[22m[39m[31m[1m^[22m[39m[31m[1
m^[22m[39m[31m[1m^[22m[39m[31m[1m^[22m[39m[
31m[1m^[22m[39m[31m[1m^[22m[39m[31m[1m^[22m
[39m[31m[1m^[22m[39m[31m[1m^[22m[39m[31m[1m^
[22m[39m[31m[1m^[22m[39m
 [90m 5 |[39m [36mimport[39m { 
[33mRenderPass[39m } [36mfrom[39m [32m'three/addo
ns/postprocessing/RenderPass.js'[39m[33m;[39m
 [90m 6 |[39m [36mimport[39m { 
[33mUnrealBloomPass[39m } [36mfrom[39m [32m'three
/addons/postprocessing/UnrealBloomPass.js'[39m[33m;
[39m
 [90m 7 |[39m [36mimport[39m { 
[33mOutputPass[39m } [36mfrom[39m [32m'three/addo
ns/postprocessing/OutputPass.js'[39m[33m;[39m[0m



Import traces:
  Client Component Browser:
    
./components/experience/hooks/usePostProcessing.ts 
[Client Component Browser]
    
./components/experience/scenes/District/District.tsx 
[Client Component Browser]
    ./components/experience/scenes/District/DistrictSc
ene.tsx [Client Component Browser]
    ./components/experience/ExperienceRoot.tsx 
[Client Component Browser]
    ./components/experience/ExperienceRoot.tsx 
[Server Component]
    ./app/experience/page.tsx [Server Component]

  Client Component SSR:
    
./components/experience/hooks/usePostProcessing.ts 
[Client Component SSR]
    
./components/experience/scenes/District/District.tsx 
[Client Component SSR]
    ./components/experience/scenes/District/DistrictSc
ene.tsx [Client Component SSR]
    ./components/experience/ExperienceRoot.tsx 
[Client Component SSR]
    ./components/experience/ExperienceRoot.tsx 
[Server Component]
    ./app/experience/page.tsx [Server Component]

https://nextjs.org/docs/messages/module-not-found


./components/experience/hooks/usePostProcessing.ts:7:1
Module not found: Can't resolve 
'three/addons/postprocessing/OutputPass.js'
[0m [90m  5 |[39m [36mimport[39m { 
[33mRenderPass[39m } [36mfrom[39m [32m'three/addo
ns/postprocessing/RenderPass.js'[39m[33m;[39m
 [90m  6 |[39m [36mimport[39m { 
[33mUnrealBloomPass[39m } [36mfrom[39m [32m'three
/addons/postprocessing/UnrealBloomPass.js'[39m[33m;
[39m
[31m[1m>[22m[39m[90m  7 |[39m [36mimport[39m 
{ [33mOutputPass[39m } [36mfrom[39m [32m'three/ad
dons/postprocessing/OutputPass.js'[39m[33m;[39m
 [90m    |[39m [31m[1m^[22m[39m[31m[1m^[22m[
39m[31m[1m^[22m[39m[31m[1m^[22m[39m[31m[1m^
[22m[39m[31m[1m^[22m[39m[31m[1m^[22m[39m[31m
[1m^[22m[39m[31m[1m^[22m[39m[31m[1m^[22m[39
m[31m[1m^[22m[39m[31m[1m^[22m[39m[31m[1m^[2
2m[39m[31m[1m^[22m[39m[31m[1m^[22m[39m[31m[
1m^[22m[39m[31m[1m^[22m[39m[31m[1m^[22m[39m
[31m[1m^[22m[39m[31m[1m^[22m[39m[31m[1m^[22m
[39m[31m[1m^[22m[39m[31m[1m^[22m[39m[31m[1m
^[22m[39m[31m[1m^[22m[39m[31m[1m^[22m[39m[3
1m[1m^[22m[39m[31m[1m^[22m[39m[31m[1m^[22m[
39m[31m[1m^[22m[39m[31m[1m^[22m[39m[31m[1m^
[22m[39m[31m[1m^[22m[39m[31m[1m^[22m[39m[31m
[1m^[22m[39m[31m[1m^[22m[39m[31m[1m^[22m[39
m[31m[1m^[22m[39m[31m[1m^[22m[39m[31m[1m^[2
2m[39m[31m[1m^[22m[39m[31m[1m^[22m[39m[31m[
1m^[22m[39m[31m[1m^[22m[39m[31m[1m^[22m[39m
[31m[1m^[22m[39m[31m[1m^[22m[39m[31m[1m^[22m
[39m[31m[1m^[22m[39m[31m[1m^[22m[39m[31m[1m
^[22m[39m[31m[1m^[22m[39m[31m[1m^[22m[39m[3
1m[1m^[22m[39m[31m[1m^[22m[39m[31m[1m^[22m[
39m[31m[1m^[22m[39m[31m[1m^[22m[39m[31m[1m^
[22m[39m[31m[1m^[22m[39m[31m[1m^[22m[39m[31m
[1m^[22m[39m[31m[1m^[22m[39m[31m[1m^[22m[39
m[31m[1m^[22m[39m[31m[1m^[22m[39m[31m[1m^[2
2m[39m[31m[1m^[22m[39m[31m[1m^[22m[39m[31m[
1m^[22m[39m[31m[1m^[22m[39m
 [90m  8 |[39m [36mimport[39m { 
[33mShaderPass[39m } [36mfrom[39m [32m'three/addo
ns/postprocessing/ShaderPass.js'[39m[33m;[39m
 [90m  9 |[39m [36mimport[39m { 
[33mSavePass[39m } [36mfrom[39m [32m'three/addons
/postprocessing/SavePass.js'[39m[33m;[39m
 [90m 10 |[39m [36mimport[39m { 
[33mBlendShader[39m } [36mfrom[39m [32m'three/add
ons/shaders/BlendShader.js'[39m[33m;[39m[0m



Import traces:
  Client Component Browser:
    
./components/experience/hooks/usePostProcessing.ts 
[Client Component Browser]
    
./components/experience/scenes/District/District.tsx 
[Client Component Browser]
    ./components/experience/scenes/District/DistrictSc
ene.tsx [Client Component Browser]
    ./components/experience/ExperienceRoot.tsx 
[Client Component Browser]
    ./components/experience/ExperienceRoot.tsx 
[Server Component]
    ./app/experience/page.tsx [Server Component]

  Client Component SSR:
    
./components/experience/hooks/usePostProcessing.ts 
[Client Component SSR]
    
./components/experience/scenes/District/District.tsx 
[Client Component SSR]
    ./components/experience/scenes/District/DistrictSc
ene.tsx [Client Component SSR]
    ./components/experience/ExperienceRoot.tsx 
[Client Component SSR]
    ./components/experience/ExperienceRoot.tsx 
[Server Component]
    ./app/experience/page.tsx [Server Component]

https://nextjs.org/docs/messages/module-not-found


./components/experience/hooks/usePostProcessing.ts:5:1
Module not found: Can't resolve 
'three/addons/postprocessing/RenderPass.js'
[0m [90m 3 |[39m
 [90m 4 |[39m [36mimport[39m { 
[33mEffectComposer[39m } [36mfrom[39m [32m'three/
addons/postprocessing/EffectComposer.js'[39m[33m;[3
9m
[31m[1m>[22m[39m[90m 5 |[39m [36mimport[39m { 
[33mRenderPass[39m } [36mfrom[39m [32m'three/addo
ns/postprocessing/RenderPass.js'[39m[33m;[39m
 [90m   |[39m [31m[1m^[22m[39m[31m[1m^[22m[3
9m[31m[1m^[22m[39m[31m[1m^[22m[39m[31m[1m^[
22m[39m[31m[1m^[22m[39m[31m[1m^[22m[39m[31m
[1m^[22m[39m[31m[1m^[22m[39m[31m[1m^[22m[39m
[31m[1m^[22m[39m[31m[1m^[22m[39m[31m[1m^[22
m[39m[31m[1m^[22m[39m[31m[1m^[22m[39m[31m[1
m^[22m[39m[31m[1m^[22m[39m[31m[1m^[22m[39m[
31m[1m^[22m[39m[31m[1m^[22m[39m[31m[1m^[22m
[39m[31m[1m^[22m[39m[31m[1m^[22m[39m[31m[1m^
[22m[39m[31m[1m^[22m[39m[31m[1m^[22m[39m[31
m[1m^[22m[39m[31m[1m^[22m[39m[31m[1m^[22m[3
9m[31m[1m^[22m[39m[31m[1m^[22m[39m[31m[1m^[
22m[39m[31m[1m^[22m[39m[31m[1m^[22m[39m[31m
[1m^[22m[39m[31m[1m^[22m[39m[31m[1m^[22m[39m
[31m[1m^[22m[39m[31m[1m^[22m[39m[31m[1m^[22
m[39m[31m[1m^[22m[39m[31m[1m^[22m[39m[31m[1
m^[22m[39m[31m[1m^[22m[39m[31m[1m^[22m[39m[
31m[1m^[22m[39m[31m[1m^[22m[39m[31m[1m^[22m
[39m[31m[1m^[22m[39m[31m[1m^[22m[39m[31m[1m^
[22m[39m[31m[1m^[22m[39m[31m[1m^[22m[39m[31
m[1m^[22m[39m[31m[1m^[22m[39m[31m[1m^[22m[3
9m[31m[1m^[22m[39m[31m[1m^[22m[39m[31m[1m^[
22m[39m[31m[1m^[22m[39m[31m[1m^[22m[39m[31m
[1m^[22m[39m[31m[1m^[22m[39m[31m[1m^[22m[39m
[31m[1m^[22m[39m[31m[1m^[22m[39m[31m[1m^[22
m[39m[31m[1m^[22m[39m[31m[1m^[22m[39m[31m[1
m^[22m[39m[31m[1m^[22m[39m
 [90m 6 |[39m [36mimport[39m { 
[33mUnrealBloomPass[39m } [36mfrom[39m [32m'three
/addons/postprocessing/UnrealBloomPass.js'[39m[33m;
[39m
 [90m 7 |[39m [36mimport[39m { 
[33mOutputPass[39m } [36mfrom[39m [32m'three/addo
ns/postprocessing/OutputPass.js'[39m[33m;[39m
 [90m 8 |[39m [36mimport[39m { 
[33mShaderPass[39m } [36mfrom[39m [32m'three/addo
ns/postprocessing/ShaderPass.js'[39m[33m;[39m[0m



Import traces:
  Client Component Browser:
    
./components/experience/hooks/usePostProcessing.ts 
[Client Component Browser]
    
./components/experience/scenes/District/District.tsx 
[Client Component Browser]
    ./components/experience/scenes/District/DistrictSc
ene.tsx [Client Component Browser]
    ./components/experience/ExperienceRoot.tsx 
[Client Component Browser]
    ./components/experience/ExperienceRoot.tsx 
[Server Component]
    ./app/experience/page.tsx [Server Component]

  Client Component SSR:
    
./components/experience/hooks/usePostProcessing.ts 
[Client Component SSR]
    
./components/experience/scenes/District/District.tsx 
[Client Component SSR]
    ./components/experience/scenes/District/DistrictSc
ene.tsx [Client Component SSR]
    ./components/experience/ExperienceRoot.tsx 
[Client Component SSR]
    ./components/experience/ExperienceRoot.tsx 
[Server Component]
    ./app/experience/page.tsx [Server Component]

https://nextjs.org/docs/messages/module-not-found


./components/experience/hooks/usePostProcessing.ts:9:1
Module not found: Can't resolve 
'three/addons/postprocessing/SavePass.js'
[0m [90m  7 |[39m [36mimport[39m { 
[33mOutputPass[39m } [36mfrom[39m [32m'three/addo
ns/postprocessing/OutputPass.js'[39m[33m;[39m
 [90m  8 |[39m [36mimport[39m { 
[33mShaderPass[39m } [36mfrom[39m [32m'three/addo
ns/postprocessing/ShaderPass.js'[39m[33m;[39m
[31m[1m>[22m[39m[90m  9 |[39m [36mimport[39m 
{ [33mSavePass[39m } [36mfrom[39m [32m'three/addo
ns/postprocessing/SavePass.js'[39m[33m;[39m
 [90m    |[39m [31m[1m^[22m[39m[31m[1m^[22m[
39m[31m[1m^[22m[39m[31m[1m^[22m[39m[31m[1m^
[22m[39m[31m[1m^[22m[39m[31m[1m^[22m[39m[31m
[1m^[22m[39m[31m[1m^[22m[39m[31m[1m^[22m[39
m[31m[1m^[22m[39m[31m[1m^[22m[39m[31m[1m^[2
2m[39m[31m[1m^[22m[39m[31m[1m^[22m[39m[31m[
1m^[22m[39m[31m[1m^[22m[39m[31m[1m^[22m[39m
[31m[1m^[22m[39m[31m[1m^[22m[39m[31m[1m^[22m
[39m[31m[1m^[22m[39m[31m[1m^[22m[39m[31m[1m
^[22m[39m[31m[1m^[22m[39m[31m[1m^[22m[39m[3
1m[1m^[22m[39m[31m[1m^[22m[39m[31m[1m^[22m[
39m[31m[1m^[22m[39m[31m[1m^[22m[39m[31m[1m^
[22m[39m[31m[1m^[22m[39m[31m[1m^[22m[39m[31m
[1m^[22m[39m[31m[1m^[22m[39m[31m[1m^[22m[39
m[31m[1m^[22m[39m[31m[1m^[22m[39m[31m[1m^[2
2m[39m[31m[1m^[22m[39m[31m[1m^[22m[39m[31m[
1m^[22m[39m[31m[1m^[22m[39m[31m[1m^[22m[39m
[31m[1m^[22m[39m[31m[1m^[22m[39m[31m[1m^[22m
[39m[31m[1m^[22m[39m[31m[1m^[22m[39m[31m[1m
^[22m[39m[31m[1m^[22m[39m[31m[1m^[22m[39m[3
1m[1m^[22m[39m[31m[1m^[22m[39m[31m[1m^[22m[
39m[31m[1m^[22m[39m[31m[1m^[22m[39m[31m[1m^
[22m[39m[31m[1m^[22m[39m[31m[1m^[22m[39m[31m
[1m^[22m[39m[31m[1m^[22m[39m[31m[1m^[22m[39
m[31m[1m^[22m[39m[31m[1m^[22m[39m[31m[1m^[2
2m[39m
 [90m 10 |[39m [36mimport[39m { 
[33mBlendShader[39m } [36mfrom[39m [32m'three/add
ons/shaders/BlendShader.js'[39m[33m;[39m
 [90m 11 |[39m [36mimport[39m { 
[33mCopyShader[39m } [36mfrom[39m [32m'three/addo
ns/shaders/CopyShader.js'[39m[33m;[39m
 [90m 12 |[39m [36mimport[39m { 
[33mLinearFilter[39m[33m,[39m 
[33mVector2[39m[33m,[39m 
[33mWebGLRenderTarget[39m } [36mfrom[39m 
[32m'three'[39m[33m;[39m[0m



Import traces:
  Client Component Browser:
    
./components/experience/hooks/usePostProcessing.ts 
[Client Component Browser]
    
./components/experience/scenes/District/District.tsx 
[Client Component Browser]
    ./components/experience/scenes/District/DistrictSc
ene.tsx [Client Component Browser]
    ./components/experience/ExperienceRoot.tsx 
[Client Component Browser]
    ./components/experience/ExperienceRoot.tsx 
[Server Component]
    ./app/experience/page.tsx [Server Component]

  Client Component SSR:
    
./components/experience/hooks/usePostProcessing.ts 
[Client Component SSR]
    
./components/experience/scenes/District/District.tsx 
[Client Component SSR]
    ./components/experience/scenes/District/DistrictSc
ene.tsx [Client Component SSR]
    ./components/experience/ExperienceRoot.tsx 
[Client Component SSR]
    ./components/experience/ExperienceRoot.tsx 
[Server Component]
    ./app/experience/page.tsx [Server Component]

https://nextjs.org/docs/messages/module-not-found


./components/experience/hooks/usePostProcessing.ts:8:1
Module not found: Can't resolve 
'three/addons/postprocessing/ShaderPass.js'
[0m [90m  6 |[39m [36mimport[39m { 
[33mUnrealBloomPass[39m } [36mfrom[39m [32m'three
/addons/postprocessing/UnrealBloomPass.js'[39m[33m;
[39m
 [90m  7 |[39m [36mimport[39m { 
[33mOutputPass[39m } [36mfrom[39m [32m'three/addo
ns/postprocessing/OutputPass.js'[39m[33m;[39m
[31m[1m>[22m[39m[90m  8 |[39m [36mimport[39m 
{ [33mShaderPass[39m } [36mfrom[39m [32m'three/ad
dons/postprocessing/ShaderPass.js'[39m[33m;[39m
 [90m    |[39m [31m[1m^[22m[39m[31m[1m^[22m[
39m[31m[1m^[22m[39m[31m[1m^[22m[39m[31m[1m^
[22m[39m[31m[1m^[22m[39m[31m[1m^[22m[39m[31m
[1m^[22m[39m[31m[1m^[22m[39m[31m[1m^[22m[39
m[31m[1m^[22m[39m[31m[1m^[22m[39m[31m[1m^[2
2m[39m[31m[1m^[22m[39m[31m[1m^[22m[39m[31m[
1m^[22m[39m[31m[1m^[22m[39m[31m[1m^[22m[39m
[31m[1m^[22m[39m[31m[1m^[22m[39m[31m[1m^[22m
[39m[31m[1m^[22m[39m[31m[1m^[22m[39m[31m[1m
^[22m[39m[31m[1m^[22m[39m[31m[1m^[22m[39m[3
1m[1m^[22m[39m[31m[1m^[22m[39m[31m[1m^[22m[
39m[31m[1m^[22m[39m[31m[1m^[22m[39m[31m[1m^
[22m[39m[31m[1m^[22m[39m[31m[1m^[22m[39m[31m
[1m^[22m[39m[31m[1m^[22m[39m[31m[1m^[22m[39
m[31m[1m^[22m[39m[31m[1m^[22m[39m[31m[1m^[2
2m[39m[31m[1m^[22m[39m[31m[1m^[22m[39m[31m[
1m^[22m[39m[31m[1m^[22m[39m[31m[1m^[22m[39m
[31m[1m^[22m[39m[31m[1m^[22m[39m[31m[1m^[22m
[39m[31m[1m^[22m[39m[31m[1m^[22m[39m[31m[1m
^[22m[39m[31m[1m^[22m[39m[31m[1m^[22m[39m[3
1m[1m^[22m[39m[31m[1m^[22m[39m[31m[1m^[22m[
39m[31m[1m^[22m[39m[31m[1m^[22m[39m[31m[1m^
[22m[39m[31m[1m^[22m[39m[31m[1m^[22m[39m[31m
[1m^[22m[39m[31m[1m^[22m[39m[31m[1m^[22m[39
m[31m[1m^[22m[39m[31m[1m^[22m[39m[31m[1m^[2
2m[39m[31m[1m^[22m[39m[31m[1m^[22m[39m[31m[
1m^[22m[39m[31m[1m^[22m[39m
 [90m  9 |[39m [36mimport[39m { 
[33mSavePass[39m } [36mfrom[39m [32m'three/addons
/postprocessing/SavePass.js'[39m[33m;[39m
 [90m 10 |[39m [36mimport[39m { 
[33mBlendShader[39m } [36mfrom[39m [32m'three/add
ons/shaders/BlendShader.js'[39m[33m;[39m
 [90m 11 |[39m [36mimport[39m { 
[33mCopyShader[39m } [36mfrom[39m [32m'three/addo
ns/shaders/CopyShader.js'[39m[33m;[39m[0m



Import traces:
  Client Component Browser:
    
./components/experience/hooks/usePostProcessing.ts 
[Client Component Browser]
    
./components/experience/scenes/District/District.tsx 
[Client Component Browser]
    ./components/experience/scenes/District/DistrictSc
ene.tsx [Client Component Browser]
    ./components/experience/ExperienceRoot.tsx 
[Client Component Browser]
    ./components/experience/ExperienceRoot.tsx 
[Server Component]
    ./app/experience/page.tsx [Server Component]

  Client Component SSR:
    
./components/experience/hooks/usePostProcessing.ts 
[Client Component SSR]
    
./components/experience/scenes/District/District.tsx 
[Client Component SSR]
    ./components/experience/scenes/District/DistrictSc
ene.tsx [Client Component SSR]
    ./components/experience/ExperienceRoot.tsx 
[Client Component SSR]
    ./components/experience/ExperienceRoot.tsx 
[Server Component]
    ./app/experience/page.tsx [Server Component]

https://nextjs.org/docs/messages/module-not-found


./components/experience/hooks/usePostProcessing.ts:6:1
Module not found: Can't resolve 
'three/addons/postprocessing/UnrealBloomPass.js'
[0m [90m 4 |[39m [36mimport[39m { 
[33mEffectComposer[39m } [36mfrom[39m [32m'three/
addons/postprocessing/EffectComposer.js'[39m[33m;[3
9m
 [90m 5 |[39m [36mimport[39m { 
[33mRenderPass[39m } [36mfrom[39m [32m'three/addo
ns/postprocessing/RenderPass.js'[39m[33m;[39m
[31m[1m>[22m[39m[90m 6 |[39m [36mimport[39m { 
[33mUnrealBloomPass[39m } [36mfrom[39m [32m'three
/addons/postprocessing/UnrealBloomPass.js'[39m[33m;
[39m
 [90m   |[39m [31m[1m^[22m[39m[31m[1m^[22m[3
9m[31m[1m^[22m[39m[31m[1m^[22m[39m[31m[1m^[
22m[39m[31m[1m^[22m[39m[31m[1m^[22m[39m[31m
[1m^[22m[39m[31m[1m^[22m[39m[31m[1m^[22m[39m
[31m[1m^[22m[39m[31m[1m^[22m[39m[31m[1m^[22
m[39m[31m[1m^[22m[39m[31m[1m^[22m[39m[31m[1
m^[22m[39m[31m[1m^[22m[39m[31m[1m^[22m[39m[
31m[1m^[22m[39m[31m[1m^[22m[39m[31m[1m^[22m
[39m[31m[1m^[22m[39m[31m[1m^[22m[39m[31m[1m^
[22m[39m[31m[1m^[22m[39m[31m[1m^[22m[39m[31
m[1m^[22m[39m[31m[1m^[22m[39m[31m[1m^[22m[3
9m[31m[1m^[22m[39m[31m[1m^[22m[39m[31m[1m^[
22m[39m[31m[1m^[22m[39m[31m[1m^[22m[39m[31m
[1m^[22m[39m[31m[1m^[22m[39m[31m[1m^[22m[39m
[31m[1m^[22m[39m[31m[1m^[22m[39m[31m[1m^[22
m[39m[31m[1m^[22m[39m[31m[1m^[22m[39m[31m[1
m^[22m[39m[31m[1m^[22m[39m[31m[1m^[22m[39m[
31m[1m^[22m[39m[31m[1m^[22m[39m[31m[1m^[22m
[39m[31m[1m^[22m[39m[31m[1m^[22m[39m[31m[1m^
[22m[39m[31m[1m^[22m[39m[31m[1m^[22m[39m[31
m[1m^[22m[39m[31m[1m^[22m[39m[31m[1m^[22m[3
9m[31m[1m^[22m[39m[31m[1m^[22m[39m[31m[1m^[
22m[39m[31m[1m^[22m[39m[31m[1m^[22m[39m[31m
[1m^[22m[39m[31m[1m^[22m[39m[31m[1m^[22m[39m
[31m[1m^[22m[39m[31m[1m^[22m[39m[31m[1m^[22
m[39m[31m[1m^[22m[39m[31m[1m^[22m[39m[31m[1
m^[22m[39m[31m[1m^[22m[39m[31m[1m^[22m[39m[
31m[1m^[22m[39m[31m[1m^[22m[39m[31m[1m^[22m
[39m[31m[1m^[22m[39m[31m[1m^[22m[39m[31m[1m^
[22m[39m[31m[1m^[22m[39m[31m[1m^[22m[39m[31
m[1m^[22m[39m
 [90m 7 |[39m [36mimport[39m { 
[33mOutputPass[39m } [36mfrom[39m [32m'three/addo
ns/postprocessing/OutputPass.js'[39m[33m;[39m
 [90m 8 |[39m [36mimport[39m { 
[33mShaderPass[39m } [36mfrom[39m [32m'three/addo
ns/postprocessing/ShaderPass.js'[39m[33m;[39m
 [90m 9 |[39m [36mimport[39m { [33mSavePass[39m 
} [36mfrom[39m [32m'three/addons/postprocessing/Sav
ePass.js'[39m[33m;[39m[0m



Import traces:
  Client Component Browser:
    
./components/experience/hooks/usePostProcessing.ts 
[Client Component Browser]
    
./components/experience/scenes/District/District.tsx 
[Client Component Browser]
    ./components/experience/scenes/District/DistrictSc
ene.tsx [Client Component Browser]
    ./components/experience/ExperienceRoot.tsx 
[Client Component Browser]
    ./components/experience/ExperienceRoot.tsx 
[Server Component]
    ./app/experience/page.tsx [Server Component]

  Client Component SSR:
    
./components/experience/hooks/usePostProcessing.ts 
[Client Component SSR]
    
./components/experience/scenes/District/District.tsx 
[Client Component SSR]
    ./components/experience/scenes/District/DistrictSc
ene.tsx [Client Component SSR]
    ./components/experience/ExperienceRoot.tsx 
[Client Component SSR]
    ./components/experience/ExperienceRoot.tsx 
[Server Component]
    ./app/experience/page.tsx [Server Component]

https://nextjs.org/docs/messages/module-not-found


./components/experience/hooks/usePostProcessing.ts:10:
1
Module not found: Can't resolve 
'three/addons/shaders/BlendShader.js'
[0m [90m  8 |[39m [36mimport[39m { 
[33mShaderPass[39m } [36mfrom[39m [32m'three/addo
ns/postprocessing/ShaderPass.js'[39m[33m;[39m
 [90m  9 |[39m [36mimport[39m { 
[33mSavePass[39m } [36mfrom[39m [32m'three/addons
/postprocessing/SavePass.js'[39m[33m;[39m
[31m[1m>[22m[39m[90m 10 |[39m [36mimport[39m 
{ [33mBlendShader[39m } [36mfrom[39m [32m'three/a
ddons/shaders/BlendShader.js'[39m[33m;[39m
 [90m    |[39m [31m[1m^[22m[39m[31m[1m^[22m[
39m[31m[1m^[22m[39m[31m[1m^[22m[39m[31m[1m^
[22m[39m[31m[1m^[22m[39m[31m[1m^[22m[39m[31m
[1m^[22m[39m[31m[1m^[22m[39m[31m[1m^[22m[39
m[31m[1m^[22m[39m[31m[1m^[22m[39m[31m[1m^[2
2m[39m[31m[1m^[22m[39m[31m[1m^[22m[39m[31m[
1m^[22m[39m[31m[1m^[22m[39m[31m[1m^[22m[39m
[31m[1m^[22m[39m[31m[1m^[22m[39m[31m[1m^[22m
[39m[31m[1m^[22m[39m[31m[1m^[22m[39m[31m[1m
^[22m[39m[31m[1m^[22m[39m[31m[1m^[22m[39m[3
1m[1m^[22m[39m[31m[1m^[22m[39m[31m[1m^[22m[
39m[31m[1m^[22m[39m[31m[1m^[22m[39m[31m[1m^
[22m[39m[31m[1m^[22m[39m[31m[1m^[22m[39m[31m
[1m^[22m[39m[31m[1m^[22m[39m[31m[1m^[22m[39
m[31m[1m^[22m[39m[31m[1m^[22m[39m[31m[1m^[2
2m[39m[31m[1m^[22m[39m[31m[1m^[22m[39m[31m[
1m^[22m[39m[31m[1m^[22m[39m[31m[1m^[22m[39m
[31m[1m^[22m[39m[31m[1m^[22m[39m[31m[1m^[22m
[39m[31m[1m^[22m[39m[31m[1m^[22m[39m[31m[1m
^[22m[39m[31m[1m^[22m[39m[31m[1m^[22m[39m[3
1m[1m^[22m[39m[31m[1m^[22m[39m[31m[1m^[22m[
39m[31m[1m^[22m[39m[31m[1m^[22m[39m[31m[1m^
[22m[39m[31m[1m^[22m[39m[31m[1m^[22m[39m[31m
[1m^[22m[39m[31m[1m^[22m[39m[31m[1m^[22m[39
m[31m[1m^[22m[39m[31m[1m^[22m[39m
 [90m 11 |[39m [36mimport[39m { 
[33mCopyShader[39m } [36mfrom[39m [32m'three/addo
ns/shaders/CopyShader.js'[39m[33m;[39m
 [90m 12 |[39m [36mimport[39m { 
[33mLinearFilter[39m[33m,[39m 
[33mVector2[39m[33m,[39m 
[33mWebGLRenderTarget[39m } [36mfrom[39m 
[32m'three'[39m[33m;[39m
 [90m 13 |[39m[0m



Import traces:
  Client Component Browser:
    
./components/experience/hooks/usePostProcessing.ts 
[Client Component Browser]
    
./components/experience/scenes/District/District.tsx 
[Client Component Browser]
    ./components/experience/scenes/District/DistrictSc
ene.tsx [Client Component Browser]
    ./components/experience/ExperienceRoot.tsx 
[Client Component Browser]
    ./components/experience/ExperienceRoot.tsx 
[Server Component]
    ./app/experience/page.tsx [Server Component]

  Client Component SSR:
    
./components/experience/hooks/usePostProcessing.ts 
[Client Component SSR]
    
./components/experience/scenes/District/District.tsx 
[Client Component SSR]
    ./components/experience/scenes/District/DistrictSc
ene.tsx [Client Component SSR]
    ./components/experience/ExperienceRoot.tsx 
[Client Component SSR]
    ./components/experience/ExperienceRoot.tsx 
[Server Component]
    ./app/experience/page.tsx [Server Component]

https://nextjs.org/docs/messages/module-not-found


./components/experience/hooks/usePostProcessing.ts:11:
1
Module not found: Can't resolve 
'three/addons/shaders/CopyShader.js'
[0m [90m  9 |[39m [36mimport[39m { 
[33mSavePass[39m } [36mfrom[39m [32m'three/addons
/postprocessing/SavePass.js'[39m[33m;[39m
 [90m 10 |[39m [36mimport[39m { 
[33mBlendShader[39m } [36mfrom[39m [32m'three/add
ons/shaders/BlendShader.js'[39m[33m;[39m
[31m[1m>[22m[39m[90m 11 |[39m [36mimport[39m 
{ [33mCopyShader[39m } [36mfrom[39m [32m'three/ad
dons/shaders/CopyShader.js'[39m[33m;[39m
 [90m    |[39m [31m[1m^[22m[39m[31m[1m^[22m[
39m[31m[1m^[22m[39m[31m[1m^[22m[39m[31m[1m^
[22m[39m[31m[1m^[22m[39m[31m[1m^[22m[39m[31m
[1m^[22m[39m[31m[1m^[22m[39m[31m[1m^[22m[39
m[31m[1m^[22m[39m[31m[1m^[22m[39m[31m[1m^[2
2m[39m[31m[1m^[22m[39m[31m[1m^[22m[39m[31m[
1m^[22m[39m[31m[1m^[22m[39m[31m[1m^[22m[39m
[31m[1m^[22m[39m[31m[1m^[22m[39m[31m[1m^[22m
[39m[31m[1m^[22m[39m[31m[1m^[22m[39m[31m[1m
^[22m[39m[31m[1m^[22m[39m[31m[1m^[22m[39m[3
1m[1m^[22m[39m[31m[1m^[22m[39m[31m[1m^[22m[
39m[31m[1m^[22m[39m[31m[1m^[22m[39m[31m[1m^
[22m[39m[31m[1m^[22m[39m[31m[1m^[22m[39m[31m
[1m^[22m[39m[31m[1m^[22m[39m[31m[1m^[22m[39
m[31m[1m^[22m[39m[31m[1m^[22m[39m[31m[1m^[2
2m[39m[31m[1m^[22m[39m[31m[1m^[22m[39m[31m[
1m^[22m[39m[31m[1m^[22m[39m[31m[1m^[22m[39m
[31m[1m^[22m[39m[31m[1m^[22m[39m[31m[1m^[22m
[39m[31m[1m^[22m[39m[31m[1m^[22m[39m[31m[1m
^[22m[39m[31m[1m^[22m[39m[31m[1m^[22m[39m[3
1m[1m^[22m[39m[31m[1m^[22m[39m[31m[1m^[22m[
39m[31m[1m^[22m[39m[31m[1m^[22m[39m[31m[1m^
[22m[39m[31m[1m^[22m[39m[31m[1m^[22m[39m[31m
[1m^[22m[39m[31m[1m^[22m[39m[31m[1m^[22m[39
m
 [90m 12 |[39m [36mimport[39m { 
[33mLinearFilter[39m[33m,[39m 
[33mVector2[39m[33m,[39m 
[33mWebGLRenderTarget[39m } [36mfrom[39m 
[32m'three'[39m[33m;[39m
 [90m 13 |[39m
 [90m 14 |[39m [90m// Base Composer for 
post-processing[39m[0m



Import traces:
  Client Component Browser:
    
./components/experience/hooks/usePostProcessing.ts 
[Client Component Browser]
    
./components/experience/scenes/District/District.tsx 
[Client Component Browser]
    ./components/experience/scenes/District/DistrictSc
ene.tsx [Client Component Browser]
    ./components/experience/ExperienceRoot.tsx 
[Client Component Browser]
    ./components/experience/ExperienceRoot.tsx 
[Server Component]
    ./app/experience/page.tsx [Server Component]

  Client Component SSR:
    
./components/experience/hooks/usePostProcessing.ts 
[Client Component SSR]
    
./components/experience/scenes/District/District.tsx 
[Client Component SSR]
    ./components/experience/scenes/District/DistrictSc
ene.tsx [Client Component SSR]
    ./components/experience/ExperienceRoot.tsx 
[Client Component SSR]
    ./components/experience/ExperienceRoot.tsx 
[Server Component]
    ./app/experience/page.tsx [Server Component]

https://nextjs.org/docs/messages/module-not-found


./components/experience/core/SceneManager.tsx:2:1
Module not found: Can't resolve 'zustand'
[0m [90m 1 |[39m [36mimport[39m { 
[33mQuaternion[39m[33m,[39m [33mVector3[39m } 
[36mfrom[39m [32m'three'[39m[33m;[39m
[31m[1m>[22m[39m[90m 2 |[39m [36mimport[39m { 
create } [36mfrom[39m [32m'zustand'[39m[33m;[39m
 [90m   |[39m [31m[1m^[22m[39m[31m[1m^[22m[3
9m[31m[1m^[22m[39m[31m[1m^[22m[39m[31m[1m^[
22m[39m[31m[1m^[22m[39m[31m[1m^[22m[39m[31m
[1m^[22m[39m[31m[1m^[22m[39m[31m[1m^[22m[39m
[31m[1m^[22m[39m[31m[1m^[22m[39m[31m[1m^[22
m[39m[31m[1m^[22m[39m[31m[1m^[22m[39m[31m[1
m^[22m[39m[31m[1m^[22m[39m[31m[1m^[22m[39m[
31m[1m^[22m[39m[31m[1m^[22m[39m[31m[1m^[22m
[39m[31m[1m^[22m[39m[31m[1m^[22m[39m[31m[1m^
[22m[39m[31m[1m^[22m[39m[31m[1m^[22m[39m[31
m[1m^[22m[39m[31m[1m^[22m[39m[31m[1m^[22m[3
9m[31m[1m^[22m[39m[31m[1m^[22m[39m[31m[1m^[
22m[39m[31m[1m^[22m[39m
 [90m 3 |[39m [36mimport[39m { 
[33mSCENE_MANAGER[39m } [36mfrom[39m 
[32m'../config/config'[39m[33m;[39m
 [90m 4 |[39m
 [90m 5 |[39m [36mexport[39m type 
[33mSceneType[39m [33m=[39m [36mtypeof[39m [33m
SCENE_MANAGER[39m[33m.[39m[33mSCENE_ORDER[39m[num
ber][33m;[39m[0m



Import traces:
  Client Component Browser:
    ./components/experience/core/SceneManager.tsx 
[Client Component Browser]
    ./components/experience/ExperienceRoot.tsx 
[Client Component Browser]
    ./components/experience/ExperienceRoot.tsx 
[Server Component]
    ./app/experience/page.tsx [Server Component]

  Client Component SSR:
    ./components/experience/core/SceneManager.tsx 
[Client Component SSR]
    ./components/experience/ExperienceRoot.tsx 
[Client Component SSR]
    ./components/experience/ExperienceRoot.tsx 
[Server Component]
    ./app/experience/page.tsx [Server Component]

https://nextjs.org/docs/messages/module-not-found


    at <unknown> (./app/experience/page.tsx:3:24)
    at <unknown> 
(https://nextjs.org/docs/messages/module-not-found)
    at <unknown> 
(https://nextjs.org/docs/messages/module-not-found)
    at <unknown> 
(https://nextjs.org/docs/messages/module-not-found)
    at <unknown> 
(./components/experience/ui/NavigationHint.tsx:4:1)
    at <unknown> 
(https://nextjs.org/docs/messages/module-not-found)
    at <unknown> 
(./components/experience/ui/NavigationHint.tsx:5:1)
    at <unknown> 
(https://nextjs.org/docs/messages/module-not-found)
    at <unknown> 
(./components/experience/ui/NavigationHint.tsx:6:1)
    at <unknown> 
(https://nextjs.org/docs/messages/module-not-found)
    at <unknown> 
(./components/experience/ExperienceRoot.tsx:4:1)
    at <unknown> 
(https://nextjs.org/docs/messages/module-not-found)
    at <unknown> 
(./components/experience/core/AssetManager.tsx:2:1)
    at <unknown> 
(https://nextjs.org/docs/messages/module-not-found)
    at <unknown> 
(./components/experience/scenes/Galaxy/Galaxy.tsx:1:1)
    at <unknown> 
(https://nextjs.org/docs/messages/module-not-found)
    at <unknown> (./components/experience/scenes/Room/
Device/Monitor.tsx:3:1)
    at <unknown> 
(https://nextjs.org/docs/messages/module-not-found)
    at <unknown> (./components/experience/scenes/Room/
Device/Phone.tsx:3:1)
    at <unknown> 
(https://nextjs.org/docs/messages/module-not-found)
    at <unknown> 
(./components/experience/scenes/Room/Room.tsx:5:1)
    at <unknown> 
(https://nextjs.org/docs/messages/module-not-found)
    at <unknown> 
(./components/experience/ExperienceRoot.tsx:3:1)
    at <unknown> 
(https://nextjs.org/docs/messages/module-not-found)
    at <unknown> 
(./components/experience/core/AssetManager.tsx:4:1)
    at <unknown> 
(https://nextjs.org/docs/messages/module-not-found)
    at <unknown> (./components/experience/core/ScenePr
ecompiler.tsx:1:1)
    at <unknown> 
(https://nextjs.org/docs/messages/module-not-found)
    at <unknown> (./components/experience/hooks/usePos
tProcessing.ts:1:1)
    at <unknown> 
(https://nextjs.org/docs/messages/module-not-found)
    at <unknown> 
(./components/experience/scenes/City/City.tsx:2:1)
    at <unknown> 
(https://nextjs.org/docs/messages/module-not-found)
    at <unknown> (./components/experience/scenes/Conti
nent/Continent.tsx:2:1)
    at <unknown> 
(https://nextjs.org/docs/messages/module-not-found)
    at <unknown> (./components/experience/scenes/Distr
ict/District.tsx:2:1)
    at <unknown> 
(https://nextjs.org/docs/messages/module-not-found)
    at <unknown> 
(./components/experience/scenes/Galaxy/Galaxy.tsx:3:1)
    at <unknown> 
(https://nextjs.org/docs/messages/module-not-found)
    at <unknown> 
(./components/experience/scenes/Room/Room.tsx:2:1)
    at <unknown> 
(https://nextjs.org/docs/messages/module-not-found)
    at <unknown> (./components/experience/scenes/Solar
System/Components/Planet.tsx:2:1)
    at <unknown> 
(https://nextjs.org/docs/messages/module-not-found)
    at <unknown> (./components/experience/scenes/Solar
System/Components/Stars.tsx:2:1)
    at <unknown> 
(https://nextjs.org/docs/messages/module-not-found)
    at <unknown> (./components/experience/scenes/Solar
System/Components/Sun.tsx:2:1)
    at <unknown> 
(https://nextjs.org/docs/messages/module-not-found)
    at <unknown> (./components/experience/scenes/Solar
System/Earth.tsx:2:1)
    at <unknown> 
(https://nextjs.org/docs/messages/module-not-found)
    at <unknown> (./components/experience/scenes/Solar
System/SolarSystem.tsx:1:1)
    at <unknown> 
(https://nextjs.org/docs/messages/module-not-found)
    at <unknown> 
(./components/sentient-sphere.tsx:4:1)
    at <unknown> 
(https://nextjs.org/docs/messages/module-not-found)
    at <unknown> (./components/about.tsx:4:1)
    at <unknown> 
(https://nextjs.org/docs/messages/module-not-found)
    at <unknown> (./components/custom-cursor.tsx:4:1)
    at <unknown> 
(https://nextjs.org/docs/messages/module-not-found)
    at <unknown> (./components/footer.tsx:4:1)
    at <unknown> 
(https://nextjs.org/docs/messages/module-not-found)
    at <unknown> (./components/hero.tsx:4:1)
    at <unknown> 
(https://nextjs.org/docs/messages/module-not-found)
    at <unknown> (./components/navbar.tsx:4:1)
    at <unknown> 
(https://nextjs.org/docs/messages/module-not-found)
    at <unknown> (./components/tech-marquee.tsx:3:1)
    at <unknown> 
(https://nextjs.org/docs/messages/module-not-found)
    at <unknown> (./components/works.tsx:6:1)
    at <unknown> 
(https://nextjs.org/docs/messages/module-not-found)
    at <unknown> 
(./components/experience/scenes/City/City.tsx:4:1)
    at <unknown> 
(https://nextjs.org/docs/messages/module-not-found)
    at <unknown> (./components/experience/scenes/Conti
nent/Continent.tsx:4:1)
    at <unknown> 
(https://nextjs.org/docs/messages/module-not-found)
    at <unknown> (./components/experience/scenes/Distr
ict/District.tsx:4:1)
    at <unknown> 
(https://nextjs.org/docs/messages/module-not-found)
    at <unknown> 
(./components/experience/scenes/Galaxy/Galaxy.tsx:7:1)
    at <unknown> 
(https://nextjs.org/docs/messages/module-not-found)
    at <unknown> 
(./components/experience/scenes/Room/Room.tsx:4:1)
    at <unknown> 
(https://nextjs.org/docs/messages/module-not-found)
    at <unknown> (./components/experience/scenes/Solar
System/Earth.tsx:5:1)
    at <unknown> 
(https://nextjs.org/docs/messages/module-not-found)
    at <unknown> (./components/experience/scenes/Solar
System/SolarSystem.tsx:7:1)
    at <unknown> 
(https://nextjs.org/docs/messages/module-not-found)
    at <unknown> (./components/smooth-scroll.tsx:3:1)
    at <unknown> 
(https://nextjs.org/docs/messages/module-not-found)
    at <unknown> (./tailwind.config.js:107:13)
    at <unknown> 
(https://nextjs.org/docs/messages/module-not-found)
    at <unknown> 
(./components/experience/ExperienceRoot.tsx:17:1)
    at <unknown> 
(https://nextjs.org/docs/messages/module-not-found)
    at <unknown> 
(./components/experience/config/config.tsx:1:1)
    at <unknown> 
(https://nextjs.org/docs/messages/module-not-found)
    at <unknown> 
(./components/experience/core/AssetManager.tsx:5:1)
    at <unknown> 
(https://nextjs.org/docs/messages/module-not-found)
    at <unknown> (./components/experience/core/ScenePr
ecompiler.tsx:3:1)
    at <unknown> 
(https://nextjs.org/docs/messages/module-not-found)
    at <unknown> (./components/experience/hooks/usePos
tProcessing.ts:12:1)
    at <unknown> 
(https://nextjs.org/docs/messages/module-not-found)
    at <unknown> 
(./components/experience/scenes/City/City.tsx:11:1)
    at <unknown> 
(https://nextjs.org/docs/messages/module-not-found)
    at <unknown> (./components/experience/scenes/Conti
nent/Continent.tsx:11:1)
    at <unknown> 
(https://nextjs.org/docs/messages/module-not-found)
    at <unknown> (./components/experience/scenes/Distr
ict/District.tsx:11:1)
    at <unknown> 
(https://nextjs.org/docs/messages/module-not-found)
    at <unknown> (./components/experience/scenes/Galax
y/Galaxy.tsx:13:1)
    at <unknown> 
(https://nextjs.org/docs/messages/module-not-found)
    at <unknown> (./components/experience/scenes/Room/
Device/Monitor.tsx:5:1)
    at <unknown> 
(https://nextjs.org/docs/messages/module-not-found)
    at <unknown> (./components/experience/scenes/Room/
Device/Phone.tsx:7:1)
    at <unknown> 
(https://nextjs.org/docs/messages/module-not-found)
    at <unknown> 
(./components/experience/scenes/Room/Room.tsx:13:1)
    at <unknown> 
(https://nextjs.org/docs/messages/module-not-found)
    at <unknown> (./components/experience/scenes/Solar
System/Components/Nebula.tsx:3:1)
    at <unknown> 
(https://nextjs.org/docs/messages/module-not-found)
    at <unknown> (./components/experience/scenes/Solar
System/Components/Planet.tsx:3:1)
    at <unknown> 
(https://nextjs.org/docs/messages/module-not-found)
    at <unknown> (./components/experience/scenes/Solar
System/Components/Stars.tsx:4:1)
    at <unknown> 
(https://nextjs.org/docs/messages/module-not-found)
    at <unknown> (./components/experience/scenes/Solar
System/Components/Sun.tsx:5:1)
    at <unknown> 
(https://nextjs.org/docs/messages/module-not-found)
    at <unknown> (./components/experience/scenes/Solar
System/Earth.tsx:10:1)
    at <unknown> 
(https://nextjs.org/docs/messages/module-not-found)
    at <unknown> 
(./components/sentient-sphere.tsx:5:1)
    at <unknown> 
(https://nextjs.org/docs/messages/module-not-found)
    at <unknown> (./components/experience/hooks/usePos
tProcessing.ts:4:1)
    at <unknown> 
(https://nextjs.org/docs/messages/module-not-found)
    at <unknown> (./components/experience/hooks/usePos
tProcessing.ts:7:1)
    at <unknown> 
(https://nextjs.org/docs/messages/module-not-found)
    at <unknown> (./components/experience/hooks/usePos
tProcessing.ts:5:1)
    at <unknown> 
(https://nextjs.org/docs/messages/module-not-found)
    at <unknown> (./components/experience/hooks/usePos
tProcessing.ts:9:1)
    at <unknown> 
(https://nextjs.org/docs/messages/module-not-found)
    at <unknown> (./components/experience/hooks/usePos
tProcessing.ts:8:1)
    at <unknown> 
(https://nextjs.org/docs/messages/module-not-found)
    at <unknown> (./components/experience/hooks/usePos
tProcessing.ts:6:1)
    at <unknown> 
(https://nextjs.org/docs/messages/module-not-found)
    at <unknown> (./components/experience/hooks/usePos
tProcessing.ts:10:1)
    at <unknown> 
(https://nextjs.org/docs/messages/module-not-found)
    at <unknown> (./components/experience/hooks/usePos
tProcessing.ts:11:1)
    at <unknown> 
(https://nextjs.org/docs/messages/module-not-found)
    at <unknown> 
(./components/experience/core/SceneManager.tsx:2:1)
    at <unknown> 
(https://nextjs.org/docs/messages/module-not-found)
