bash: ./node_modules/.bin/tsc: No such file or directory
